FQBN: esp32:esp32:XIAO_ESP32C3
Using board 'XIAO_ESP32C3' from platform in folder: C:\Users\jferb\AppData\Local\Arduino15\packages\esp32\hardware\esp32\3.3.7
Using core 'esp32' from platform in folder: C:\Users\jferb\AppData\Local\Arduino15\packages\esp32\hardware\esp32\3.3.7

cmd /c if exist "G:\\My Drive\\esp32\\Controler html\\DefaultcatV2.6\\fcon1.1\\partitions.csv" COPY /y "G:\\My Drive\\esp32\\Controler html\\DefaultcatV2.6\\fcon1.1\\partitions.csv" "G:\\My Drive\\esp32\\Controler html\\DefaultcatV2.6\\fcon1.1\\build\\partitions.csv"
cmd /c if not exist "G:\\My Drive\\esp32\\Controler html\\DefaultcatV2.6\\fcon1.1\\build\\partitions.csv" if exist "C:\\Users\\jferb\\AppData\\Local\\Arduino15\\packages\\esp32\\hardware\\esp32\\3.3.7\\variants\\XIAO_ESP32C3\\partitions.csv" COPY "C:\\Users\\jferb\\AppData\\Local\\Arduino15\\packages\\esp32\\hardware\\esp32\\3.3.7\\variants\\XIAO_ESP32C3\\partitions.csv" "G:\\My Drive\\esp32\\Controler html\\DefaultcatV2.6\\fcon1.1\\build\\partitions.csv"
cmd /c if not exist "G:\\My Drive\\esp32\\Controler html\\DefaultcatV2.6\\fcon1.1\\build\\partitions.csv" COPY "C:\\Users\\jferb\\AppData\\Local\\Arduino15\\packages\\esp32\\hardware\\esp32\\3.3.7\\tools\\partitions\\default.csv" "G:\\My Drive\\esp32\\Controler html\\DefaultcatV2.6\\fcon1.1\\build\\partitions.csv"
cmd /c IF EXIST "G:\\My Drive\\esp32\\Controler html\\DefaultcatV2.6\\fcon1.1\\bootloader.bin" ( COPY /y "G:\\My Drive\\esp32\\Controler html\\DefaultcatV2.6\\fcon1.1\\bootloader.bin" "G:\\My Drive\\esp32\\Controler html\\DefaultcatV2.6\\fcon1.1\\build\\fcon1.1.ino.bootloader.bin" ) ELSE ( IF EXIST "C:\\Users\\jferb\\AppData\\Local\\Arduino15\\packages\\esp32\\hardware\\esp32\\3.3.7\\variants\\XIAO_ESP32C3\\bootloader.bin" ( COPY "C:\\Users\\jferb\\AppData\\Local\\Arduino15\\packages\\esp32\\hardware\\esp32\\3.3.7\\variants\\XIAO_ESP32C3\\bootloader.bin" "G:\\My Drive\\esp32\\Controler html\\DefaultcatV2.6\\fcon1.1\\build\\fcon1.1.ino.bootloader.bin" ) ELSE ( "C:\\Users\\jferb\\AppData\\Local\\Arduino15\\packages\\esp32\\tools\\esptool_py\\5.1.0\\esptool.exe" --chip esp32c3 elf2image --flash-mode dio --flash-freq 80m --flash-size 4MB -o "G:\\My Drive\\esp32\\Controler html\\DefaultcatV2.6\\fcon1.1\\build\\fcon1.1.ino.bootloader.bin" "C:\\Users\\jferb\\AppData\\Local\\Arduino15\\packages\\esp32\\tools\\esp32c3-libs\\3.3.7\\bin\\bootloader_qio_80m.elf" ) )
esptool v5.1.0
Creating ESP32C3 image...
Merged 2 ELF sections.
Successfully created ESP32C3 image.
cmd /c if exist "G:\\My Drive\\esp32\\Controler html\\DefaultcatV2.6\\fcon1.1\\build_opt.h" COPY /y "G:\\My Drive\\esp32\\Controler html\\DefaultcatV2.6\\fcon1.1\\build_opt.h" "G:\\My Drive\\esp32\\Controler html\\DefaultcatV2.6\\fcon1.1\\build\\build_opt.h"
cmd /c if not exist "G:\\My Drive\\esp32\\Controler html\\DefaultcatV2.6\\fcon1.1\\build\\build_opt.h" type nul > "G:\\My Drive\\esp32\\Controler html\\DefaultcatV2.6\\fcon1.1\\build\\build_opt.h"
cmd /c type nul > "G:\\My Drive\\esp32\\Controler html\\DefaultcatV2.6\\fcon1.1\\build/file_opts"
cmd /c COPY /y "C:\\Users\\jferb\\AppData\\Local\\Arduino15\\packages\\esp32\\tools\\esp32c3-libs\\3.3.7\\sdkconfig" "G:\\My Drive\\esp32\\Controler html\\DefaultcatV2.6\\fcon1.1\\build\\sdkconfig"
        1 file(s) copied.
Detecting libraries used...
C:\Users\jferb\AppData\Local\Arduino15\packages\esp32\tools\esp-rv32\2511/bin/riscv32-esp-elf-g++ -c @C:\Users\jferb\AppData\Local\Arduino15\packages\esp32\tools\esp32c3-libs\3.3.7/flags/cpp_flags -w -Os -Werror=return-type -w -x c++ -E -CC -DF_CPU=160000000L -DARDUINO=10607 -DARDUINO_XIAO_ESP32C3 -DARDUINO_ARCH_ESP32 -DARDUINO_BOARD="XIAO_ESP32C3" -DARDUINO_VARIANT="XIAO_ESP32C3" -DARDUINO_PARTITION_default -DARDUINO_HOST_OS="windows" -DARDUINO_FQBN="esp32:esp32:XIAO_ESP32C3" -DESP32=ESP32 -DCORE_DEBUG_LEVEL=0 -DARDUINO_USB_MODE=1 -DARDUINO_USB_CDC_ON_BOOT=1 @C:\Users\jferb\AppData\Local\Arduino15\packages\esp32\tools\esp32c3-libs\3.3.7/flags/defines -IG:\My Drive\esp32\Controler html\DefaultcatV2.6\fcon1.1 -iprefix C:\Users\jferb\AppData\Local\Arduino15\packages\esp32\tools\esp32c3-libs\3.3.7/include/ @C:\Users\jferb\AppData\Local\Arduino15\packages\esp32\tools\esp32c3-libs\3.3.7/flags/includes -IC:\Users\jferb\AppData\Local\Arduino15\packages\esp32\tools\esp32c3-libs\3.3.7/qio_qspi/include -IC:\Users\jferb\AppData\Local\Arduino15\packages\esp32\hardware\esp32\3.3.7\cores\esp32 -IC:\Users\jferb\AppData\Local\Arduino15\packages\esp32\hardware\esp32\3.3.7\variants\XIAO_ESP32C3 @G:\My Drive\esp32\Controler html\DefaultcatV2.6\fcon1.1\build/build_opt.h @G:\My Drive\esp32\Controler html\DefaultcatV2.6\fcon1.1\build/file_opts G:\My Drive\esp32\Controler html\DefaultcatV2.6\fcon1.1\build\sketch\fcon1.1.ino.cpp -o nul
Alternatives for BLEDevice.h: [BLE@3.3.7]
ResolveLibrary(BLEDevice.h)
  -> candidates: [BLE@3.3.7]
C:\Users\jferb\AppData\Local\Arduino15\packages\esp32\tools\esp-rv32\2511/bin/riscv32-esp-elf-g++ -c @C:\Users\jferb\AppData\Local\Arduino15\packages\esp32\tools\esp32c3-libs\3.3.7/flags/cpp_flags -w -Os -Werror=return-type -w -x c++ -E -CC -DF_CPU=160000000L -DARDUINO=10607 -DARDUINO_XIAO_ESP32C3 -DARDUINO_ARCH_ESP32 -DARDUINO_BOARD="XIAO_ESP32C3" -DARDUINO_VARIANT="XIAO_ESP32C3" -DARDUINO_PARTITION_default -DARDUINO_HOST_OS="windows" -DARDUINO_FQBN="esp32:esp32:XIAO_ESP32C3" -DESP32=ESP32 -DCORE_DEBUG_LEVEL=0 -DARDUINO_USB_MODE=1 -DARDUINO_USB_CDC_ON_BOOT=1 @C:\Users\jferb\AppData\Local\Arduino15\packages\esp32\tools\esp32c3-libs\3.3.7/flags/defines -IG:\My Drive\esp32\Controler html\DefaultcatV2.6\fcon1.1 -iprefix C:\Users\jferb\AppData\Local\Arduino15\packages\esp32\tools\esp32c3-libs\3.3.7/include/ @C:\Users\jferb\AppData\Local\Arduino15\packages\esp32\tools\esp32c3-libs\3.3.7/flags/includes -IC:\Users\jferb\AppData\Local\Arduino15\packages\esp32\tools\esp32c3-libs\3.3.7/qio_qspi/include -IC:\Users\jferb\AppData\Local\Arduino15\packages\esp32\hardware\esp32\3.3.7\cores\esp32 -IC:\Users\jferb\AppData\Local\Arduino15\packages\esp32\hardware\esp32\3.3.7\variants\XIAO_ESP32C3 -IC:\Users\jferb\AppData\Local\Arduino15\packages\esp32\hardware\esp32\3.3.7\libraries\BLE\src @G:\My Drive\esp32\Controler html\DefaultcatV2.6\fcon1.1\build/build_opt.h @G:\My Drive\esp32\Controler html\DefaultcatV2.6\fcon1.1\build/file_opts G:\My Drive\esp32\Controler html\DefaultcatV2.6\fcon1.1\build\sketch\fcon1.1.ino.cpp -o nul
Alternatives for Preferences.h: [Preferences@3.3.7]
ResolveLibrary(Preferences.h)
  -> candidates: [Preferences@3.3.7]
C:\Users\jferb\AppData\Local\Arduino15\packages\esp32\tools\esp-rv32\2511/bin/riscv32-esp-elf-g++ -c @C:\Users\jferb\AppData\Local\Arduino15\packages\esp32\tools\esp32c3-libs\3.3.7/flags/cpp_flags -w -Os -Werror=return-type -w -x c++ -E -CC -DF_CPU=160000000L -DARDUINO=10607 -DARDUINO_XIAO_ESP32C3 -DARDUINO_ARCH_ESP32 -DARDUINO_BOARD="XIAO_ESP32C3" -DARDUINO_VARIANT="XIAO_ESP32C3" -DARDUINO_PARTITION_default -DARDUINO_HOST_OS="windows" -DARDUINO_FQBN="esp32:esp32:XIAO_ESP32C3" -DESP32=ESP32 -DCORE_DEBUG_LEVEL=0 -DARDUINO_USB_MODE=1 -DARDUINO_USB_CDC_ON_BOOT=1 @C:\Users\jferb\AppData\Local\Arduino15\packages\esp32\tools\esp32c3-libs\3.3.7/flags/defines -IG:\My Drive\esp32\Controler html\DefaultcatV2.6\fcon1.1 -iprefix C:\Users\jferb\AppData\Local\Arduino15\packages\esp32\tools\esp32c3-libs\3.3.7/include/ @C:\Users\jferb\AppData\Local\Arduino15\packages\esp32\tools\esp32c3-libs\3.3.7/flags/includes -IC:\Users\jferb\AppData\Local\Arduino15\packages\esp32\tools\esp32c3-libs\3.3.7/qio_qspi/include -IC:\Users\jferb\AppData\Local\Arduino15\packages\esp32\hardware\esp32\3.3.7\cores\esp32 -IC:\Users\jferb\AppData\Local\Arduino15\packages\esp32\hardware\esp32\3.3.7\variants\XIAO_ESP32C3 -IC:\Users\jferb\AppData\Local\Arduino15\packages\esp32\hardware\esp32\3.3.7\libraries\BLE\src -IC:\Users\jferb\AppData\Local\Arduino15\packages\esp32\hardware\esp32\3.3.7\libraries\Preferences\src @G:\My Drive\esp32\Controler html\DefaultcatV2.6\fcon1.1\build/build_opt.h @G:\My Drive\esp32\Controler html\DefaultcatV2.6\fcon1.1\build/file_opts G:\My Drive\esp32\Controler html\DefaultcatV2.6\fcon1.1\build\sketch\fcon1.1.ino.cpp -o nul
C:\Users\jferb\AppData\Local\Arduino15\packages\esp32\tools\esp-rv32\2511/bin/riscv32-esp-elf-g++ -c @C:\Users\jferb\AppData\Local\Arduino15\packages\esp32\tools\esp32c3-libs\3.3.7/flags/cpp_flags -w -Os -Werror=return-type -w -x c++ -E -CC -DF_CPU=160000000L -DARDUINO=10607 -DARDUINO_XIAO_ESP32C3 -DARDUINO_ARCH_ESP32 -DARDUINO_BOARD="XIAO_ESP32C3" -DARDUINO_VARIANT="XIAO_ESP32C3" -DARDUINO_PARTITION_default -DARDUINO_HOST_OS="windows" -DARDUINO_FQBN="esp32:esp32:XIAO_ESP32C3" -DESP32=ESP32 -DCORE_DEBUG_LEVEL=0 -DARDUINO_USB_MODE=1 -DARDUINO_USB_CDC_ON_BOOT=1 @C:\Users\jferb\AppData\Local\Arduino15\packages\esp32\tools\esp32c3-libs\3.3.7/flags/defines -IG:\My Drive\esp32\Controler html\DefaultcatV2.6\fcon1.1 -iprefix C:\Users\jferb\AppData\Local\Arduino15\packages\esp32\tools\esp32c3-libs\3.3.7/include/ @C:\Users\jferb\AppData\Local\Arduino15\packages\esp32\tools\esp32c3-libs\3.3.7/flags/includes -IC:\Users\jferb\AppData\Local\Arduino15\packages\esp32\tools\esp32c3-libs\3.3.7/qio_qspi/include -IC:\Users\jferb\AppData\Local\Arduino15\packages\esp32\hardware\esp32\3.3.7\cores\esp32 -IC:\Users\jferb\AppData\Local\Arduino15\packages\esp32\hardware\esp32\3.3.7\variants\XIAO_ESP32C3 -IC:\Users\jferb\AppData\Local\Arduino15\packages\esp32\hardware\esp32\3.3.7\libraries\BLE\src -IC:\Users\jferb\AppData\Local\Arduino15\packages\esp32\hardware\esp32\3.3.7\libraries\Preferences\src @G:\My Drive\esp32\Controler html\DefaultcatV2.6\fcon1.1\build/build_opt.h @G:\My Drive\esp32\Controler html\DefaultcatV2.6\fcon1.1\build/file_opts C:\Users\jferb\AppData\Local\Arduino15\packages\esp32\hardware\esp32\3.3.7\libraries\BLE\src\BLE2901.cpp -o nul
C:\Users\jferb\AppData\Local\Arduino15\packages\esp32\tools\esp-rv32\2511/bin/riscv32-esp-elf-g++ -c @C:\Users\jferb\AppData\Local\Arduino15\packages\esp32\tools\esp32c3-libs\3.3.7/flags/cpp_flags -w -Os -Werror=return-type -w -x c++ -E -CC -DF_CPU=160000000L -DARDUINO=10607 -DARDUINO_XIAO_ESP32C3 -DARDUINO_ARCH_ESP32 -DARDUINO_BOARD="XIAO_ESP32C3" -DARDUINO_VARIANT="XIAO_ESP32C3" -DARDUINO_PARTITION_default -DARDUINO_HOST_OS="windows" -DARDUINO_FQBN="esp32:esp32:XIAO_ESP32C3" -DESP32=ESP32 -DCORE_DEBUG_LEVEL=0 -DARDUINO_USB_MODE=1 -DARDUINO_USB_CDC_ON_BOOT=1 @C:\Users\jferb\AppData\Local\Arduino15\packages\esp32\tools\esp32c3-libs\3.3.7/flags/defines -IG:\My Drive\esp32\Controler html\DefaultcatV2.6\fcon1.1 -iprefix C:\Users\jferb\AppData\Local\Arduino15\packages\esp32\tools\esp32c3-libs\3.3.7/include/ @C:\Users\jferb\AppData\Local\Arduino15\packages\esp32\tools\esp32c3-libs\3.3.7/flags/includes -IC:\Users\jferb\AppData\Local\Arduino15\packages\esp32\tools\esp32c3-libs\3.3.7/qio_qspi/include -IC:\Users\jferb\AppData\Local\Arduino15\packages\esp32\hardware\esp32\3.3.7\cores\esp32 -IC:\Users\jferb\AppData\Local\Arduino15\packages\esp32\hardware\esp32\3.3.7\variants\XIAO_ESP32C3 -IC:\Users\jferb\AppData\Local\Arduino15\packages\esp32\hardware\esp32\3.3.7\libraries\BLE\src -IC:\Users\jferb\AppData\Local\Arduino15\packages\esp32\hardware\esp32\3.3.7\libraries\Preferences\src @G:\My Drive\esp32\Controler html\DefaultcatV2.6\fcon1.1\build/build_opt.h @G:\My Drive\esp32\Controler html\DefaultcatV2.6\fcon1.1\build/file_opts C:\Users\jferb\AppData\Local\Arduino15\packages\esp32\hardware\esp32\3.3.7\libraries\BLE\src\BLE2902.cpp -o nul
C:\Users\jferb\AppData\Local\Arduino15\packages\esp32\tools\esp-rv32\2511/bin/riscv32-esp-elf-g++ -c @C:\Users\jferb\AppData\Local\Arduino15\packages\esp32\tools\esp32c3-libs\3.3.7/flags/cpp_flags -w -Os -Werror=return-type -w -x c++ -E -CC -DF_CPU=160000000L -DARDUINO=10607 -DARDUINO_XIAO_ESP32C3 -DARDUINO_ARCH_ESP32 -DARDUINO_BOARD="XIAO_ESP32C3" -DARDUINO_VARIANT="XIAO_ESP32C3" -DARDUINO_PARTITION_default -DARDUINO_HOST_OS="windows" -DARDUINO_FQBN="esp32:esp32:XIAO_ESP32C3" -DESP32=ESP32 -DCORE_DEBUG_LEVEL=0 -DARDUINO_USB_MODE=1 -DARDUINO_USB_CDC_ON_BOOT=1 @C:\Users\jferb\AppData\Local\Arduino15\packages\esp32\tools\esp32c3-libs\3.3.7/flags/defines -IG:\My Drive\esp32\Controler html\DefaultcatV2.6\fcon1.1 -iprefix C:\Users\jferb\AppData\Local\Arduino15\packages\esp32\tools\esp32c3-libs\3.3.7/include/ @C:\Users\jferb\AppData\Local\Arduino15\packages\esp32\tools\esp32c3-libs\3.3.7/flags/includes -IC:\Users\jferb\AppData\Local\Arduino15\packages\esp32\tools\esp32c3-libs\3.3.7/qio_qspi/include -IC:\Users\jferb\AppData\Local\Arduino15\packages\esp32\hardware\esp32\3.3.7\cores\esp32 -IC:\Users\jferb\AppData\Local\Arduino15\packages\esp32\hardware\esp32\3.3.7\variants\XIAO_ESP32C3 -IC:\Users\jferb\AppData\Local\Arduino15\packages\esp32\hardware\esp32\3.3.7\libraries\BLE\src -IC:\Users\jferb\AppData\Local\Arduino15\packages\esp32\hardware\esp32\3.3.7\libraries\Preferences\src @G:\My Drive\esp32\Controler html\DefaultcatV2.6\fcon1.1\build/build_opt.h @G:\My Drive\esp32\Controler html\DefaultcatV2.6\fcon1.1\build/file_opts C:\Users\jferb\AppData\Local\Arduino15\packages\esp32\hardware\esp32\3.3.7\libraries\BLE\src\BLE2904.cpp -o nul
C:\Users\jferb\AppData\Local\Arduino15\packages\esp32\tools\esp-rv32\2511/bin/riscv32-esp-elf-g++ -c @C:\Users\jferb\AppData\Local\Arduino15\packages\esp32\tools\esp32c3-libs\3.3.7/flags/cpp_flags -w -Os -Werror=return-type -w -x c++ -E -CC -DF_CPU=160000000L -DARDUINO=10607 -DARDUINO_XIAO_ESP32C3 -DARDUINO_ARCH_ESP32 -DARDUINO_BOARD="XIAO_ESP32C3" -DARDUINO_VARIANT="XIAO_ESP32C3" -DARDUINO_PARTITION_default -DARDUINO_HOST_OS="windows" -DARDUINO_FQBN="esp32:esp32:XIAO_ESP32C3" -DESP32=ESP32 -DCORE_DEBUG_LEVEL=0 -DARDUINO_USB_MODE=1 -DARDUINO_USB_CDC_ON_BOOT=1 @C:\Users\jferb\AppData\Local\Arduino15\packages\esp32\tools\esp32c3-libs\3.3.7/flags/defines -IG:\My Drive\esp32\Controler html\DefaultcatV2.6\fcon1.1 -iprefix C:\Users\jferb\AppData\Local\Arduino15\packages\esp32\tools\esp32c3-libs\3.3.7/include/ @C:\Users\jferb\AppData\Local\Arduino15\packages\esp32\tools\esp32c3-libs\3.3.7/flags/includes -IC:\Users\jferb\AppData\Local\Arduino15\packages\esp32\tools\esp32c3-libs\3.3.7/qio_qspi/include -IC:\Users\jferb\AppData\Local\Arduino15\packages\esp32\hardware\esp32\3.3.7\cores\esp32 -IC:\Users\jferb\AppData\Local\Arduino15\packages\esp32\hardware\esp32\3.3.7\variants\XIAO_ESP32C3 -IC:\Users\jferb\AppData\Local\Arduino15\packages\esp32\hardware\esp32\3.3.7\libraries\BLE\src -IC:\Users\jferb\AppData\Local\Arduino15\packages\esp32\hardware\esp32\3.3.7\libraries\Preferences\src @G:\My Drive\esp32\Controler html\DefaultcatV2.6\fcon1.1\build/build_opt.h @G:\My Drive\esp32\Controler html\DefaultcatV2.6\fcon1.1\build/file_opts C:\Users\jferb\AppData\Local\Arduino15\packages\esp32\hardware\esp32\3.3.7\libraries\BLE\src\BLEAddress.cpp -o nul
C:\Users\jferb\AppData\Local\Arduino15\packages\esp32\tools\esp-rv32\2511/bin/riscv32-esp-elf-g++ -c @C:\Users\jferb\AppData\Local\Arduino15\packages\esp32\tools\esp32c3-libs\3.3.7/flags/cpp_flags -w -Os -Werror=return-type -w -x c++ -E -CC -DF_CPU=160000000L -DARDUINO=10607 -DARDUINO_XIAO_ESP32C3 -DARDUINO_ARCH_ESP32 -DARDUINO_BOARD="XIAO_ESP32C3" -DARDUINO_VARIANT="XIAO_ESP32C3" -DARDUINO_PARTITION_default -DARDUINO_HOST_OS="windows" -DARDUINO_FQBN="esp32:esp32:XIAO_ESP32C3" -DESP32=ESP32 -DCORE_DEBUG_LEVEL=0 -DARDUINO_USB_MODE=1 -DARDUINO_USB_CDC_ON_BOOT=1 @C:\Users\jferb\AppData\Local\Arduino15\packages\esp32\tools\esp32c3-libs\3.3.7/flags/defines -IG:\My Drive\esp32\Controler html\DefaultcatV2.6\fcon1.1 -iprefix C:\Users\jferb\AppData\Local\Arduino15\packages\esp32\tools\esp32c3-libs\3.3.7/include/ @C:\Users\jferb\AppData\Local\Arduino15\packages\esp32\tools\esp32c3-libs\3.3.7/flags/includes -IC:\Users\jferb\AppData\Local\Arduino15\packages\esp32\tools\esp32c3-libs\3.3.7/qio_qspi/include -IC:\Users\jferb\AppData\Local\Arduino15\packages\esp32\hardware\esp32\3.3.7\cores\esp32 -IC:\Users\jferb\AppData\Local\Arduino15\packages\esp32\hardware\esp32\3.3.7\variants\XIAO_ESP32C3 -IC:\Users\jferb\AppData\Local\Arduino15\packages\esp32\hardware\esp32\3.3.7\libraries\BLE\src -IC:\Users\jferb\AppData\Local\Arduino15\packages\esp32\hardware\esp32\3.3.7\libraries\Preferences\src @G:\My Drive\esp32\Controler html\DefaultcatV2.6\fcon1.1\build/build_opt.h @G:\My Drive\esp32\Controler html\DefaultcatV2.6\fcon1.1\build/file_opts C:\Users\jferb\AppData\Local\Arduino15\packages\esp32\hardware\esp32\3.3.7\libraries\BLE\src\BLEAdvertisedDevice.cpp -o nul
C:\Users\jferb\AppData\Local\Arduino15\packages\esp32\tools\esp-rv32\2511/bin/riscv32-esp-elf-g++ -c @C:\Users\jferb\AppData\Local\Arduino15\packages\esp32\tools\esp32c3-libs\3.3.7/flags/cpp_flags -w -Os -Werror=return-type -w -x c++ -E -CC -DF_CPU=160000000L -DARDUINO=10607 -DARDUINO_XIAO_ESP32C3 -DARDUINO_ARCH_ESP32 -DARDUINO_BOARD="XIAO_ESP32C3" -DARDUINO_VARIANT="XIAO_ESP32C3" -DARDUINO_PARTITION_default -DARDUINO_HOST_OS="windows" -DARDUINO_FQBN="esp32:esp32:XIAO_ESP32C3" -DESP32=ESP32 -DCORE_DEBUG_LEVEL=0 -DARDUINO_USB_MODE=1 -DARDUINO_USB_CDC_ON_BOOT=1 @C:\Users\jferb\AppData\Local\Arduino15\packages\esp32\tools\esp32c3-libs\3.3.7/flags/defines -IG:\My Drive\esp32\Controler html\DefaultcatV2.6\fcon1.1 -iprefix C:\Users\jferb\AppData\Local\Arduino15\packages\esp32\tools\esp32c3-libs\3.3.7/include/ @C:\Users\jferb\AppData\Local\Arduino15\packages\esp32\tools\esp32c3-libs\3.3.7/flags/includes -IC:\Users\jferb\AppData\Local\Arduino15\packages\esp32\tools\esp32c3-libs\3.3.7/qio_qspi/include -IC:\Users\jferb\AppData\Local\Arduino15\packages\esp32\hardware\esp32\3.3.7\cores\esp32 -IC:\Users\jferb\AppData\Local\Arduino15\packages\esp32\hardware\esp32\3.3.7\variants\XIAO_ESP32C3 -IC:\Users\jferb\AppData\Local\Arduino15\packages\esp32\hardware\esp32\3.3.7\libraries\BLE\src -IC:\Users\jferb\AppData\Local\Arduino15\packages\esp32\hardware\esp32\3.3.7\libraries\Preferences\src @G:\My Drive\esp32\Controler html\DefaultcatV2.6\fcon1.1\build/build_opt.h @G:\My Drive\esp32\Controler html\DefaultcatV2.6\fcon1.1\build/file_opts C:\Users\jferb\AppData\Local\Arduino15\packages\esp32\hardware\esp32\3.3.7\libraries\BLE\src\BLEAdvertising.cpp -o nul
C:\Users\jferb\AppData\Local\Arduino15\packages\esp32\tools\esp-rv32\2511/bin/riscv32-esp-elf-g++ -c @C:\Users\jferb\AppData\Local\Arduino15\packages\esp32\tools\esp32c3-libs\3.3.7/flags/cpp_flags -w -Os -Werror=return-type -w -x c++ -E -CC -DF_CPU=160000000L -DARDUINO=10607 -DARDUINO_XIAO_ESP32C3 -DARDUINO_ARCH_ESP32 -DARDUINO_BOARD="XIAO_ESP32C3" -DARDUINO_VARIANT="XIAO_ESP32C3" -DARDUINO_PARTITION_default -DARDUINO_HOST_OS="windows" -DARDUINO_FQBN="esp32:esp32:XIAO_ESP32C3" -DESP32=ESP32 -DCORE_DEBUG_LEVEL=0 -DARDUINO_USB_MODE=1 -DARDUINO_USB_CDC_ON_BOOT=1 @C:\Users\jferb\AppData\Local\Arduino15\packages\esp32\tools\esp32c3-libs\3.3.7/flags/defines -IG:\My Drive\esp32\Controler html\DefaultcatV2.6\fcon1.1 -iprefix C:\Users\jferb\AppData\Local\Arduino15\packages\esp32\tools\esp32c3-libs\3.3.7/include/ @C:\Users\jferb\AppData\Local\Arduino15\packages\esp32\tools\esp32c3-libs\3.3.7/flags/includes -IC:\Users\jferb\AppData\Local\Arduino15\packages\esp32\tools\esp32c3-libs\3.3.7/qio_qspi/include -IC:\Users\jferb\AppData\Local\Arduino15\packages\esp32\hardware\esp32\3.3.7\cores\esp32 -IC:\Users\jferb\AppData\Local\Arduino15\packages\esp32\hardware\esp32\3.3.7\variants\XIAO_ESP32C3 -IC:\Users\jferb\AppData\Local\Arduino15\packages\esp32\hardware\esp32\3.3.7\libraries\BLE\src -IC:\Users\jferb\AppData\Local\Arduino15\packages\esp32\hardware\esp32\3.3.7\libraries\Preferences\src @G:\My Drive\esp32\Controler html\DefaultcatV2.6\fcon1.1\build/build_opt.h @G:\My Drive\esp32\Controler html\DefaultcatV2.6\fcon1.1\build/file_opts C:\Users\jferb\AppData\Local\Arduino15\packages\esp32\hardware\esp32\3.3.7\libraries\BLE\src\BLEBeacon.cpp -o nul
C:\Users\jferb\AppData\Local\Arduino15\packages\esp32\tools\esp-rv32\2511/bin/riscv32-esp-elf-g++ -c @C:\Users\jferb\AppData\Local\Arduino15\packages\esp32\tools\esp32c3-libs\3.3.7/flags/cpp_flags -w -Os -Werror=return-type -w -x c++ -E -CC -DF_CPU=160000000L -DARDUINO=10607 -DARDUINO_XIAO_ESP32C3 -DARDUINO_ARCH_ESP32 -DARDUINO_BOARD="XIAO_ESP32C3" -DARDUINO_VARIANT="XIAO_ESP32C3" -DARDUINO_PARTITION_default -DARDUINO_HOST_OS="windows" -DARDUINO_FQBN="esp32:esp32:XIAO_ESP32C3" -DESP32=ESP32 -DCORE_DEBUG_LEVEL=0 -DARDUINO_USB_MODE=1 -DARDUINO_USB_CDC_ON_BOOT=1 @C:\Users\jferb\AppData\Local\Arduino15\packages\esp32\tools\esp32c3-libs\3.3.7/flags/defines -IG:\My Drive\esp32\Controler html\DefaultcatV2.6\fcon1.1 -iprefix C:\Users\jferb\AppData\Local\Arduino15\packages\esp32\tools\esp32c3-libs\3.3.7/include/ @C:\Users\jferb\AppData\Local\Arduino15\packages\esp32\tools\esp32c3-libs\3.3.7/flags/includes -IC:\Users\jferb\AppData\Local\Arduino15\packages\esp32\tools\esp32c3-libs\3.3.7/qio_qspi/include -IC:\Users\jferb\AppData\Local\Arduino15\packages\esp32\hardware\esp32\3.3.7\cores\esp32 -IC:\Users\jferb\AppData\Local\Arduino15\packages\esp32\hardware\esp32\3.3.7\variants\XIAO_ESP32C3 -IC:\Users\jferb\AppData\Local\Arduino15\packages\esp32\hardware\esp32\3.3.7\libraries\BLE\src -IC:\Users\jferb\AppData\Local\Arduino15\packages\esp32\hardware\esp32\3.3.7\libraries\Preferences\src @G:\My Drive\esp32\Controler html\DefaultcatV2.6\fcon1.1\build/build_opt.h @G:\My Drive\esp32\Controler html\DefaultcatV2.6\fcon1.1\build/file_opts C:\Users\jferb\AppData\Local\Arduino15\packages\esp32\hardware\esp32\3.3.7\libraries\BLE\src\BLECharacteristic.cpp -o nul
C:\Users\jferb\AppData\Local\Arduino15\packages\esp32\tools\esp-rv32\2511/bin/riscv32-esp-elf-g++ -c @C:\Users\jferb\AppData\Local\Arduino15\packages\esp32\tools\esp32c3-libs\3.3.7/flags/cpp_flags -w -Os -Werror=return-type -w -x c++ -E -CC -DF_CPU=160000000L -DARDUINO=10607 -DARDUINO_XIAO_ESP32C3 -DARDUINO_ARCH_ESP32 -DARDUINO_BOARD="XIAO_ESP32C3" -DARDUINO_VARIANT="XIAO_ESP32C3" -DARDUINO_PARTITION_default -DARDUINO_HOST_OS="windows" -DARDUINO_FQBN="esp32:esp32:XIAO_ESP32C3" -DESP32=ESP32 -DCORE_DEBUG_LEVEL=0 -DARDUINO_USB_MODE=1 -DARDUINO_USB_CDC_ON_BOOT=1 @C:\Users\jferb\AppData\Local\Arduino15\packages\esp32\tools\esp32c3-libs\3.3.7/flags/defines -IG:\My Drive\esp32\Controler html\DefaultcatV2.6\fcon1.1 -iprefix C:\Users\jferb\AppData\Local\Arduino15\packages\esp32\tools\esp32c3-libs\3.3.7/include/ @C:\Users\jferb\AppData\Local\Arduino15\packages\esp32\tools\esp32c3-libs\3.3.7/flags/includes -IC:\Users\jferb\AppData\Local\Arduino15\packages\esp32\tools\esp32c3-libs\3.3.7/qio_qspi/include -IC:\Users\jferb\AppData\Local\Arduino15\packages\esp32\hardware\esp32\3.3.7\cores\esp32 -IC:\Users\jferb\AppData\Local\Arduino15\packages\esp32\hardware\esp32\3.3.7\variants\XIAO_ESP32C3 -IC:\Users\jferb\AppData\Local\Arduino15\packages\esp32\hardware\esp32\3.3.7\libraries\BLE\src -IC:\Users\jferb\AppData\Local\Arduino15\packages\esp32\hardware\esp32\3.3.7\libraries\Preferences\src @G:\My Drive\esp32\Controler html\DefaultcatV2.6\fcon1.1\build/build_opt.h @G:\My Drive\esp32\Controler html\DefaultcatV2.6\fcon1.1\build/file_opts C:\Users\jferb\AppData\Local\Arduino15\packages\esp32\hardware\esp32\3.3.7\libraries\BLE\src\BLECharacteristicMap.cpp -o nul
C:\Users\jferb\AppData\Local\Arduino15\packages\esp32\tools\esp-rv32\2511/bin/riscv32-esp-elf-g++ -c @C:\Users\jferb\AppData\Local\Arduino15\packages\esp32\tools\esp32c3-libs\3.3.7/flags/cpp_flags -w -Os -Werror=return-type -w -x c++ -E -CC -DF_CPU=160000000L -DARDUINO=10607 -DARDUINO_XIAO_ESP32C3 -DARDUINO_ARCH_ESP32 -DARDUINO_BOARD="XIAO_ESP32C3" -DARDUINO_VARIANT="XIAO_ESP32C3" -DARDUINO_PARTITION_default -DARDUINO_HOST_OS="windows" -DARDUINO_FQBN="esp32:esp32:XIAO_ESP32C3" -DESP32=ESP32 -DCORE_DEBUG_LEVEL=0 -DARDUINO_USB_MODE=1 -DARDUINO_USB_CDC_ON_BOOT=1 @C:\Users\jferb\AppData\Local\Arduino15\packages\esp32\tools\esp32c3-libs\3.3.7/flags/defines -IG:\My Drive\esp32\Controler html\DefaultcatV2.6\fcon1.1 -iprefix C:\Users\jferb\AppData\Local\Arduino15\packages\esp32\tools\esp32c3-libs\3.3.7/include/ @C:\Users\jferb\AppData\Local\Arduino15\packages\esp32\tools\esp32c3-libs\3.3.7/flags/includes -IC:\Users\jferb\AppData\Local\Arduino15\packages\esp32\tools\esp32c3-libs\3.3.7/qio_qspi/include -IC:\Users\jferb\AppData\Local\Arduino15\packages\esp32\hardware\esp32\3.3.7\cores\esp32 -IC:\Users\jferb\AppData\Local\Arduino15\packages\esp32\hardware\esp32\3.3.7\variants\XIAO_ESP32C3 -IC:\Users\jferb\AppData\Local\Arduino15\packages\esp32\hardware\esp32\3.3.7\libraries\BLE\src -IC:\Users\jferb\AppData\Local\Arduino15\packages\esp32\hardware\esp32\3.3.7\libraries\Preferences\src @G:\My Drive\esp32\Controler html\DefaultcatV2.6\fcon1.1\build/build_opt.h @G:\My Drive\esp32\Controler html\DefaultcatV2.6\fcon1.1\build/file_opts C:\Users\jferb\AppData\Local\Arduino15\packages\esp32\hardware\esp32\3.3.7\libraries\BLE\src\BLEClient.cpp -o nul
C:\Users\jferb\AppData\Local\Arduino15\packages\esp32\tools\esp-rv32\2511/bin/riscv32-esp-elf-g++ -c @C:\Users\jferb\AppData\Local\Arduino15\packages\esp32\tools\esp32c3-libs\3.3.7/flags/cpp_flags -w -Os -Werror=return-type -w -x c++ -E -CC -DF_CPU=160000000L -DARDUINO=10607 -DARDUINO_XIAO_ESP32C3 -DARDUINO_ARCH_ESP32 -DARDUINO_BOARD="XIAO_ESP32C3" -DARDUINO_VARIANT="XIAO_ESP32C3" -DARDUINO_PARTITION_default -DARDUINO_HOST_OS="windows" -DARDUINO_FQBN="esp32:esp32:XIAO_ESP32C3" -DESP32=ESP32 -DCORE_DEBUG_LEVEL=0 -DARDUINO_USB_MODE=1 -DARDUINO_USB_CDC_ON_BOOT=1 @C:\Users\jferb\AppData\Local\Arduino15\packages\esp32\tools\esp32c3-libs\3.3.7/flags/defines -IG:\My Drive\esp32\Controler html\DefaultcatV2.6\fcon1.1 -iprefix C:\Users\jferb\AppData\Local\Arduino15\packages\esp32\tools\esp32c3-libs\3.3.7/include/ @C:\Users\jferb\AppData\Local\Arduino15\packages\esp32\tools\esp32c3-libs\3.3.7/flags/includes -IC:\Users\jferb\AppData\Local\Arduino15\packages\esp32\tools\esp32c3-libs\3.3.7/qio_qspi/include -IC:\Users\jferb\AppData\Local\Arduino15\packages\esp32\hardware\esp32\3.3.7\cores\esp32 -IC:\Users\jferb\AppData\Local\Arduino15\packages\esp32\hardware\esp32\3.3.7\variants\XIAO_ESP32C3 -IC:\Users\jferb\AppData\Local\Arduino15\packages\esp32\hardware\esp32\3.3.7\libraries\BLE\src -IC:\Users\jferb\AppData\Local\Arduino15\packages\esp32\hardware\esp32\3.3.7\libraries\Preferences\src @G:\My Drive\esp32\Controler html\DefaultcatV2.6\fcon1.1\build/build_opt.h @G:\My Drive\esp32\Controler html\DefaultcatV2.6\fcon1.1\build/file_opts C:\Users\jferb\AppData\Local\Arduino15\packages\esp32\hardware\esp32\3.3.7\libraries\BLE\src\BLEDescriptor.cpp -o nul
C:\Users\jferb\AppData\Local\Arduino15\packages\esp32\tools\esp-rv32\2511/bin/riscv32-esp-elf-g++ -c @C:\Users\jferb\AppData\Local\Arduino15\packages\esp32\tools\esp32c3-libs\3.3.7/flags/cpp_flags -w -Os -Werror=return-type -w -x c++ -E -CC -DF_CPU=160000000L -DARDUINO=10607 -DARDUINO_XIAO_ESP32C3 -DARDUINO_ARCH_ESP32 -DARDUINO_BOARD="XIAO_ESP32C3" -DARDUINO_VARIANT="XIAO_ESP32C3" -DARDUINO_PARTITION_default -DARDUINO_HOST_OS="windows" -DARDUINO_FQBN="esp32:esp32:XIAO_ESP32C3" -DESP32=ESP32 -DCORE_DEBUG_LEVEL=0 -DARDUINO_USB_MODE=1 -DARDUINO_USB_CDC_ON_BOOT=1 @C:\Users\jferb\AppData\Local\Arduino15\packages\esp32\tools\esp32c3-libs\3.3.7/flags/defines -IG:\My Drive\esp32\Controler html\DefaultcatV2.6\fcon1.1 -iprefix C:\Users\jferb\AppData\Local\Arduino15\packages\esp32\tools\esp32c3-libs\3.3.7/include/ @C:\Users\jferb\AppData\Local\Arduino15\packages\esp32\tools\esp32c3-libs\3.3.7/flags/includes -IC:\Users\jferb\AppData\Local\Arduino15\packages\esp32\tools\esp32c3-libs\3.3.7/qio_qspi/include -IC:\Users\jferb\AppData\Local\Arduino15\packages\esp32\hardware\esp32\3.3.7\cores\esp32 -IC:\Users\jferb\AppData\Local\Arduino15\packages\esp32\hardware\esp32\3.3.7\variants\XIAO_ESP32C3 -IC:\Users\jferb\AppData\Local\Arduino15\packages\esp32\hardware\esp32\3.3.7\libraries\BLE\src -IC:\Users\jferb\AppData\Local\Arduino15\packages\esp32\hardware\esp32\3.3.7\libraries\Preferences\src @G:\My Drive\esp32\Controler html\DefaultcatV2.6\fcon1.1\build/build_opt.h @G:\My Drive\esp32\Controler html\DefaultcatV2.6\fcon1.1\build/file_opts C:\Users\jferb\AppData\Local\Arduino15\packages\esp32\hardware\esp32\3.3.7\libraries\BLE\src\BLEDescriptorMap.cpp -o nul
C:\Users\jferb\AppData\Local\Arduino15\packages\esp32\tools\esp-rv32\2511/bin/riscv32-esp-elf-g++ -c @C:\Users\jferb\AppData\Local\Arduino15\packages\esp32\tools\esp32c3-libs\3.3.7/flags/cpp_flags -w -Os -Werror=return-type -w -x c++ -E -CC -DF_CPU=160000000L -DARDUINO=10607 -DARDUINO_XIAO_ESP32C3 -DARDUINO_ARCH_ESP32 -DARDUINO_BOARD="XIAO_ESP32C3" -DARDUINO_VARIANT="XIAO_ESP32C3" -DARDUINO_PARTITION_default -DARDUINO_HOST_OS="windows" -DARDUINO_FQBN="esp32:esp32:XIAO_ESP32C3" -DESP32=ESP32 -DCORE_DEBUG_LEVEL=0 -DARDUINO_USB_MODE=1 -DARDUINO_USB_CDC_ON_BOOT=1 @C:\Users\jferb\AppData\Local\Arduino15\packages\esp32\tools\esp32c3-libs\3.3.7/flags/defines -IG:\My Drive\esp32\Controler html\DefaultcatV2.6\fcon1.1 -iprefix C:\Users\jferb\AppData\Local\Arduino15\packages\esp32\tools\esp32c3-libs\3.3.7/include/ @C:\Users\jferb\AppData\Local\Arduino15\packages\esp32\tools\esp32c3-libs\3.3.7/flags/includes -IC:\Users\jferb\AppData\Local\Arduino15\packages\esp32\tools\esp32c3-libs\3.3.7/qio_qspi/include -IC:\Users\jferb\AppData\Local\Arduino15\packages\esp32\hardware\esp32\3.3.7\cores\esp32 -IC:\Users\jferb\AppData\Local\Arduino15\packages\esp32\hardware\esp32\3.3.7\variants\XIAO_ESP32C3 -IC:\Users\jferb\AppData\Local\Arduino15\packages\esp32\hardware\esp32\3.3.7\libraries\BLE\src -IC:\Users\jferb\AppData\Local\Arduino15\packages\esp32\hardware\esp32\3.3.7\libraries\Preferences\src @G:\My Drive\esp32\Controler html\DefaultcatV2.6\fcon1.1\build/build_opt.h @G:\My Drive\esp32\Controler html\DefaultcatV2.6\fcon1.1\build/file_opts C:\Users\jferb\AppData\Local\Arduino15\packages\esp32\hardware\esp32\3.3.7\libraries\BLE\src\BLEDevice.cpp -o nul
C:\Users\jferb\AppData\Local\Arduino15\packages\esp32\tools\esp-rv32\2511/bin/riscv32-esp-elf-g++ -c @C:\Users\jferb\AppData\Local\Arduino15\packages\esp32\tools\esp32c3-libs\3.3.7/flags/cpp_flags -w -Os -Werror=return-type -w -x c++ -E -CC -DF_CPU=160000000L -DARDUINO=10607 -DARDUINO_XIAO_ESP32C3 -DARDUINO_ARCH_ESP32 -DARDUINO_BOARD="XIAO_ESP32C3" -DARDUINO_VARIANT="XIAO_ESP32C3" -DARDUINO_PARTITION_default -DARDUINO_HOST_OS="windows" -DARDUINO_FQBN="esp32:esp32:XIAO_ESP32C3" -DESP32=ESP32 -DCORE_DEBUG_LEVEL=0 -DARDUINO_USB_MODE=1 -DARDUINO_USB_CDC_ON_BOOT=1 @C:\Users\jferb\AppData\Local\Arduino15\packages\esp32\tools\esp32c3-libs\3.3.7/flags/defines -IG:\My Drive\esp32\Controler html\DefaultcatV2.6\fcon1.1 -iprefix C:\Users\jferb\AppData\Local\Arduino15\packages\esp32\tools\esp32c3-libs\3.3.7/include/ @C:\Users\jferb\AppData\Local\Arduino15\packages\esp32\tools\esp32c3-libs\3.3.7/flags/includes -IC:\Users\jferb\AppData\Local\Arduino15\packages\esp32\tools\esp32c3-libs\3.3.7/qio_qspi/include -IC:\Users\jferb\AppData\Local\Arduino15\packages\esp32\hardware\esp32\3.3.7\cores\esp32 -IC:\Users\jferb\AppData\Local\Arduino15\packages\esp32\hardware\esp32\3.3.7\variants\XIAO_ESP32C3 -IC:\Users\jferb\AppData\Local\Arduino15\packages\esp32\hardware\esp32\3.3.7\libraries\BLE\src -IC:\Users\jferb\AppData\Local\Arduino15\packages\esp32\hardware\esp32\3.3.7\libraries\Preferences\src @G:\My Drive\esp32\Controler html\DefaultcatV2.6\fcon1.1\build/build_opt.h @G:\My Drive\esp32\Controler html\DefaultcatV2.6\fcon1.1\build/file_opts C:\Users\jferb\AppData\Local\Arduino15\packages\esp32\hardware\esp32\3.3.7\libraries\BLE\src\BLEEddystoneTLM.cpp -o nul
C:\Users\jferb\AppData\Local\Arduino15\packages\esp32\tools\esp-rv32\2511/bin/riscv32-esp-elf-g++ -c @C:\Users\jferb\AppData\Local\Arduino15\packages\esp32\tools\esp32c3-libs\3.3.7/flags/cpp_flags -w -Os -Werror=return-type -w -x c++ -E -CC -DF_CPU=160000000L -DARDUINO=10607 -DARDUINO_XIAO_ESP32C3 -DARDUINO_ARCH_ESP32 -DARDUINO_BOARD="XIAO_ESP32C3" -DARDUINO_VARIANT="XIAO_ESP32C3" -DARDUINO_PARTITION_default -DARDUINO_HOST_OS="windows" -DARDUINO_FQBN="esp32:esp32:XIAO_ESP32C3" -DESP32=ESP32 -DCORE_DEBUG_LEVEL=0 -DARDUINO_USB_MODE=1 -DARDUINO_USB_CDC_ON_BOOT=1 @C:\Users\jferb\AppData\Local\Arduino15\packages\esp32\tools\esp32c3-libs\3.3.7/flags/defines -IG:\My Drive\esp32\Controler html\DefaultcatV2.6\fcon1.1 -iprefix C:\Users\jferb\AppData\Local\Arduino15\packages\esp32\tools\esp32c3-libs\3.3.7/include/ @C:\Users\jferb\AppData\Local\Arduino15\packages\esp32\tools\esp32c3-libs\3.3.7/flags/includes -IC:\Users\jferb\AppData\Local\Arduino15\packages\esp32\tools\esp32c3-libs\3.3.7/qio_qspi/include -IC:\Users\jferb\AppData\Local\Arduino15\packages\esp32\hardware\esp32\3.3.7\cores\esp32 -IC:\Users\jferb\AppData\Local\Arduino15\packages\esp32\hardware\esp32\3.3.7\variants\XIAO_ESP32C3 -IC:\Users\jferb\AppData\Local\Arduino15\packages\esp32\hardware\esp32\3.3.7\libraries\BLE\src -IC:\Users\jferb\AppData\Local\Arduino15\packages\esp32\hardware\esp32\3.3.7\libraries\Preferences\src @G:\My Drive\esp32\Controler html\DefaultcatV2.6\fcon1.1\build/build_opt.h @G:\My Drive\esp32\Controler html\DefaultcatV2.6\fcon1.1\build/file_opts C:\Users\jferb\AppData\Local\Arduino15\packages\esp32\hardware\esp32\3.3.7\libraries\BLE\src\BLEEddystoneURL.cpp -o nul
C:\Users\jferb\AppData\Local\Arduino15\packages\esp32\tools\esp-rv32\2511/bin/riscv32-esp-elf-g++ -c @C:\Users\jferb\AppData\Local\Arduino15\packages\esp32\tools\esp32c3-libs\3.3.7/flags/cpp_flags -w -Os -Werror=return-type -w -x c++ -E -CC -DF_CPU=160000000L -DARDUINO=10607 -DARDUINO_XIAO_ESP32C3 -DARDUINO_ARCH_ESP32 -DARDUINO_BOARD="XIAO_ESP32C3" -DARDUINO_VARIANT="XIAO_ESP32C3" -DARDUINO_PARTITION_default -DARDUINO_HOST_OS="windows" -DARDUINO_FQBN="esp32:esp32:XIAO_ESP32C3" -DESP32=ESP32 -DCORE_DEBUG_LEVEL=0 -DARDUINO_USB_MODE=1 -DARDUINO_USB_CDC_ON_BOOT=1 @C:\Users\jferb\AppData\Local\Arduino15\packages\esp32\tools\esp32c3-libs\3.3.7/flags/defines -IG:\My Drive\esp32\Controler html\DefaultcatV2.6\fcon1.1 -iprefix C:\Users\jferb\AppData\Local\Arduino15\packages\esp32\tools\esp32c3-libs\3.3.7/include/ @C:\Users\jferb\AppData\Local\Arduino15\packages\esp32\tools\esp32c3-libs\3.3.7/flags/includes -IC:\Users\jferb\AppData\Local\Arduino15\packages\esp32\tools\esp32c3-libs\3.3.7/qio_qspi/include -IC:\Users\jferb\AppData\Local\Arduino15\packages\esp32\hardware\esp32\3.3.7\cores\esp32 -IC:\Users\jferb\AppData\Local\Arduino15\packages\esp32\hardware\esp32\3.3.7\variants\XIAO_ESP32C3 -IC:\Users\jferb\AppData\Local\Arduino15\packages\esp32\hardware\esp32\3.3.7\libraries\BLE\src -IC:\Users\jferb\AppData\Local\Arduino15\packages\esp32\hardware\esp32\3.3.7\libraries\Preferences\src @G:\My Drive\esp32\Controler html\DefaultcatV2.6\fcon1.1\build/build_opt.h @G:\My Drive\esp32\Controler html\DefaultcatV2.6\fcon1.1\build/file_opts C:\Users\jferb\AppData\Local\Arduino15\packages\esp32\hardware\esp32\3.3.7\libraries\BLE\src\BLEExceptions.cpp -o nul
C:\Users\jferb\AppData\Local\Arduino15\packages\esp32\tools\esp-rv32\2511/bin/riscv32-esp-elf-g++ -c @C:\Users\jferb\AppData\Local\Arduino15\packages\esp32\tools\esp32c3-libs\3.3.7/flags/cpp_flags -w -Os -Werror=return-type -w -x c++ -E -CC -DF_CPU=160000000L -DARDUINO=10607 -DARDUINO_XIAO_ESP32C3 -DARDUINO_ARCH_ESP32 -DARDUINO_BOARD="XIAO_ESP32C3" -DARDUINO_VARIANT="XIAO_ESP32C3" -DARDUINO_PARTITION_default -DARDUINO_HOST_OS="windows" -DARDUINO_FQBN="esp32:esp32:XIAO_ESP32C3" -DESP32=ESP32 -DCORE_DEBUG_LEVEL=0 -DARDUINO_USB_MODE=1 -DARDUINO_USB_CDC_ON_BOOT=1 @C:\Users\jferb\AppData\Local\Arduino15\packages\esp32\tools\esp32c3-libs\3.3.7/flags/defines -IG:\My Drive\esp32\Controler html\DefaultcatV2.6\fcon1.1 -iprefix C:\Users\jferb\AppData\Local\Arduino15\packages\esp32\tools\esp32c3-libs\3.3.7/include/ @C:\Users\jferb\AppData\Local\Arduino15\packages\esp32\tools\esp32c3-libs\3.3.7/flags/includes -IC:\Users\jferb\AppData\Local\Arduino15\packages\esp32\tools\esp32c3-libs\3.3.7/qio_qspi/include -IC:\Users\jferb\AppData\Local\Arduino15\packages\esp32\hardware\esp32\3.3.7\cores\esp32 -IC:\Users\jferb\AppData\Local\Arduino15\packages\esp32\hardware\esp32\3.3.7\variants\XIAO_ESP32C3 -IC:\Users\jferb\AppData\Local\Arduino15\packages\esp32\hardware\esp32\3.3.7\libraries\BLE\src -IC:\Users\jferb\AppData\Local\Arduino15\packages\esp32\hardware\esp32\3.3.7\libraries\Preferences\src @G:\My Drive\esp32\Controler html\DefaultcatV2.6\fcon1.1\build/build_opt.h @G:\My Drive\esp32\Controler html\DefaultcatV2.6\fcon1.1\build/file_opts C:\Users\jferb\AppData\Local\Arduino15\packages\esp32\hardware\esp32\3.3.7\libraries\BLE\src\BLEHIDDevice.cpp -o nul
C:\Users\jferb\AppData\Local\Arduino15\packages\esp32\tools\esp-rv32\2511/bin/riscv32-esp-elf-g++ -c @C:\Users\jferb\AppData\Local\Arduino15\packages\esp32\tools\esp32c3-libs\3.3.7/flags/cpp_flags -w -Os -Werror=return-type -w -x c++ -E -CC -DF_CPU=160000000L -DARDUINO=10607 -DARDUINO_XIAO_ESP32C3 -DARDUINO_ARCH_ESP32 -DARDUINO_BOARD="XIAO_ESP32C3" -DARDUINO_VARIANT="XIAO_ESP32C3" -DARDUINO_PARTITION_default -DARDUINO_HOST_OS="windows" -DARDUINO_FQBN="esp32:esp32:XIAO_ESP32C3" -DESP32=ESP32 -DCORE_DEBUG_LEVEL=0 -DARDUINO_USB_MODE=1 -DARDUINO_USB_CDC_ON_BOOT=1 @C:\Users\jferb\AppData\Local\Arduino15\packages\esp32\tools\esp32c3-libs\3.3.7/flags/defines -IG:\My Drive\esp32\Controler html\DefaultcatV2.6\fcon1.1 -iprefix C:\Users\jferb\AppData\Local\Arduino15\packages\esp32\tools\esp32c3-libs\3.3.7/include/ @C:\Users\jferb\AppData\Local\Arduino15\packages\esp32\tools\esp32c3-libs\3.3.7/flags/includes -IC:\Users\jferb\AppData\Local\Arduino15\packages\esp32\tools\esp32c3-libs\3.3.7/qio_qspi/include -IC:\Users\jferb\AppData\Local\Arduino15\packages\esp32\hardware\esp32\3.3.7\cores\esp32 -IC:\Users\jferb\AppData\Local\Arduino15\packages\esp32\hardware\esp32\3.3.7\variants\XIAO_ESP32C3 -IC:\Users\jferb\AppData\Local\Arduino15\packages\esp32\hardware\esp32\3.3.7\libraries\BLE\src -IC:\Users\jferb\AppData\Local\Arduino15\packages\esp32\hardware\esp32\3.3.7\libraries\Preferences\src @G:\My Drive\esp32\Controler html\DefaultcatV2.6\fcon1.1\build/build_opt.h @G:\My Drive\esp32\Controler html\DefaultcatV2.6\fcon1.1\build/file_opts C:\Users\jferb\AppData\Local\Arduino15\packages\esp32\hardware\esp32\3.3.7\libraries\BLE\src\BLERemoteCharacteristic.cpp -o nul
C:\Users\jferb\AppData\Local\Arduino15\packages\esp32\tools\esp-rv32\2511/bin/riscv32-esp-elf-g++ -c @C:\Users\jferb\AppData\Local\Arduino15\packages\esp32\tools\esp32c3-libs\3.3.7/flags/cpp_flags -w -Os -Werror=return-type -w -x c++ -E -CC -DF_CPU=160000000L -DARDUINO=10607 -DARDUINO_XIAO_ESP32C3 -DARDUINO_ARCH_ESP32 -DARDUINO_BOARD="XIAO_ESP32C3" -DARDUINO_VARIANT="XIAO_ESP32C3" -DARDUINO_PARTITION_default -DARDUINO_HOST_OS="windows" -DARDUINO_FQBN="esp32:esp32:XIAO_ESP32C3" -DESP32=ESP32 -DCORE_DEBUG_LEVEL=0 -DARDUINO_USB_MODE=1 -DARDUINO_USB_CDC_ON_BOOT=1 @C:\Users\jferb\AppData\Local\Arduino15\packages\esp32\tools\esp32c3-libs\3.3.7/flags/defines -IG:\My Drive\esp32\Controler html\DefaultcatV2.6\fcon1.1 -iprefix C:\Users\jferb\AppData\Local\Arduino15\packages\esp32\tools\esp32c3-libs\3.3.7/include/ @C:\Users\jferb\AppData\Local\Arduino15\packages\esp32\tools\esp32c3-libs\3.3.7/flags/includes -IC:\Users\jferb\AppData\Local\Arduino15\packages\esp32\tools\esp32c3-libs\3.3.7/qio_qspi/include -IC:\Users\jferb\AppData\Local\Arduino15\packages\esp32\hardware\esp32\3.3.7\cores\esp32 -IC:\Users\jferb\AppData\Local\Arduino15\packages\esp32\hardware\esp32\3.3.7\variants\XIAO_ESP32C3 -IC:\Users\jferb\AppData\Local\Arduino15\packages\esp32\hardware\esp32\3.3.7\libraries\BLE\src -IC:\Users\jferb\AppData\Local\Arduino15\packages\esp32\hardware\esp32\3.3.7\libraries\Preferences\src @G:\My Drive\esp32\Controler html\DefaultcatV2.6\fcon1.1\build/build_opt.h @G:\My Drive\esp32\Controler html\DefaultcatV2.6\fcon1.1\build/file_opts C:\Users\jferb\AppData\Local\Arduino15\packages\esp32\hardware\esp32\3.3.7\libraries\BLE\src\BLERemoteDescriptor.cpp -o nul
C:\Users\jferb\AppData\Local\Arduino15\packages\esp32\tools\esp-rv32\2511/bin/riscv32-esp-elf-g++ -c @C:\Users\jferb\AppData\Local\Arduino15\packages\esp32\tools\esp32c3-libs\3.3.7/flags/cpp_flags -w -Os -Werror=return-type -w -x c++ -E -CC -DF_CPU=160000000L -DARDUINO=10607 -DARDUINO_XIAO_ESP32C3 -DARDUINO_ARCH_ESP32 -DARDUINO_BOARD="XIAO_ESP32C3" -DARDUINO_VARIANT="XIAO_ESP32C3" -DARDUINO_PARTITION_default -DARDUINO_HOST_OS="windows" -DARDUINO_FQBN="esp32:esp32:XIAO_ESP32C3" -DESP32=ESP32 -DCORE_DEBUG_LEVEL=0 -DARDUINO_USB_MODE=1 -DARDUINO_USB_CDC_ON_BOOT=1 @C:\Users\jferb\AppData\Local\Arduino15\packages\esp32\tools\esp32c3-libs\3.3.7/flags/defines -IG:\My Drive\esp32\Controler html\DefaultcatV2.6\fcon1.1 -iprefix C:\Users\jferb\AppData\Local\Arduino15\packages\esp32\tools\esp32c3-libs\3.3.7/include/ @C:\Users\jferb\AppData\Local\Arduino15\packages\esp32\tools\esp32c3-libs\3.3.7/flags/includes -IC:\Users\jferb\AppData\Local\Arduino15\packages\esp32\tools\esp32c3-libs\3.3.7/qio_qspi/include -IC:\Users\jferb\AppData\Local\Arduino15\packages\esp32\hardware\esp32\3.3.7\cores\esp32 -IC:\Users\jferb\AppData\Local\Arduino15\packages\esp32\hardware\esp32\3.3.7\variants\XIAO_ESP32C3 -IC:\Users\jferb\AppData\Local\Arduino15\packages\esp32\hardware\esp32\3.3.7\libraries\BLE\src -IC:\Users\jferb\AppData\Local\Arduino15\packages\esp32\hardware\esp32\3.3.7\libraries\Preferences\src @G:\My Drive\esp32\Controler html\DefaultcatV2.6\fcon1.1\build/build_opt.h @G:\My Drive\esp32\Controler html\DefaultcatV2.6\fcon1.1\build/file_opts C:\Users\jferb\AppData\Local\Arduino15\packages\esp32\hardware\esp32\3.3.7\libraries\BLE\src\BLERemoteService.cpp -o nul
C:\Users\jferb\AppData\Local\Arduino15\packages\esp32\tools\esp-rv32\2511/bin/riscv32-esp-elf-g++ -c @C:\Users\jferb\AppData\Local\Arduino15\packages\esp32\tools\esp32c3-libs\3.3.7/flags/cpp_flags -w -Os -Werror=return-type -w -x c++ -E -CC -DF_CPU=160000000L -DARDUINO=10607 -DARDUINO_XIAO_ESP32C3 -DARDUINO_ARCH_ESP32 -DARDUINO_BOARD="XIAO_ESP32C3" -DARDUINO_VARIANT="XIAO_ESP32C3" -DARDUINO_PARTITION_default -DARDUINO_HOST_OS="windows" -DARDUINO_FQBN="esp32:esp32:XIAO_ESP32C3" -DESP32=ESP32 -DCORE_DEBUG_LEVEL=0 -DARDUINO_USB_MODE=1 -DARDUINO_USB_CDC_ON_BOOT=1 @C:\Users\jferb\AppData\Local\Arduino15\packages\esp32\tools\esp32c3-libs\3.3.7/flags/defines -IG:\My Drive\esp32\Controler html\DefaultcatV2.6\fcon1.1 -iprefix C:\Users\jferb\AppData\Local\Arduino15\packages\esp32\tools\esp32c3-libs\3.3.7/include/ @C:\Users\jferb\AppData\Local\Arduino15\packages\esp32\tools\esp32c3-libs\3.3.7/flags/includes -IC:\Users\jferb\AppData\Local\Arduino15\packages\esp32\tools\esp32c3-libs\3.3.7/qio_qspi/include -IC:\Users\jferb\AppData\Local\Arduino15\packages\esp32\hardware\esp32\3.3.7\cores\esp32 -IC:\Users\jferb\AppData\Local\Arduino15\packages\esp32\hardware\esp32\3.3.7\variants\XIAO_ESP32C3 -IC:\Users\jferb\AppData\Local\Arduino15\packages\esp32\hardware\esp32\3.3.7\libraries\BLE\src -IC:\Users\jferb\AppData\Local\Arduino15\packages\esp32\hardware\esp32\3.3.7\libraries\Preferences\src @G:\My Drive\esp32\Controler html\DefaultcatV2.6\fcon1.1\build/build_opt.h @G:\My Drive\esp32\Controler html\DefaultcatV2.6\fcon1.1\build/file_opts C:\Users\jferb\AppData\Local\Arduino15\packages\esp32\hardware\esp32\3.3.7\libraries\BLE\src\BLEScan.cpp -o nul
C:\Users\jferb\AppData\Local\Arduino15\packages\esp32\tools\esp-rv32\2511/bin/riscv32-esp-elf-g++ -c @C:\Users\jferb\AppData\Local\Arduino15\packages\esp32\tools\esp32c3-libs\3.3.7/flags/cpp_flags -w -Os -Werror=return-type -w -x c++ -E -CC -DF_CPU=160000000L -DARDUINO=10607 -DARDUINO_XIAO_ESP32C3 -DARDUINO_ARCH_ESP32 -DARDUINO_BOARD="XIAO_ESP32C3" -DARDUINO_VARIANT="XIAO_ESP32C3" -DARDUINO_PARTITION_default -DARDUINO_HOST_OS="windows" -DARDUINO_FQBN="esp32:esp32:XIAO_ESP32C3" -DESP32=ESP32 -DCORE_DEBUG_LEVEL=0 -DARDUINO_USB_MODE=1 -DARDUINO_USB_CDC_ON_BOOT=1 @C:\Users\jferb\AppData\Local\Arduino15\packages\esp32\tools\esp32c3-libs\3.3.7/flags/defines -IG:\My Drive\esp32\Controler html\DefaultcatV2.6\fcon1.1 -iprefix C:\Users\jferb\AppData\Local\Arduino15\packages\esp32\tools\esp32c3-libs\3.3.7/include/ @C:\Users\jferb\AppData\Local\Arduino15\packages\esp32\tools\esp32c3-libs\3.3.7/flags/includes -IC:\Users\jferb\AppData\Local\Arduino15\packages\esp32\tools\esp32c3-libs\3.3.7/qio_qspi/include -IC:\Users\jferb\AppData\Local\Arduino15\packages\esp32\hardware\esp32\3.3.7\cores\esp32 -IC:\Users\jferb\AppData\Local\Arduino15\packages\esp32\hardware\esp32\3.3.7\variants\XIAO_ESP32C3 -IC:\Users\jferb\AppData\Local\Arduino15\packages\esp32\hardware\esp32\3.3.7\libraries\BLE\src -IC:\Users\jferb\AppData\Local\Arduino15\packages\esp32\hardware\esp32\3.3.7\libraries\Preferences\src @G:\My Drive\esp32\Controler html\DefaultcatV2.6\fcon1.1\build/build_opt.h @G:\My Drive\esp32\Controler html\DefaultcatV2.6\fcon1.1\build/file_opts C:\Users\jferb\AppData\Local\Arduino15\packages\esp32\hardware\esp32\3.3.7\libraries\BLE\src\BLESecurity.cpp -o nul
C:\Users\jferb\AppData\Local\Arduino15\packages\esp32\tools\esp-rv32\2511/bin/riscv32-esp-elf-g++ -c @C:\Users\jferb\AppData\Local\Arduino15\packages\esp32\tools\esp32c3-libs\3.3.7/flags/cpp_flags -w -Os -Werror=return-type -w -x c++ -E -CC -DF_CPU=160000000L -DARDUINO=10607 -DARDUINO_XIAO_ESP32C3 -DARDUINO_ARCH_ESP32 -DARDUINO_BOARD="XIAO_ESP32C3" -DARDUINO_VARIANT="XIAO_ESP32C3" -DARDUINO_PARTITION_default -DARDUINO_HOST_OS="windows" -DARDUINO_FQBN="esp32:esp32:XIAO_ESP32C3" -DESP32=ESP32 -DCORE_DEBUG_LEVEL=0 -DARDUINO_USB_MODE=1 -DARDUINO_USB_CDC_ON_BOOT=1 @C:\Users\jferb\AppData\Local\Arduino15\packages\esp32\tools\esp32c3-libs\3.3.7/flags/defines -IG:\My Drive\esp32\Controler html\DefaultcatV2.6\fcon1.1 -iprefix C:\Users\jferb\AppData\Local\Arduino15\packages\esp32\tools\esp32c3-libs\3.3.7/include/ @C:\Users\jferb\AppData\Local\Arduino15\packages\esp32\tools\esp32c3-libs\3.3.7/flags/includes -IC:\Users\jferb\AppData\Local\Arduino15\packages\esp32\tools\esp32c3-libs\3.3.7/qio_qspi/include -IC:\Users\jferb\AppData\Local\Arduino15\packages\esp32\hardware\esp32\3.3.7\cores\esp32 -IC:\Users\jferb\AppData\Local\Arduino15\packages\esp32\hardware\esp32\3.3.7\variants\XIAO_ESP32C3 -IC:\Users\jferb\AppData\Local\Arduino15\packages\esp32\hardware\esp32\3.3.7\libraries\BLE\src -IC:\Users\jferb\AppData\Local\Arduino15\packages\esp32\hardware\esp32\3.3.7\libraries\Preferences\src @G:\My Drive\esp32\Controler html\DefaultcatV2.6\fcon1.1\build/build_opt.h @G:\My Drive\esp32\Controler html\DefaultcatV2.6\fcon1.1\build/file_opts C:\Users\jferb\AppData\Local\Arduino15\packages\esp32\hardware\esp32\3.3.7\libraries\BLE\src\BLEServer.cpp -o nul
C:\Users\jferb\AppData\Local\Arduino15\packages\esp32\tools\esp-rv32\2511/bin/riscv32-esp-elf-g++ -c @C:\Users\jferb\AppData\Local\Arduino15\packages\esp32\tools\esp32c3-libs\3.3.7/flags/cpp_flags -w -Os -Werror=return-type -w -x c++ -E -CC -DF_CPU=160000000L -DARDUINO=10607 -DARDUINO_XIAO_ESP32C3 -DARDUINO_ARCH_ESP32 -DARDUINO_BOARD="XIAO_ESP32C3" -DARDUINO_VARIANT="XIAO_ESP32C3" -DARDUINO_PARTITION_default -DARDUINO_HOST_OS="windows" -DARDUINO_FQBN="esp32:esp32:XIAO_ESP32C3" -DESP32=ESP32 -DCORE_DEBUG_LEVEL=0 -DARDUINO_USB_MODE=1 -DARDUINO_USB_CDC_ON_BOOT=1 @C:\Users\jferb\AppData\Local\Arduino15\packages\esp32\tools\esp32c3-libs\3.3.7/flags/defines -IG:\My Drive\esp32\Controler html\DefaultcatV2.6\fcon1.1 -iprefix C:\Users\jferb\AppData\Local\Arduino15\packages\esp32\tools\esp32c3-libs\3.3.7/include/ @C:\Users\jferb\AppData\Local\Arduino15\packages\esp32\tools\esp32c3-libs\3.3.7/flags/includes -IC:\Users\jferb\AppData\Local\Arduino15\packages\esp32\tools\esp32c3-libs\3.3.7/qio_qspi/include -IC:\Users\jferb\AppData\Local\Arduino15\packages\esp32\hardware\esp32\3.3.7\cores\esp32 -IC:\Users\jferb\AppData\Local\Arduino15\packages\esp32\hardware\esp32\3.3.7\variants\XIAO_ESP32C3 -IC:\Users\jferb\AppData\Local\Arduino15\packages\esp32\hardware\esp32\3.3.7\libraries\BLE\src -IC:\Users\jferb\AppData\Local\Arduino15\packages\esp32\hardware\esp32\3.3.7\libraries\Preferences\src @G:\My Drive\esp32\Controler html\DefaultcatV2.6\fcon1.1\build/build_opt.h @G:\My Drive\esp32\Controler html\DefaultcatV2.6\fcon1.1\build/file_opts C:\Users\jferb\AppData\Local\Arduino15\packages\esp32\hardware\esp32\3.3.7\libraries\BLE\src\BLEService.cpp -o nul
C:\Users\jferb\AppData\Local\Arduino15\packages\esp32\tools\esp-rv32\2511/bin/riscv32-esp-elf-g++ -c @C:\Users\jferb\AppData\Local\Arduino15\packages\esp32\tools\esp32c3-libs\3.3.7/flags/cpp_flags -w -Os -Werror=return-type -w -x c++ -E -CC -DF_CPU=160000000L -DARDUINO=10607 -DARDUINO_XIAO_ESP32C3 -DARDUINO_ARCH_ESP32 -DARDUINO_BOARD="XIAO_ESP32C3" -DARDUINO_VARIANT="XIAO_ESP32C3" -DARDUINO_PARTITION_default -DARDUINO_HOST_OS="windows" -DARDUINO_FQBN="esp32:esp32:XIAO_ESP32C3" -DESP32=ESP32 -DCORE_DEBUG_LEVEL=0 -DARDUINO_USB_MODE=1 -DARDUINO_USB_CDC_ON_BOOT=1 @C:\Users\jferb\AppData\Local\Arduino15\packages\esp32\tools\esp32c3-libs\3.3.7/flags/defines -IG:\My Drive\esp32\Controler html\DefaultcatV2.6\fcon1.1 -iprefix C:\Users\jferb\AppData\Local\Arduino15\packages\esp32\tools\esp32c3-libs\3.3.7/include/ @C:\Users\jferb\AppData\Local\Arduino15\packages\esp32\tools\esp32c3-libs\3.3.7/flags/includes -IC:\Users\jferb\AppData\Local\Arduino15\packages\esp32\tools\esp32c3-libs\3.3.7/qio_qspi/include -IC:\Users\jferb\AppData\Local\Arduino15\packages\esp32\hardware\esp32\3.3.7\cores\esp32 -IC:\Users\jferb\AppData\Local\Arduino15\packages\esp32\hardware\esp32\3.3.7\variants\XIAO_ESP32C3 -IC:\Users\jferb\AppData\Local\Arduino15\packages\esp32\hardware\esp32\3.3.7\libraries\BLE\src -IC:\Users\jferb\AppData\Local\Arduino15\packages\esp32\hardware\esp32\3.3.7\libraries\Preferences\src @G:\My Drive\esp32\Controler html\DefaultcatV2.6\fcon1.1\build/build_opt.h @G:\My Drive\esp32\Controler html\DefaultcatV2.6\fcon1.1\build/file_opts C:\Users\jferb\AppData\Local\Arduino15\packages\esp32\hardware\esp32\3.3.7\libraries\BLE\src\BLEServiceMap.cpp -o nul
C:\Users\jferb\AppData\Local\Arduino15\packages\esp32\tools\esp-rv32\2511/bin/riscv32-esp-elf-g++ -c @C:\Users\jferb\AppData\Local\Arduino15\packages\esp32\tools\esp32c3-libs\3.3.7/flags/cpp_flags -w -Os -Werror=return-type -w -x c++ -E -CC -DF_CPU=160000000L -DARDUINO=10607 -DARDUINO_XIAO_ESP32C3 -DARDUINO_ARCH_ESP32 -DARDUINO_BOARD="XIAO_ESP32C3" -DARDUINO_VARIANT="XIAO_ESP32C3" -DARDUINO_PARTITION_default -DARDUINO_HOST_OS="windows" -DARDUINO_FQBN="esp32:esp32:XIAO_ESP32C3" -DESP32=ESP32 -DCORE_DEBUG_LEVEL=0 -DARDUINO_USB_MODE=1 -DARDUINO_USB_CDC_ON_BOOT=1 @C:\Users\jferb\AppData\Local\Arduino15\packages\esp32\tools\esp32c3-libs\3.3.7/flags/defines -IG:\My Drive\esp32\Controler html\DefaultcatV2.6\fcon1.1 -iprefix C:\Users\jferb\AppData\Local\Arduino15\packages\esp32\tools\esp32c3-libs\3.3.7/include/ @C:\Users\jferb\AppData\Local\Arduino15\packages\esp32\tools\esp32c3-libs\3.3.7/flags/includes -IC:\Users\jferb\AppData\Local\Arduino15\packages\esp32\tools\esp32c3-libs\3.3.7/qio_qspi/include -IC:\Users\jferb\AppData\Local\Arduino15\packages\esp32\hardware\esp32\3.3.7\cores\esp32 -IC:\Users\jferb\AppData\Local\Arduino15\packages\esp32\hardware\esp32\3.3.7\variants\XIAO_ESP32C3 -IC:\Users\jferb\AppData\Local\Arduino15\packages\esp32\hardware\esp32\3.3.7\libraries\BLE\src -IC:\Users\jferb\AppData\Local\Arduino15\packages\esp32\hardware\esp32\3.3.7\libraries\Preferences\src @G:\My Drive\esp32\Controler html\DefaultcatV2.6\fcon1.1\build/build_opt.h @G:\My Drive\esp32\Controler html\DefaultcatV2.6\fcon1.1\build/file_opts C:\Users\jferb\AppData\Local\Arduino15\packages\esp32\hardware\esp32\3.3.7\libraries\BLE\src\BLEUUID.cpp -o nul
C:\Users\jferb\AppData\Local\Arduino15\packages\esp32\tools\esp-rv32\2511/bin/riscv32-esp-elf-g++ -c @C:\Users\jferb\AppData\Local\Arduino15\packages\esp32\tools\esp32c3-libs\3.3.7/flags/cpp_flags -w -Os -Werror=return-type -w -x c++ -E -CC -DF_CPU=160000000L -DARDUINO=10607 -DARDUINO_XIAO_ESP32C3 -DARDUINO_ARCH_ESP32 -DARDUINO_BOARD="XIAO_ESP32C3" -DARDUINO_VARIANT="XIAO_ESP32C3" -DARDUINO_PARTITION_default -DARDUINO_HOST_OS="windows" -DARDUINO_FQBN="esp32:esp32:XIAO_ESP32C3" -DESP32=ESP32 -DCORE_DEBUG_LEVEL=0 -DARDUINO_USB_MODE=1 -DARDUINO_USB_CDC_ON_BOOT=1 @C:\Users\jferb\AppData\Local\Arduino15\packages\esp32\tools\esp32c3-libs\3.3.7/flags/defines -IG:\My Drive\esp32\Controler html\DefaultcatV2.6\fcon1.1 -iprefix C:\Users\jferb\AppData\Local\Arduino15\packages\esp32\tools\esp32c3-libs\3.3.7/include/ @C:\Users\jferb\AppData\Local\Arduino15\packages\esp32\tools\esp32c3-libs\3.3.7/flags/includes -IC:\Users\jferb\AppData\Local\Arduino15\packages\esp32\tools\esp32c3-libs\3.3.7/qio_qspi/include -IC:\Users\jferb\AppData\Local\Arduino15\packages\esp32\hardware\esp32\3.3.7\cores\esp32 -IC:\Users\jferb\AppData\Local\Arduino15\packages\esp32\hardware\esp32\3.3.7\variants\XIAO_ESP32C3 -IC:\Users\jferb\AppData\Local\Arduino15\packages\esp32\hardware\esp32\3.3.7\libraries\BLE\src -IC:\Users\jferb\AppData\Local\Arduino15\packages\esp32\hardware\esp32\3.3.7\libraries\Preferences\src @G:\My Drive\esp32\Controler html\DefaultcatV2.6\fcon1.1\build/build_opt.h @G:\My Drive\esp32\Controler html\DefaultcatV2.6\fcon1.1\build/file_opts C:\Users\jferb\AppData\Local\Arduino15\packages\esp32\hardware\esp32\3.3.7\libraries\BLE\src\BLEUtils.cpp -o nul
C:\Users\jferb\AppData\Local\Arduino15\packages\esp32\tools\esp-rv32\2511/bin/riscv32-esp-elf-g++ -c @C:\Users\jferb\AppData\Local\Arduino15\packages\esp32\tools\esp32c3-libs\3.3.7/flags/cpp_flags -w -Os -Werror=return-type -w -x c++ -E -CC -DF_CPU=160000000L -DARDUINO=10607 -DARDUINO_XIAO_ESP32C3 -DARDUINO_ARCH_ESP32 -DARDUINO_BOARD="XIAO_ESP32C3" -DARDUINO_VARIANT="XIAO_ESP32C3" -DARDUINO_PARTITION_default -DARDUINO_HOST_OS="windows" -DARDUINO_FQBN="esp32:esp32:XIAO_ESP32C3" -DESP32=ESP32 -DCORE_DEBUG_LEVEL=0 -DARDUINO_USB_MODE=1 -DARDUINO_USB_CDC_ON_BOOT=1 @C:\Users\jferb\AppData\Local\Arduino15\packages\esp32\tools\esp32c3-libs\3.3.7/flags/defines -IG:\My Drive\esp32\Controler html\DefaultcatV2.6\fcon1.1 -iprefix C:\Users\jferb\AppData\Local\Arduino15\packages\esp32\tools\esp32c3-libs\3.3.7/include/ @C:\Users\jferb\AppData\Local\Arduino15\packages\esp32\tools\esp32c3-libs\3.3.7/flags/includes -IC:\Users\jferb\AppData\Local\Arduino15\packages\esp32\tools\esp32c3-libs\3.3.7/qio_qspi/include -IC:\Users\jferb\AppData\Local\Arduino15\packages\esp32\hardware\esp32\3.3.7\cores\esp32 -IC:\Users\jferb\AppData\Local\Arduino15\packages\esp32\hardware\esp32\3.3.7\variants\XIAO_ESP32C3 -IC:\Users\jferb\AppData\Local\Arduino15\packages\esp32\hardware\esp32\3.3.7\libraries\BLE\src -IC:\Users\jferb\AppData\Local\Arduino15\packages\esp32\hardware\esp32\3.3.7\libraries\Preferences\src @G:\My Drive\esp32\Controler html\DefaultcatV2.6\fcon1.1\build/build_opt.h @G:\My Drive\esp32\Controler html\DefaultcatV2.6\fcon1.1\build/file_opts C:\Users\jferb\AppData\Local\Arduino15\packages\esp32\hardware\esp32\3.3.7\libraries\BLE\src\BLEValue.cpp -o nul
C:\Users\jferb\AppData\Local\Arduino15\packages\esp32\tools\esp-rv32\2511/bin/riscv32-esp-elf-g++ -c @C:\Users\jferb\AppData\Local\Arduino15\packages\esp32\tools\esp32c3-libs\3.3.7/flags/cpp_flags -w -Os -Werror=return-type -w -x c++ -E -CC -DF_CPU=160000000L -DARDUINO=10607 -DARDUINO_XIAO_ESP32C3 -DARDUINO_ARCH_ESP32 -DARDUINO_BOARD="XIAO_ESP32C3" -DARDUINO_VARIANT="XIAO_ESP32C3" -DARDUINO_PARTITION_default -DARDUINO_HOST_OS="windows" -DARDUINO_FQBN="esp32:esp32:XIAO_ESP32C3" -DESP32=ESP32 -DCORE_DEBUG_LEVEL=0 -DARDUINO_USB_MODE=1 -DARDUINO_USB_CDC_ON_BOOT=1 @C:\Users\jferb\AppData\Local\Arduino15\packages\esp32\tools\esp32c3-libs\3.3.7/flags/defines -IG:\My Drive\esp32\Controler html\DefaultcatV2.6\fcon1.1 -iprefix C:\Users\jferb\AppData\Local\Arduino15\packages\esp32\tools\esp32c3-libs\3.3.7/include/ @C:\Users\jferb\AppData\Local\Arduino15\packages\esp32\tools\esp32c3-libs\3.3.7/flags/includes -IC:\Users\jferb\AppData\Local\Arduino15\packages\esp32\tools\esp32c3-libs\3.3.7/qio_qspi/include -IC:\Users\jferb\AppData\Local\Arduino15\packages\esp32\hardware\esp32\3.3.7\cores\esp32 -IC:\Users\jferb\AppData\Local\Arduino15\packages\esp32\hardware\esp32\3.3.7\variants\XIAO_ESP32C3 -IC:\Users\jferb\AppData\Local\Arduino15\packages\esp32\hardware\esp32\3.3.7\libraries\BLE\src -IC:\Users\jferb\AppData\Local\Arduino15\packages\esp32\hardware\esp32\3.3.7\libraries\Preferences\src @G:\My Drive\esp32\Controler html\DefaultcatV2.6\fcon1.1\build/build_opt.h @G:\My Drive\esp32\Controler html\DefaultcatV2.6\fcon1.1\build/file_opts C:\Users\jferb\AppData\Local\Arduino15\packages\esp32\hardware\esp32\3.3.7\libraries\BLE\src\FreeRTOS.cpp -o nul
C:\Users\jferb\AppData\Local\Arduino15\packages\esp32\tools\esp-rv32\2511/bin/riscv32-esp-elf-g++ -c @C:\Users\jferb\AppData\Local\Arduino15\packages\esp32\tools\esp32c3-libs\3.3.7/flags/cpp_flags -w -Os -Werror=return-type -w -x c++ -E -CC -DF_CPU=160000000L -DARDUINO=10607 -DARDUINO_XIAO_ESP32C3 -DARDUINO_ARCH_ESP32 -DARDUINO_BOARD="XIAO_ESP32C3" -DARDUINO_VARIANT="XIAO_ESP32C3" -DARDUINO_PARTITION_default -DARDUINO_HOST_OS="windows" -DARDUINO_FQBN="esp32:esp32:XIAO_ESP32C3" -DESP32=ESP32 -DCORE_DEBUG_LEVEL=0 -DARDUINO_USB_MODE=1 -DARDUINO_USB_CDC_ON_BOOT=1 @C:\Users\jferb\AppData\Local\Arduino15\packages\esp32\tools\esp32c3-libs\3.3.7/flags/defines -IG:\My Drive\esp32\Controler html\DefaultcatV2.6\fcon1.1 -iprefix C:\Users\jferb\AppData\Local\Arduino15\packages\esp32\tools\esp32c3-libs\3.3.7/include/ @C:\Users\jferb\AppData\Local\Arduino15\packages\esp32\tools\esp32c3-libs\3.3.7/flags/includes -IC:\Users\jferb\AppData\Local\Arduino15\packages\esp32\tools\esp32c3-libs\3.3.7/qio_qspi/include -IC:\Users\jferb\AppData\Local\Arduino15\packages\esp32\hardware\esp32\3.3.7\cores\esp32 -IC:\Users\jferb\AppData\Local\Arduino15\packages\esp32\hardware\esp32\3.3.7\variants\XIAO_ESP32C3 -IC:\Users\jferb\AppData\Local\Arduino15\packages\esp32\hardware\esp32\3.3.7\libraries\BLE\src -IC:\Users\jferb\AppData\Local\Arduino15\packages\esp32\hardware\esp32\3.3.7\libraries\Preferences\src @G:\My Drive\esp32\Controler html\DefaultcatV2.6\fcon1.1\build/build_opt.h @G:\My Drive\esp32\Controler html\DefaultcatV2.6\fcon1.1\build/file_opts C:\Users\jferb\AppData\Local\Arduino15\packages\esp32\hardware\esp32\3.3.7\libraries\BLE\src\GeneralUtils.cpp -o nul
C:\Users\jferb\AppData\Local\Arduino15\packages\esp32\tools\esp-rv32\2511/bin/riscv32-esp-elf-g++ -c @C:\Users\jferb\AppData\Local\Arduino15\packages\esp32\tools\esp32c3-libs\3.3.7/flags/cpp_flags -w -Os -Werror=return-type -w -x c++ -E -CC -DF_CPU=160000000L -DARDUINO=10607 -DARDUINO_XIAO_ESP32C3 -DARDUINO_ARCH_ESP32 -DARDUINO_BOARD="XIAO_ESP32C3" -DARDUINO_VARIANT="XIAO_ESP32C3" -DARDUINO_PARTITION_default -DARDUINO_HOST_OS="windows" -DARDUINO_FQBN="esp32:esp32:XIAO_ESP32C3" -DESP32=ESP32 -DCORE_DEBUG_LEVEL=0 -DARDUINO_USB_MODE=1 -DARDUINO_USB_CDC_ON_BOOT=1 @C:\Users\jferb\AppData\Local\Arduino15\packages\esp32\tools\esp32c3-libs\3.3.7/flags/defines -IG:\My Drive\esp32\Controler html\DefaultcatV2.6\fcon1.1 -iprefix C:\Users\jferb\AppData\Local\Arduino15\packages\esp32\tools\esp32c3-libs\3.3.7/include/ @C:\Users\jferb\AppData\Local\Arduino15\packages\esp32\tools\esp32c3-libs\3.3.7/flags/includes -IC:\Users\jferb\AppData\Local\Arduino15\packages\esp32\tools\esp32c3-libs\3.3.7/qio_qspi/include -IC:\Users\jferb\AppData\Local\Arduino15\packages\esp32\hardware\esp32\3.3.7\cores\esp32 -IC:\Users\jferb\AppData\Local\Arduino15\packages\esp32\hardware\esp32\3.3.7\variants\XIAO_ESP32C3 -IC:\Users\jferb\AppData\Local\Arduino15\packages\esp32\hardware\esp32\3.3.7\libraries\BLE\src -IC:\Users\jferb\AppData\Local\Arduino15\packages\esp32\hardware\esp32\3.3.7\libraries\Preferences\src @G:\My Drive\esp32\Controler html\DefaultcatV2.6\fcon1.1\build/build_opt.h @G:\My Drive\esp32\Controler html\DefaultcatV2.6\fcon1.1\build/file_opts C:\Users\jferb\AppData\Local\Arduino15\packages\esp32\hardware\esp32\3.3.7\libraries\Preferences\src\Preferences.cpp -o nul
Generating function prototypes...
C:\Users\jferb\AppData\Local\Arduino15\packages\esp32\tools\esp-rv32\2511/bin/riscv32-esp-elf-g++ -c @C:\Users\jferb\AppData\Local\Arduino15\packages\esp32\tools\esp32c3-libs\3.3.7/flags/cpp_flags -w -Os -Werror=return-type -w -x c++ -E -CC -DF_CPU=160000000L -DARDUINO=10607 -DARDUINO_XIAO_ESP32C3 -DARDUINO_ARCH_ESP32 -DARDUINO_BOARD="XIAO_ESP32C3" -DARDUINO_VARIANT="XIAO_ESP32C3" -DARDUINO_PARTITION_default -DARDUINO_HOST_OS="windows" -DARDUINO_FQBN="esp32:esp32:XIAO_ESP32C3" -DESP32=ESP32 -DCORE_DEBUG_LEVEL=0 -DARDUINO_USB_MODE=1 -DARDUINO_USB_CDC_ON_BOOT=1 @C:\Users\jferb\AppData\Local\Arduino15\packages\esp32\tools\esp32c3-libs\3.3.7/flags/defines -IG:\My Drive\esp32\Controler html\DefaultcatV2.6\fcon1.1 -iprefix C:\Users\jferb\AppData\Local\Arduino15\packages\esp32\tools\esp32c3-libs\3.3.7/include/ @C:\Users\jferb\AppData\Local\Arduino15\packages\esp32\tools\esp32c3-libs\3.3.7/flags/includes -IC:\Users\jferb\AppData\Local\Arduino15\packages\esp32\tools\esp32c3-libs\3.3.7/qio_qspi/include -IC:\Users\jferb\AppData\Local\Arduino15\packages\esp32\hardware\esp32\3.3.7\cores\esp32 -IC:\Users\jferb\AppData\Local\Arduino15\packages\esp32\hardware\esp32\3.3.7\variants\XIAO_ESP32C3 -IC:\Users\jferb\AppData\Local\Arduino15\packages\esp32\hardware\esp32\3.3.7\libraries\BLE\src -IC:\Users\jferb\AppData\Local\Arduino15\packages\esp32\hardware\esp32\3.3.7\libraries\Preferences\src @G:\My Drive\esp32\Controler html\DefaultcatV2.6\fcon1.1\build/build_opt.h @G:\My Drive\esp32\Controler html\DefaultcatV2.6\fcon1.1\build/file_opts G:\My Drive\esp32\Controler html\DefaultcatV2.6\fcon1.1\build\sketch\fcon1.1.ino.cpp -o C:\Users\jferb\AppData\Local\Temp\2603515860\sketch_merged.cpp
C:\Users\jferb\AppData\Local\Arduino15\packages\builtin\tools\ctags\5.8-arduino11/ctags -u --language-force=c++ -f - --c++-kinds=svpf --fields=KSTtzns --line-directives C:\Users\jferb\AppData\Local\Temp\2603515860\sketch_merged.cpp

Compiling sketch...
"C:\\Users\\jferb\\AppData\\Local\\Arduino15\\packages\\esp32\\tools\\esp-rv32\\2511/bin/riscv32-esp-elf-g++" -MMD -c "@C:\\Users\\jferb\\AppData\\Local\\Arduino15\\packages\\esp32\\tools\\esp32c3-libs\\3.3.7/flags/cpp_flags" -w -Os -Werror=return-type -DF_CPU=160000000L -DARDUINO=10607 -DARDUINO_XIAO_ESP32C3 -DARDUINO_ARCH_ESP32 "-DARDUINO_BOARD=\"XIAO_ESP32C3\"" "-DARDUINO_VARIANT=\"XIAO_ESP32C3\"" -DARDUINO_PARTITION_default "-DARDUINO_HOST_OS=\"windows\"" "-DARDUINO_FQBN=\"esp32:esp32:XIAO_ESP32C3\"" -DESP32=ESP32 -DCORE_DEBUG_LEVEL=0 -DARDUINO_USB_MODE=1 -DARDUINO_USB_CDC_ON_BOOT=1 "@C:\\Users\\jferb\\AppData\\Local\\Arduino15\\packages\\esp32\\tools\\esp32c3-libs\\3.3.7/flags/defines" "-IG:\\My Drive\\esp32\\Controler html\\DefaultcatV2.6\\fcon1.1" -iprefix "C:\\Users\\jferb\\AppData\\Local\\Arduino15\\packages\\esp32\\tools\\esp32c3-libs\\3.3.7/include/" "@C:\\Users\\jferb\\AppData\\Local\\Arduino15\\packages\\esp32\\tools\\esp32c3-libs\\3.3.7/flags/includes" "-IC:\\Users\\jferb\\AppData\\Local\\Arduino15\\packages\\esp32\\tools\\esp32c3-libs\\3.3.7/qio_qspi/include" "-IC:\\Users\\jferb\\AppData\\Local\\Arduino15\\packages\\esp32\\hardware\\esp32\\3.3.7\\cores\\esp32" "-IC:\\Users\\jferb\\AppData\\Local\\Arduino15\\packages\\esp32\\hardware\\esp32\\3.3.7\\variants\\XIAO_ESP32C3" "-IC:\\Users\\jferb\\AppData\\Local\\Arduino15\\packages\\esp32\\hardware\\esp32\\3.3.7\\libraries\\BLE\\src" "-IC:\\Users\\jferb\\AppData\\Local\\Arduino15\\packages\\esp32\\hardware\\esp32\\3.3.7\\libraries\\Preferences\\src" "@G:\\My Drive\\esp32\\Controler html\\DefaultcatV2.6\\fcon1.1\\build/build_opt.h" "@G:\\My Drive\\esp32\\Controler html\\DefaultcatV2.6\\fcon1.1\\build/file_opts" "G:\\My Drive\\esp32\\Controler html\\DefaultcatV2.6\\fcon1.1\\build\\sketch\\fcon1.1.ino.cpp" -o "G:\\My Drive\\esp32\\Controler html\\DefaultcatV2.6\\fcon1.1\\build\\sketch\\fcon1.1.ino.cpp.o"
Compiling libraries...
Compiling library "BLE"
Using previously compiled file: G:\My Drive\esp32\Controler html\DefaultcatV2.6\fcon1.1\build\libraries\BLE\BLEAddress.cpp.o
Using previously compiled file: G:\My Drive\esp32\Controler html\DefaultcatV2.6\fcon1.1\build\libraries\BLE\BLE2901.cpp.o
Using previously compiled file: G:\My Drive\esp32\Controler html\DefaultcatV2.6\fcon1.1\build\libraries\BLE\BLE2902.cpp.o
Using previously compiled file: G:\My Drive\esp32\Controler html\DefaultcatV2.6\fcon1.1\build\libraries\BLE\BLE2904.cpp.o
Using previously compiled file: G:\My Drive\esp32\Controler html\DefaultcatV2.6\fcon1.1\build\libraries\BLE\BLEAdvertisedDevice.cpp.o
Using previously compiled file: G:\My Drive\esp32\Controler html\DefaultcatV2.6\fcon1.1\build\libraries\BLE\BLECharacteristic.cpp.o
Using previously compiled file: G:\My Drive\esp32\Controler html\DefaultcatV2.6\fcon1.1\build\libraries\BLE\BLEAdvertising.cpp.o
Using previously compiled file: G:\My Drive\esp32\Controler html\DefaultcatV2.6\fcon1.1\build\libraries\BLE\BLEBeacon.cpp.o
Using previously compiled file: G:\My Drive\esp32\Controler html\DefaultcatV2.6\fcon1.1\build\libraries\BLE\BLECharacteristicMap.cpp.o
Using previously compiled file: G:\My Drive\esp32\Controler html\DefaultcatV2.6\fcon1.1\build\libraries\BLE\BLEDescriptor.cpp.o
Using previously compiled file: G:\My Drive\esp32\Controler html\DefaultcatV2.6\fcon1.1\build\libraries\BLE\BLEClient.cpp.o
Using previously compiled file: G:\My Drive\esp32\Controler html\DefaultcatV2.6\fcon1.1\build\libraries\BLE\BLEDescriptorMap.cpp.o
Using previously compiled file: G:\My Drive\esp32\Controler html\DefaultcatV2.6\fcon1.1\build\libraries\BLE\BLEDevice.cpp.o
Using previously compiled file: G:\My Drive\esp32\Controler html\DefaultcatV2.6\fcon1.1\build\libraries\BLE\BLEExceptions.cpp.o
Using previously compiled file: G:\My Drive\esp32\Controler html\DefaultcatV2.6\fcon1.1\build\libraries\BLE\BLEEddystoneURL.cpp.o
Using previously compiled file: G:\My Drive\esp32\Controler html\DefaultcatV2.6\fcon1.1\build\libraries\BLE\BLEEddystoneTLM.cpp.o
Using previously compiled file: G:\My Drive\esp32\Controler html\DefaultcatV2.6\fcon1.1\build\libraries\BLE\BLEHIDDevice.cpp.o
Using previously compiled file: G:\My Drive\esp32\Controler html\DefaultcatV2.6\fcon1.1\build\libraries\BLE\BLERemoteDescriptor.cpp.o
Using previously compiled file: G:\My Drive\esp32\Controler html\DefaultcatV2.6\fcon1.1\build\libraries\BLE\BLERemoteCharacteristic.cpp.o
Using previously compiled file: G:\My Drive\esp32\Controler html\DefaultcatV2.6\fcon1.1\build\libraries\BLE\BLERemoteService.cpp.o
Using previously compiled file: G:\My Drive\esp32\Controler html\DefaultcatV2.6\fcon1.1\build\libraries\BLE\BLEScan.cpp.o
Using previously compiled file: G:\My Drive\esp32\Controler html\DefaultcatV2.6\fcon1.1\build\libraries\BLE\BLESecurity.cpp.o
Using previously compiled file: G:\My Drive\esp32\Controler html\DefaultcatV2.6\fcon1.1\build\libraries\BLE\BLEServer.cpp.o
Using previously compiled file: G:\My Drive\esp32\Controler html\DefaultcatV2.6\fcon1.1\build\libraries\BLE\BLEService.cpp.o
"C:\\Users\\jferb\\AppData\\Local\\Arduino15\\packages\\esp32\\tools\\esp-rv32\\2511/bin/riscv32-esp-elf-g++" -MMD -c "@C:\\Users\\jferb\\AppData\\Local\\Arduino15\\packages\\esp32\\tools\\esp32c3-libs\\3.3.7/flags/cpp_flags" -w -Os -Werror=return-type -DF_CPU=160000000L -DARDUINO=10607 -DARDUINO_XIAO_ESP32C3 -DARDUINO_ARCH_ESP32 "-DARDUINO_BOARD=\"XIAO_ESP32C3\"" "-DARDUINO_VARIANT=\"XIAO_ESP32C3\"" -DARDUINO_PARTITION_default "-DARDUINO_HOST_OS=\"windows\"" "-DARDUINO_FQBN=\"esp32:esp32:XIAO_ESP32C3\"" -DESP32=ESP32 -DCORE_DEBUG_LEVEL=0 -DARDUINO_USB_MODE=1 -DARDUINO_USB_CDC_ON_BOOT=1 "@C:\\Users\\jferb\\AppData\\Local\\Arduino15\\packages\\esp32\\tools\\esp32c3-libs\\3.3.7/flags/defines" "-IG:\\My Drive\\esp32\\Controler html\\DefaultcatV2.6\\fcon1.1" -iprefix "C:\\Users\\jferb\\AppData\\Local\\Arduino15\\packages\\esp32\\tools\\esp32c3-libs\\3.3.7/include/" "@C:\\Users\\jferb\\AppData\\Local\\Arduino15\\packages\\esp32\\tools\\esp32c3-libs\\3.3.7/flags/includes" "-IC:\\Users\\jferb\\AppData\\Local\\Arduino15\\packages\\esp32\\tools\\esp32c3-libs\\3.3.7/qio_qspi/include" "-IC:\\Users\\jferb\\AppData\\Local\\Arduino15\\packages\\esp32\\hardware\\esp32\\3.3.7\\cores\\esp32" "-IC:\\Users\\jferb\\AppData\\Local\\Arduino15\\packages\\esp32\\hardware\\esp32\\3.3.7\\variants\\XIAO_ESP32C3" "-IC:\\Users\\jferb\\AppData\\Local\\Arduino15\\packages\\esp32\\hardware\\esp32\\3.3.7\\libraries\\BLE\\src" "-IC:\\Users\\jferb\\AppData\\Local\\Arduino15\\packages\\esp32\\hardware\\esp32\\3.3.7\\libraries\\Preferences\\src" "@G:\\My Drive\\esp32\\Controler html\\DefaultcatV2.6\\fcon1.1\\build/build_opt.h" "@G:\\My Drive\\esp32\\Controler html\\DefaultcatV2.6\\fcon1.1\\build/file_opts" "C:\\Users\\jferb\\AppData\\Local\\Arduino15\\packages\\esp32\\hardware\\esp32\\3.3.7\\libraries\\BLE\\src\\BLEUtils.cpp" -o "G:\\My Drive\\esp32\\Controler html\\DefaultcatV2.6\\fcon1.1\\build\\libraries\\BLE\\BLEUtils.cpp.o"
Using previously compiled file: G:\My Drive\esp32\Controler html\DefaultcatV2.6\fcon1.1\build\libraries\BLE\BLEUUID.cpp.o
Using previously compiled file: G:\My Drive\esp32\Controler html\DefaultcatV2.6\fcon1.1\build\libraries\BLE\BLEServiceMap.cpp.o
Using previously compiled file: G:\My Drive\esp32\Controler html\DefaultcatV2.6\fcon1.1\build\libraries\BLE\BLEValue.cpp.o
"C:\\Users\\jferb\\AppData\\Local\\Arduino15\\packages\\esp32\\tools\\esp-rv32\\2511/bin/riscv32-esp-elf-g++" -MMD -c "@C:\\Users\\jferb\\AppData\\Local\\Arduino15\\packages\\esp32\\tools\\esp32c3-libs\\3.3.7/flags/cpp_flags" -w -Os -Werror=return-type -DF_CPU=160000000L -DARDUINO=10607 -DARDUINO_XIAO_ESP32C3 -DARDUINO_ARCH_ESP32 "-DARDUINO_BOARD=\"XIAO_ESP32C3\"" "-DARDUINO_VARIANT=\"XIAO_ESP32C3\"" -DARDUINO_PARTITION_default "-DARDUINO_HOST_OS=\"windows\"" "-DARDUINO_FQBN=\"esp32:esp32:XIAO_ESP32C3\"" -DESP32=ESP32 -DCORE_DEBUG_LEVEL=0 -DARDUINO_USB_MODE=1 -DARDUINO_USB_CDC_ON_BOOT=1 "@C:\\Users\\jferb\\AppData\\Local\\Arduino15\\packages\\esp32\\tools\\esp32c3-libs\\3.3.7/flags/defines" "-IG:\\My Drive\\esp32\\Controler html\\DefaultcatV2.6\\fcon1.1" -iprefix "C:\\Users\\jferb\\AppData\\Local\\Arduino15\\packages\\esp32\\tools\\esp32c3-libs\\3.3.7/include/" "@C:\\Users\\jferb\\AppData\\Local\\Arduino15\\packages\\esp32\\tools\\esp32c3-libs\\3.3.7/flags/includes" "-IC:\\Users\\jferb\\AppData\\Local\\Arduino15\\packages\\esp32\\tools\\esp32c3-libs\\3.3.7/qio_qspi/include" "-IC:\\Users\\jferb\\AppData\\Local\\Arduino15\\packages\\esp32\\hardware\\esp32\\3.3.7\\cores\\esp32" "-IC:\\Users\\jferb\\AppData\\Local\\Arduino15\\packages\\esp32\\hardware\\esp32\\3.3.7\\variants\\XIAO_ESP32C3" "-IC:\\Users\\jferb\\AppData\\Local\\Arduino15\\packages\\esp32\\hardware\\esp32\\3.3.7\\libraries\\BLE\\src" "-IC:\\Users\\jferb\\AppData\\Local\\Arduino15\\packages\\esp32\\hardware\\esp32\\3.3.7\\libraries\\Preferences\\src" "@G:\\My Drive\\esp32\\Controler html\\DefaultcatV2.6\\fcon1.1\\build/build_opt.h" "@G:\\My Drive\\esp32\\Controler html\\DefaultcatV2.6\\fcon1.1\\build/file_opts" "C:\\Users\\jferb\\AppData\\Local\\Arduino15\\packages\\esp32\\hardware\\esp32\\3.3.7\\libraries\\BLE\\src\\FreeRTOS.cpp" -o "G:\\My Drive\\esp32\\Controler html\\DefaultcatV2.6\\fcon1.1\\build\\libraries\\BLE\\FreeRTOS.cpp.o"
"C:\\Users\\jferb\\AppData\\Local\\Arduino15\\packages\\esp32\\tools\\esp-rv32\\2511/bin/riscv32-esp-elf-g++" -MMD -c "@C:\\Users\\jferb\\AppData\\Local\\Arduino15\\packages\\esp32\\tools\\esp32c3-libs\\3.3.7/flags/cpp_flags" -w -Os -Werror=return-type -DF_CPU=160000000L -DARDUINO=10607 -DARDUINO_XIAO_ESP32C3 -DARDUINO_ARCH_ESP32 "-DARDUINO_BOARD=\"XIAO_ESP32C3\"" "-DARDUINO_VARIANT=\"XIAO_ESP32C3\"" -DARDUINO_PARTITION_default "-DARDUINO_HOST_OS=\"windows\"" "-DARDUINO_FQBN=\"esp32:esp32:XIAO_ESP32C3\"" -DESP32=ESP32 -DCORE_DEBUG_LEVEL=0 -DARDUINO_USB_MODE=1 -DARDUINO_USB_CDC_ON_BOOT=1 "@C:\\Users\\jferb\\AppData\\Local\\Arduino15\\packages\\esp32\\tools\\esp32c3-libs\\3.3.7/flags/defines" "-IG:\\My Drive\\esp32\\Controler html\\DefaultcatV2.6\\fcon1.1" -iprefix "C:\\Users\\jferb\\AppData\\Local\\Arduino15\\packages\\esp32\\tools\\esp32c3-libs\\3.3.7/include/" "@C:\\Users\\jferb\\AppData\\Local\\Arduino15\\packages\\esp32\\tools\\esp32c3-libs\\3.3.7/flags/includes" "-IC:\\Users\\jferb\\AppData\\Local\\Arduino15\\packages\\esp32\\tools\\esp32c3-libs\\3.3.7/qio_qspi/include" "-IC:\\Users\\jferb\\AppData\\Local\\Arduino15\\packages\\esp32\\hardware\\esp32\\3.3.7\\cores\\esp32" "-IC:\\Users\\jferb\\AppData\\Local\\Arduino15\\packages\\esp32\\hardware\\esp32\\3.3.7\\variants\\XIAO_ESP32C3" "-IC:\\Users\\jferb\\AppData\\Local\\Arduino15\\packages\\esp32\\hardware\\esp32\\3.3.7\\libraries\\BLE\\src" "-IC:\\Users\\jferb\\AppData\\Local\\Arduino15\\packages\\esp32\\hardware\\esp32\\3.3.7\\libraries\\Preferences\\src" "@G:\\My Drive\\esp32\\Controler html\\DefaultcatV2.6\\fcon1.1\\build/build_opt.h" "@G:\\My Drive\\esp32\\Controler html\\DefaultcatV2.6\\fcon1.1\\build/file_opts" "C:\\Users\\jferb\\AppData\\Local\\Arduino15\\packages\\esp32\\hardware\\esp32\\3.3.7\\libraries\\BLE\\src\\GeneralUtils.cpp" -o "G:\\My Drive\\esp32\\Controler html\\DefaultcatV2.6\\fcon1.1\\build\\libraries\\BLE\\GeneralUtils.cpp.o"
Compiling library "Preferences"
"C:\\Users\\jferb\\AppData\\Local\\Arduino15\\packages\\esp32\\tools\\esp-rv32\\2511/bin/riscv32-esp-elf-g++" -MMD -c "@C:\\Users\\jferb\\AppData\\Local\\Arduino15\\packages\\esp32\\tools\\esp32c3-libs\\3.3.7/flags/cpp_flags" -w -Os -Werror=return-type -DF_CPU=160000000L -DARDUINO=10607 -DARDUINO_XIAO_ESP32C3 -DARDUINO_ARCH_ESP32 "-DARDUINO_BOARD=\"XIAO_ESP32C3\"" "-DARDUINO_VARIANT=\"XIAO_ESP32C3\"" -DARDUINO_PARTITION_default "-DARDUINO_HOST_OS=\"windows\"" "-DARDUINO_FQBN=\"esp32:esp32:XIAO_ESP32C3\"" -DESP32=ESP32 -DCORE_DEBUG_LEVEL=0 -DARDUINO_USB_MODE=1 -DARDUINO_USB_CDC_ON_BOOT=1 "@C:\\Users\\jferb\\AppData\\Local\\Arduino15\\packages\\esp32\\tools\\esp32c3-libs\\3.3.7/flags/defines" "-IG:\\My Drive\\esp32\\Controler html\\DefaultcatV2.6\\fcon1.1" -iprefix "C:\\Users\\jferb\\AppData\\Local\\Arduino15\\packages\\esp32\\tools\\esp32c3-libs\\3.3.7/include/" "@C:\\Users\\jferb\\AppData\\Local\\Arduino15\\packages\\esp32\\tools\\esp32c3-libs\\3.3.7/flags/includes" "-IC:\\Users\\jferb\\AppData\\Local\\Arduino15\\packages\\esp32\\tools\\esp32c3-libs\\3.3.7/qio_qspi/include" "-IC:\\Users\\jferb\\AppData\\Local\\Arduino15\\packages\\esp32\\hardware\\esp32\\3.3.7\\cores\\esp32" "-IC:\\Users\\jferb\\AppData\\Local\\Arduino15\\packages\\esp32\\hardware\\esp32\\3.3.7\\variants\\XIAO_ESP32C3" "-IC:\\Users\\jferb\\AppData\\Local\\Arduino15\\packages\\esp32\\hardware\\esp32\\3.3.7\\libraries\\BLE\\src" "-IC:\\Users\\jferb\\AppData\\Local\\Arduino15\\packages\\esp32\\hardware\\esp32\\3.3.7\\libraries\\Preferences\\src" "@G:\\My Drive\\esp32\\Controler html\\DefaultcatV2.6\\fcon1.1\\build/build_opt.h" "@G:\\My Drive\\esp32\\Controler html\\DefaultcatV2.6\\fcon1.1\\build/file_opts" "C:\\Users\\jferb\\AppData\\Local\\Arduino15\\packages\\esp32\\hardware\\esp32\\3.3.7\\libraries\\Preferences\\src\\Preferences.cpp" -o "G:\\My Drive\\esp32\\Controler html\\DefaultcatV2.6\\fcon1.1\\build\\libraries\\Preferences\\Preferences.cpp.o"
Compiling core...
cmd /c echo -DARDUINO_CORE_BUILD > "G:\\My Drive\\esp32\\Controler html\\DefaultcatV2.6\\fcon1.1\\build/file_opts"
"C:\\Users\\jferb\\AppData\\Local\\Arduino15\\packages\\esp32\\tools\\esp-rv32\\2511/bin/riscv32-esp-elf-g++" -MMD -c "@C:\\Users\\jferb\\AppData\\Local\\Arduino15\\packages\\esp32\\tools\\esp32c3-libs\\3.3.7/flags/cpp_flags" -w -Os -Werror=return-type -DF_CPU=160000000L -DARDUINO=10607 -DARDUINO_XIAO_ESP32C3 -DARDUINO_ARCH_ESP32 "-DARDUINO_BOARD=\"XIAO_ESP32C3\"" "-DARDUINO_VARIANT=\"XIAO_ESP32C3\"" -DARDUINO_PARTITION_default "-DARDUINO_HOST_OS=\"windows\"" "-DARDUINO_FQBN=\"esp32:esp32:XIAO_ESP32C3\"" -DESP32=ESP32 -DCORE_DEBUG_LEVEL=0 -DARDUINO_USB_MODE=1 -DARDUINO_USB_CDC_ON_BOOT=1 "@C:\\Users\\jferb\\AppData\\Local\\Arduino15\\packages\\esp32\\tools\\esp32c3-libs\\3.3.7/flags/defines" "-IG:\\My Drive\\esp32\\Controler html\\DefaultcatV2.6\\fcon1.1" -iprefix "C:\\Users\\jferb\\AppData\\Local\\Arduino15\\packages\\esp32\\tools\\esp32c3-libs\\3.3.7/include/" "@C:\\Users\\jferb\\AppData\\Local\\Arduino15\\packages\\esp32\\tools\\esp32c3-libs\\3.3.7/flags/includes" "-IC:\\Users\\jferb\\AppData\\Local\\Arduino15\\packages\\esp32\\tools\\esp32c3-libs\\3.3.7/qio_qspi/include" "-IC:\\Users\\jferb\\AppData\\Local\\Arduino15\\packages\\esp32\\hardware\\esp32\\3.3.7\\cores\\esp32" "-IC:\\Users\\jferb\\AppData\\Local\\Arduino15\\packages\\esp32\\hardware\\esp32\\3.3.7\\variants\\XIAO_ESP32C3" "@G:\\My Drive\\esp32\\Controler html\\DefaultcatV2.6\\fcon1.1\\build/build_opt.h" "@G:\\My Drive\\esp32\\Controler html\\DefaultcatV2.6\\fcon1.1\\build/file_opts" "C:\\Users\\jferb\\AppData\\Local\\Arduino15\\packages\\esp32\\hardware\\esp32\\3.3.7\\cores\\esp32\\FunctionalInterrupt.cpp" -o "G:\\My Drive\\esp32\\Controler html\\DefaultcatV2.6\\fcon1.1\\build\\core\\FunctionalInterrupt.cpp.o"
"C:\\Users\\jferb\\AppData\\Local\\Arduino15\\packages\\esp32\\tools\\esp-rv32\\2511/bin/riscv32-esp-elf-g++" -MMD -c "@C:\\Users\\jferb\\AppData\\Local\\Arduino15\\packages\\esp32\\tools\\esp32c3-libs\\3.3.7/flags/cpp_flags" -w -Os -Werror=return-type -DF_CPU=160000000L -DARDUINO=10607 -DARDUINO_XIAO_ESP32C3 -DARDUINO_ARCH_ESP32 "-DARDUINO_BOARD=\"XIAO_ESP32C3\"" "-DARDUINO_VARIANT=\"XIAO_ESP32C3\"" -DARDUINO_PARTITION_default "-DARDUINO_HOST_OS=\"windows\"" "-DARDUINO_FQBN=\"esp32:esp32:XIAO_ESP32C3\"" -DESP32=ESP32 -DCORE_DEBUG_LEVEL=0 -DARDUINO_USB_MODE=1 -DARDUINO_USB_CDC_ON_BOOT=1 "@C:\\Users\\jferb\\AppData\\Local\\Arduino15\\packages\\esp32\\tools\\esp32c3-libs\\3.3.7/flags/defines" "-IG:\\My Drive\\esp32\\Controler html\\DefaultcatV2.6\\fcon1.1" -iprefix "C:\\Users\\jferb\\AppData\\Local\\Arduino15\\packages\\esp32\\tools\\esp32c3-libs\\3.3.7/include/" "@C:\\Users\\jferb\\AppData\\Local\\Arduino15\\packages\\esp32\\tools\\esp32c3-libs\\3.3.7/flags/includes" "-IC:\\Users\\jferb\\AppData\\Local\\Arduino15\\packages\\esp32\\tools\\esp32c3-libs\\3.3.7/qio_qspi/include" "-IC:\\Users\\jferb\\AppData\\Local\\Arduino15\\packages\\esp32\\hardware\\esp32\\3.3.7\\cores\\esp32" "-IC:\\Users\\jferb\\AppData\\Local\\Arduino15\\packages\\esp32\\hardware\\esp32\\3.3.7\\variants\\XIAO_ESP32C3" "@G:\\My Drive\\esp32\\Controler html\\DefaultcatV2.6\\fcon1.1\\build/build_opt.h" "@G:\\My Drive\\esp32\\Controler html\\DefaultcatV2.6\\fcon1.1\\build/file_opts" "C:\\Users\\jferb\\AppData\\Local\\Arduino15\\packages\\esp32\\hardware\\esp32\\3.3.7\\cores\\esp32\\Esp.cpp" -o "G:\\My Drive\\esp32\\Controler html\\DefaultcatV2.6\\fcon1.1\\build\\core\\Esp.cpp.o"
Using previously compiled file: G:\My Drive\esp32\Controler html\DefaultcatV2.6\fcon1.1\build\core\ColorFormat.c.o
Using previously compiled file: G:\My Drive\esp32\Controler html\DefaultcatV2.6\fcon1.1\build\core\FirmwareMSC.cpp.o
"C:\\Users\\jferb\\AppData\\Local\\Arduino15\\packages\\esp32\\tools\\esp-rv32\\2511/bin/riscv32-esp-elf-g++" -MMD -c "@C:\\Users\\jferb\\AppData\\Local\\Arduino15\\packages\\esp32\\tools\\esp32c3-libs\\3.3.7/flags/cpp_flags" -w -Os -Werror=return-type -DF_CPU=160000000L -DARDUINO=10607 -DARDUINO_XIAO_ESP32C3 -DARDUINO_ARCH_ESP32 "-DARDUINO_BOARD=\"XIAO_ESP32C3\"" "-DARDUINO_VARIANT=\"XIAO_ESP32C3\"" -DARDUINO_PARTITION_default "-DARDUINO_HOST_OS=\"windows\"" "-DARDUINO_FQBN=\"esp32:esp32:XIAO_ESP32C3\"" -DESP32=ESP32 -DCORE_DEBUG_LEVEL=0 -DARDUINO_USB_MODE=1 -DARDUINO_USB_CDC_ON_BOOT=1 "@C:\\Users\\jferb\\AppData\\Local\\Arduino15\\packages\\esp32\\tools\\esp32c3-libs\\3.3.7/flags/defines" "-IG:\\My Drive\\esp32\\Controler html\\DefaultcatV2.6\\fcon1.1" -iprefix "C:\\Users\\jferb\\AppData\\Local\\Arduino15\\packages\\esp32\\tools\\esp32c3-libs\\3.3.7/include/" "@C:\\Users\\jferb\\AppData\\Local\\Arduino15\\packages\\esp32\\tools\\esp32c3-libs\\3.3.7/flags/includes" "-IC:\\Users\\jferb\\AppData\\Local\\Arduino15\\packages\\esp32\\tools\\esp32c3-libs\\3.3.7/qio_qspi/include" "-IC:\\Users\\jferb\\AppData\\Local\\Arduino15\\packages\\esp32\\hardware\\esp32\\3.3.7\\cores\\esp32" "-IC:\\Users\\jferb\\AppData\\Local\\Arduino15\\packages\\esp32\\hardware\\esp32\\3.3.7\\variants\\XIAO_ESP32C3" "@G:\\My Drive\\esp32\\Controler html\\DefaultcatV2.6\\fcon1.1\\build/build_opt.h" "@G:\\My Drive\\esp32\\Controler html\\DefaultcatV2.6\\fcon1.1\\build/file_opts" "C:\\Users\\jferb\\AppData\\Local\\Arduino15\\packages\\esp32\\hardware\\esp32\\3.3.7\\cores\\esp32\\HEXBuilder.cpp" -o "G:\\My Drive\\esp32\\Controler html\\DefaultcatV2.6\\fcon1.1\\build\\core\\HEXBuilder.cpp.o"
"C:\\Users\\jferb\\AppData\\Local\\Arduino15\\packages\\esp32\\tools\\esp-rv32\\2511/bin/riscv32-esp-elf-g++" -MMD -c "@C:\\Users\\jferb\\AppData\\Local\\Arduino15\\packages\\esp32\\tools\\esp32c3-libs\\3.3.7/flags/cpp_flags" -w -Os -Werror=return-type -DF_CPU=160000000L -DARDUINO=10607 -DARDUINO_XIAO_ESP32C3 -DARDUINO_ARCH_ESP32 "-DARDUINO_BOARD=\"XIAO_ESP32C3\"" "-DARDUINO_VARIANT=\"XIAO_ESP32C3\"" -DARDUINO_PARTITION_default "-DARDUINO_HOST_OS=\"windows\"" "-DARDUINO_FQBN=\"esp32:esp32:XIAO_ESP32C3\"" -DESP32=ESP32 -DCORE_DEBUG_LEVEL=0 -DARDUINO_USB_MODE=1 -DARDUINO_USB_CDC_ON_BOOT=1 "@C:\\Users\\jferb\\AppData\\Local\\Arduino15\\packages\\esp32\\tools\\esp32c3-libs\\3.3.7/flags/defines" "-IG:\\My Drive\\esp32\\Controler html\\DefaultcatV2.6\\fcon1.1" -iprefix "C:\\Users\\jferb\\AppData\\Local\\Arduino15\\packages\\esp32\\tools\\esp32c3-libs\\3.3.7/include/" "@C:\\Users\\jferb\\AppData\\Local\\Arduino15\\packages\\esp32\\tools\\esp32c3-libs\\3.3.7/flags/includes" "-IC:\\Users\\jferb\\AppData\\Local\\Arduino15\\packages\\esp32\\tools\\esp32c3-libs\\3.3.7/qio_qspi/include" "-IC:\\Users\\jferb\\AppData\\Local\\Arduino15\\packages\\esp32\\hardware\\esp32\\3.3.7\\cores\\esp32" "-IC:\\Users\\jferb\\AppData\\Local\\Arduino15\\packages\\esp32\\hardware\\esp32\\3.3.7\\variants\\XIAO_ESP32C3" "@G:\\My Drive\\esp32\\Controler html\\DefaultcatV2.6\\fcon1.1\\build/build_opt.h" "@G:\\My Drive\\esp32\\Controler html\\DefaultcatV2.6\\fcon1.1\\build/file_opts" "C:\\Users\\jferb\\AppData\\Local\\Arduino15\\packages\\esp32\\hardware\\esp32\\3.3.7\\cores\\esp32\\HWCDC.cpp" -o "G:\\My Drive\\esp32\\Controler html\\DefaultcatV2.6\\fcon1.1\\build\\core\\HWCDC.cpp.o"
"C:\\Users\\jferb\\AppData\\Local\\Arduino15\\packages\\esp32\\tools\\esp-rv32\\2511/bin/riscv32-esp-elf-g++" -MMD -c "@C:\\Users\\jferb\\AppData\\Local\\Arduino15\\packages\\esp32\\tools\\esp32c3-libs\\3.3.7/flags/cpp_flags" -w -Os -Werror=return-type -DF_CPU=160000000L -DARDUINO=10607 -DARDUINO_XIAO_ESP32C3 -DARDUINO_ARCH_ESP32 "-DARDUINO_BOARD=\"XIAO_ESP32C3\"" "-DARDUINO_VARIANT=\"XIAO_ESP32C3\"" -DARDUINO_PARTITION_default "-DARDUINO_HOST_OS=\"windows\"" "-DARDUINO_FQBN=\"esp32:esp32:XIAO_ESP32C3\"" -DESP32=ESP32 -DCORE_DEBUG_LEVEL=0 -DARDUINO_USB_MODE=1 -DARDUINO_USB_CDC_ON_BOOT=1 "@C:\\Users\\jferb\\AppData\\Local\\Arduino15\\packages\\esp32\\tools\\esp32c3-libs\\3.3.7/flags/defines" "-IG:\\My Drive\\esp32\\Controler html\\DefaultcatV2.6\\fcon1.1" -iprefix "C:\\Users\\jferb\\AppData\\Local\\Arduino15\\packages\\esp32\\tools\\esp32c3-libs\\3.3.7/include/" "@C:\\Users\\jferb\\AppData\\Local\\Arduino15\\packages\\esp32\\tools\\esp32c3-libs\\3.3.7/flags/includes" "-IC:\\Users\\jferb\\AppData\\Local\\Arduino15\\packages\\esp32\\tools\\esp32c3-libs\\3.3.7/qio_qspi/include" "-IC:\\Users\\jferb\\AppData\\Local\\Arduino15\\packages\\esp32\\hardware\\esp32\\3.3.7\\cores\\esp32" "-IC:\\Users\\jferb\\AppData\\Local\\Arduino15\\packages\\esp32\\hardware\\esp32\\3.3.7\\variants\\XIAO_ESP32C3" "@G:\\My Drive\\esp32\\Controler html\\DefaultcatV2.6\\fcon1.1\\build/build_opt.h" "@G:\\My Drive\\esp32\\Controler html\\DefaultcatV2.6\\fcon1.1\\build/file_opts" "C:\\Users\\jferb\\AppData\\Local\\Arduino15\\packages\\esp32\\hardware\\esp32\\3.3.7\\cores\\esp32\\HardwareSerial.cpp" -o "G:\\My Drive\\esp32\\Controler html\\DefaultcatV2.6\\fcon1.1\\build\\core\\HardwareSerial.cpp.o"
"C:\\Users\\jferb\\AppData\\Local\\Arduino15\\packages\\esp32\\tools\\esp-rv32\\2511/bin/riscv32-esp-elf-g++" -MMD -c "@C:\\Users\\jferb\\AppData\\Local\\Arduino15\\packages\\esp32\\tools\\esp32c3-libs\\3.3.7/flags/cpp_flags" -w -Os -Werror=return-type -DF_CPU=160000000L -DARDUINO=10607 -DARDUINO_XIAO_ESP32C3 -DARDUINO_ARCH_ESP32 "-DARDUINO_BOARD=\"XIAO_ESP32C3\"" "-DARDUINO_VARIANT=\"XIAO_ESP32C3\"" -DARDUINO_PARTITION_default "-DARDUINO_HOST_OS=\"windows\"" "-DARDUINO_FQBN=\"esp32:esp32:XIAO_ESP32C3\"" -DESP32=ESP32 -DCORE_DEBUG_LEVEL=0 -DARDUINO_USB_MODE=1 -DARDUINO_USB_CDC_ON_BOOT=1 "@C:\\Users\\jferb\\AppData\\Local\\Arduino15\\packages\\esp32\\tools\\esp32c3-libs\\3.3.7/flags/defines" "-IG:\\My Drive\\esp32\\Controler html\\DefaultcatV2.6\\fcon1.1" -iprefix "C:\\Users\\jferb\\AppData\\Local\\Arduino15\\packages\\esp32\\tools\\esp32c3-libs\\3.3.7/include/" "@C:\\Users\\jferb\\AppData\\Local\\Arduino15\\packages\\esp32\\tools\\esp32c3-libs\\3.3.7/flags/includes" "-IC:\\Users\\jferb\\AppData\\Local\\Arduino15\\packages\\esp32\\tools\\esp32c3-libs\\3.3.7/qio_qspi/include" "-IC:\\Users\\jferb\\AppData\\Local\\Arduino15\\packages\\esp32\\hardware\\esp32\\3.3.7\\cores\\esp32" "-IC:\\Users\\jferb\\AppData\\Local\\Arduino15\\packages\\esp32\\hardware\\esp32\\3.3.7\\variants\\XIAO_ESP32C3" "@G:\\My Drive\\esp32\\Controler html\\DefaultcatV2.6\\fcon1.1\\build/build_opt.h" "@G:\\My Drive\\esp32\\Controler html\\DefaultcatV2.6\\fcon1.1\\build/file_opts" "C:\\Users\\jferb\\AppData\\Local\\Arduino15\\packages\\esp32\\hardware\\esp32\\3.3.7\\cores\\esp32\\HashBuilder.cpp" -o "G:\\My Drive\\esp32\\Controler html\\DefaultcatV2.6\\fcon1.1\\build\\core\\HashBuilder.cpp.o"
"C:\\Users\\jferb\\AppData\\Local\\Arduino15\\packages\\esp32\\tools\\esp-rv32\\2511/bin/riscv32-esp-elf-g++" -MMD -c "@C:\\Users\\jferb\\AppData\\Local\\Arduino15\\packages\\esp32\\tools\\esp32c3-libs\\3.3.7/flags/cpp_flags" -w -Os -Werror=return-type -DF_CPU=160000000L -DARDUINO=10607 -DARDUINO_XIAO_ESP32C3 -DARDUINO_ARCH_ESP32 "-DARDUINO_BOARD=\"XIAO_ESP32C3\"" "-DARDUINO_VARIANT=\"XIAO_ESP32C3\"" -DARDUINO_PARTITION_default "-DARDUINO_HOST_OS=\"windows\"" "-DARDUINO_FQBN=\"esp32:esp32:XIAO_ESP32C3\"" -DESP32=ESP32 -DCORE_DEBUG_LEVEL=0 -DARDUINO_USB_MODE=1 -DARDUINO_USB_CDC_ON_BOOT=1 "@C:\\Users\\jferb\\AppData\\Local\\Arduino15\\packages\\esp32\\tools\\esp32c3-libs\\3.3.7/flags/defines" "-IG:\\My Drive\\esp32\\Controler html\\DefaultcatV2.6\\fcon1.1" -iprefix "C:\\Users\\jferb\\AppData\\Local\\Arduino15\\packages\\esp32\\tools\\esp32c3-libs\\3.3.7/include/" "@C:\\Users\\jferb\\AppData\\Local\\Arduino15\\packages\\esp32\\tools\\esp32c3-libs\\3.3.7/flags/includes" "-IC:\\Users\\jferb\\AppData\\Local\\Arduino15\\packages\\esp32\\tools\\esp32c3-libs\\3.3.7/qio_qspi/include" "-IC:\\Users\\jferb\\AppData\\Local\\Arduino15\\packages\\esp32\\hardware\\esp32\\3.3.7\\cores\\esp32" "-IC:\\Users\\jferb\\AppData\\Local\\Arduino15\\packages\\esp32\\hardware\\esp32\\3.3.7\\variants\\XIAO_ESP32C3" "@G:\\My Drive\\esp32\\Controler html\\DefaultcatV2.6\\fcon1.1\\build/build_opt.h" "@G:\\My Drive\\esp32\\Controler html\\DefaultcatV2.6\\fcon1.1\\build/file_opts" "C:\\Users\\jferb\\AppData\\Local\\Arduino15\\packages\\esp32\\hardware\\esp32\\3.3.7\\cores\\esp32\\IPAddress.cpp" -o "G:\\My Drive\\esp32\\Controler html\\DefaultcatV2.6\\fcon1.1\\build\\core\\IPAddress.cpp.o"
"C:\\Users\\jferb\\AppData\\Local\\Arduino15\\packages\\esp32\\tools\\esp-rv32\\2511/bin/riscv32-esp-elf-g++" -MMD -c "@C:\\Users\\jferb\\AppData\\Local\\Arduino15\\packages\\esp32\\tools\\esp32c3-libs\\3.3.7/flags/cpp_flags" -w -Os -Werror=return-type -DF_CPU=160000000L -DARDUINO=10607 -DARDUINO_XIAO_ESP32C3 -DARDUINO_ARCH_ESP32 "-DARDUINO_BOARD=\"XIAO_ESP32C3\"" "-DARDUINO_VARIANT=\"XIAO_ESP32C3\"" -DARDUINO_PARTITION_default "-DARDUINO_HOST_OS=\"windows\"" "-DARDUINO_FQBN=\"esp32:esp32:XIAO_ESP32C3\"" -DESP32=ESP32 -DCORE_DEBUG_LEVEL=0 -DARDUINO_USB_MODE=1 -DARDUINO_USB_CDC_ON_BOOT=1 "@C:\\Users\\jferb\\AppData\\Local\\Arduino15\\packages\\esp32\\tools\\esp32c3-libs\\3.3.7/flags/defines" "-IG:\\My Drive\\esp32\\Controler html\\DefaultcatV2.6\\fcon1.1" -iprefix "C:\\Users\\jferb\\AppData\\Local\\Arduino15\\packages\\esp32\\tools\\esp32c3-libs\\3.3.7/include/" "@C:\\Users\\jferb\\AppData\\Local\\Arduino15\\packages\\esp32\\tools\\esp32c3-libs\\3.3.7/flags/includes" "-IC:\\Users\\jferb\\AppData\\Local\\Arduino15\\packages\\esp32\\tools\\esp32c3-libs\\3.3.7/qio_qspi/include" "-IC:\\Users\\jferb\\AppData\\Local\\Arduino15\\packages\\esp32\\hardware\\esp32\\3.3.7\\cores\\esp32" "-IC:\\Users\\jferb\\AppData\\Local\\Arduino15\\packages\\esp32\\hardware\\esp32\\3.3.7\\variants\\XIAO_ESP32C3" "@G:\\My Drive\\esp32\\Controler html\\DefaultcatV2.6\\fcon1.1\\build/build_opt.h" "@G:\\My Drive\\esp32\\Controler html\\DefaultcatV2.6\\fcon1.1\\build/file_opts" "C:\\Users\\jferb\\AppData\\Local\\Arduino15\\packages\\esp32\\hardware\\esp32\\3.3.7\\cores\\esp32\\MD5Builder.cpp" -o "G:\\My Drive\\esp32\\Controler html\\DefaultcatV2.6\\fcon1.1\\build\\core\\MD5Builder.cpp.o"
"C:\\Users\\jferb\\AppData\\Local\\Arduino15\\packages\\esp32\\tools\\esp-rv32\\2511/bin/riscv32-esp-elf-g++" -MMD -c "@C:\\Users\\jferb\\AppData\\Local\\Arduino15\\packages\\esp32\\tools\\esp32c3-libs\\3.3.7/flags/cpp_flags" -w -Os -Werror=return-type -DF_CPU=160000000L -DARDUINO=10607 -DARDUINO_XIAO_ESP32C3 -DARDUINO_ARCH_ESP32 "-DARDUINO_BOARD=\"XIAO_ESP32C3\"" "-DARDUINO_VARIANT=\"XIAO_ESP32C3\"" -DARDUINO_PARTITION_default "-DARDUINO_HOST_OS=\"windows\"" "-DARDUINO_FQBN=\"esp32:esp32:XIAO_ESP32C3\"" -DESP32=ESP32 -DCORE_DEBUG_LEVEL=0 -DARDUINO_USB_MODE=1 -DARDUINO_USB_CDC_ON_BOOT=1 "@C:\\Users\\jferb\\AppData\\Local\\Arduino15\\packages\\esp32\\tools\\esp32c3-libs\\3.3.7/flags/defines" "-IG:\\My Drive\\esp32\\Controler html\\DefaultcatV2.6\\fcon1.1" -iprefix "C:\\Users\\jferb\\AppData\\Local\\Arduino15\\packages\\esp32\\tools\\esp32c3-libs\\3.3.7/include/" "@C:\\Users\\jferb\\AppData\\Local\\Arduino15\\packages\\esp32\\tools\\esp32c3-libs\\3.3.7/flags/includes" "-IC:\\Users\\jferb\\AppData\\Local\\Arduino15\\packages\\esp32\\tools\\esp32c3-libs\\3.3.7/qio_qspi/include" "-IC:\\Users\\jferb\\AppData\\Local\\Arduino15\\packages\\esp32\\hardware\\esp32\\3.3.7\\cores\\esp32" "-IC:\\Users\\jferb\\AppData\\Local\\Arduino15\\packages\\esp32\\hardware\\esp32\\3.3.7\\variants\\XIAO_ESP32C3" "@G:\\My Drive\\esp32\\Controler html\\DefaultcatV2.6\\fcon1.1\\build/build_opt.h" "@G:\\My Drive\\esp32\\Controler html\\DefaultcatV2.6\\fcon1.1\\build/file_opts" "C:\\Users\\jferb\\AppData\\Local\\Arduino15\\packages\\esp32\\hardware\\esp32\\3.3.7\\cores\\esp32\\MacAddress.cpp" -o "G:\\My Drive\\esp32\\Controler html\\DefaultcatV2.6\\fcon1.1\\build\\core\\MacAddress.cpp.o"
"C:\\Users\\jferb\\AppData\\Local\\Arduino15\\packages\\esp32\\tools\\esp-rv32\\2511/bin/riscv32-esp-elf-g++" -MMD -c "@C:\\Users\\jferb\\AppData\\Local\\Arduino15\\packages\\esp32\\tools\\esp32c3-libs\\3.3.7/flags/cpp_flags" -w -Os -Werror=return-type -DF_CPU=160000000L -DARDUINO=10607 -DARDUINO_XIAO_ESP32C3 -DARDUINO_ARCH_ESP32 "-DARDUINO_BOARD=\"XIAO_ESP32C3\"" "-DARDUINO_VARIANT=\"XIAO_ESP32C3\"" -DARDUINO_PARTITION_default "-DARDUINO_HOST_OS=\"windows\"" "-DARDUINO_FQBN=\"esp32:esp32:XIAO_ESP32C3\"" -DESP32=ESP32 -DCORE_DEBUG_LEVEL=0 -DARDUINO_USB_MODE=1 -DARDUINO_USB_CDC_ON_BOOT=1 "@C:\\Users\\jferb\\AppData\\Local\\Arduino15\\packages\\esp32\\tools\\esp32c3-libs\\3.3.7/flags/defines" "-IG:\\My Drive\\esp32\\Controler html\\DefaultcatV2.6\\fcon1.1" -iprefix "C:\\Users\\jferb\\AppData\\Local\\Arduino15\\packages\\esp32\\tools\\esp32c3-libs\\3.3.7/include/" "@C:\\Users\\jferb\\AppData\\Local\\Arduino15\\packages\\esp32\\tools\\esp32c3-libs\\3.3.7/flags/includes" "-IC:\\Users\\jferb\\AppData\\Local\\Arduino15\\packages\\esp32\\tools\\esp32c3-libs\\3.3.7/qio_qspi/include" "-IC:\\Users\\jferb\\AppData\\Local\\Arduino15\\packages\\esp32\\hardware\\esp32\\3.3.7\\cores\\esp32" "-IC:\\Users\\jferb\\AppData\\Local\\Arduino15\\packages\\esp32\\hardware\\esp32\\3.3.7\\variants\\XIAO_ESP32C3" "@G:\\My Drive\\esp32\\Controler html\\DefaultcatV2.6\\fcon1.1\\build/build_opt.h" "@G:\\My Drive\\esp32\\Controler html\\DefaultcatV2.6\\fcon1.1\\build/file_opts" "C:\\Users\\jferb\\AppData\\Local\\Arduino15\\packages\\esp32\\hardware\\esp32\\3.3.7\\cores\\esp32\\Print.cpp" -o "G:\\My Drive\\esp32\\Controler html\\DefaultcatV2.6\\fcon1.1\\build\\core\\Print.cpp.o"
"C:\\Users\\jferb\\AppData\\Local\\Arduino15\\packages\\esp32\\tools\\esp-rv32\\2511/bin/riscv32-esp-elf-g++" -MMD -c "@C:\\Users\\jferb\\AppData\\Local\\Arduino15\\packages\\esp32\\tools\\esp32c3-libs\\3.3.7/flags/cpp_flags" -w -Os -Werror=return-type -DF_CPU=160000000L -DARDUINO=10607 -DARDUINO_XIAO_ESP32C3 -DARDUINO_ARCH_ESP32 "-DARDUINO_BOARD=\"XIAO_ESP32C3\"" "-DARDUINO_VARIANT=\"XIAO_ESP32C3\"" -DARDUINO_PARTITION_default "-DARDUINO_HOST_OS=\"windows\"" "-DARDUINO_FQBN=\"esp32:esp32:XIAO_ESP32C3\"" -DESP32=ESP32 -DCORE_DEBUG_LEVEL=0 -DARDUINO_USB_MODE=1 -DARDUINO_USB_CDC_ON_BOOT=1 "@C:\\Users\\jferb\\AppData\\Local\\Arduino15\\packages\\esp32\\tools\\esp32c3-libs\\3.3.7/flags/defines" "-IG:\\My Drive\\esp32\\Controler html\\DefaultcatV2.6\\fcon1.1" -iprefix "C:\\Users\\jferb\\AppData\\Local\\Arduino15\\packages\\esp32\\tools\\esp32c3-libs\\3.3.7/include/" "@C:\\Users\\jferb\\AppData\\Local\\Arduino15\\packages\\esp32\\tools\\esp32c3-libs\\3.3.7/flags/includes" "-IC:\\Users\\jferb\\AppData\\Local\\Arduino15\\packages\\esp32\\tools\\esp32c3-libs\\3.3.7/qio_qspi/include" "-IC:\\Users\\jferb\\AppData\\Local\\Arduino15\\packages\\esp32\\hardware\\esp32\\3.3.7\\cores\\esp32" "-IC:\\Users\\jferb\\AppData\\Local\\Arduino15\\packages\\esp32\\hardware\\esp32\\3.3.7\\variants\\XIAO_ESP32C3" "@G:\\My Drive\\esp32\\Controler html\\DefaultcatV2.6\\fcon1.1\\build/build_opt.h" "@G:\\My Drive\\esp32\\Controler html\\DefaultcatV2.6\\fcon1.1\\build/file_opts" "C:\\Users\\jferb\\AppData\\Local\\Arduino15\\packages\\esp32\\hardware\\esp32\\3.3.7\\cores\\esp32\\Stream.cpp" -o "G:\\My Drive\\esp32\\Controler html\\DefaultcatV2.6\\fcon1.1\\build\\core\\Stream.cpp.o"
"C:\\Users\\jferb\\AppData\\Local\\Arduino15\\packages\\esp32\\tools\\esp-rv32\\2511/bin/riscv32-esp-elf-g++" -MMD -c "@C:\\Users\\jferb\\AppData\\Local\\Arduino15\\packages\\esp32\\tools\\esp32c3-libs\\3.3.7/flags/cpp_flags" -w -Os -Werror=return-type -DF_CPU=160000000L -DARDUINO=10607 -DARDUINO_XIAO_ESP32C3 -DARDUINO_ARCH_ESP32 "-DARDUINO_BOARD=\"XIAO_ESP32C3\"" "-DARDUINO_VARIANT=\"XIAO_ESP32C3\"" -DARDUINO_PARTITION_default "-DARDUINO_HOST_OS=\"windows\"" "-DARDUINO_FQBN=\"esp32:esp32:XIAO_ESP32C3\"" -DESP32=ESP32 -DCORE_DEBUG_LEVEL=0 -DARDUINO_USB_MODE=1 -DARDUINO_USB_CDC_ON_BOOT=1 "@C:\\Users\\jferb\\AppData\\Local\\Arduino15\\packages\\esp32\\tools\\esp32c3-libs\\3.3.7/flags/defines" "-IG:\\My Drive\\esp32\\Controler html\\DefaultcatV2.6\\fcon1.1" -iprefix "C:\\Users\\jferb\\AppData\\Local\\Arduino15\\packages\\esp32\\tools\\esp32c3-libs\\3.3.7/include/" "@C:\\Users\\jferb\\AppData\\Local\\Arduino15\\packages\\esp32\\tools\\esp32c3-libs\\3.3.7/flags/includes" "-IC:\\Users\\jferb\\AppData\\Local\\Arduino15\\packages\\esp32\\tools\\esp32c3-libs\\3.3.7/qio_qspi/include" "-IC:\\Users\\jferb\\AppData\\Local\\Arduino15\\packages\\esp32\\hardware\\esp32\\3.3.7\\cores\\esp32" "-IC:\\Users\\jferb\\AppData\\Local\\Arduino15\\packages\\esp32\\hardware\\esp32\\3.3.7\\variants\\XIAO_ESP32C3" "@G:\\My Drive\\esp32\\Controler html\\DefaultcatV2.6\\fcon1.1\\build/build_opt.h" "@G:\\My Drive\\esp32\\Controler html\\DefaultcatV2.6\\fcon1.1\\build/file_opts" "C:\\Users\\jferb\\AppData\\Local\\Arduino15\\packages\\esp32\\hardware\\esp32\\3.3.7\\cores\\esp32\\StreamString.cpp" -o "G:\\My Drive\\esp32\\Controler html\\DefaultcatV2.6\\fcon1.1\\build\\core\\StreamString.cpp.o"
"C:\\Users\\jferb\\AppData\\Local\\Arduino15\\packages\\esp32\\tools\\esp-rv32\\2511/bin/riscv32-esp-elf-g++" -MMD -c "@C:\\Users\\jferb\\AppData\\Local\\Arduino15\\packages\\esp32\\tools\\esp32c3-libs\\3.3.7/flags/cpp_flags" -w -Os -Werror=return-type -DF_CPU=160000000L -DARDUINO=10607 -DARDUINO_XIAO_ESP32C3 -DARDUINO_ARCH_ESP32 "-DARDUINO_BOARD=\"XIAO_ESP32C3\"" "-DARDUINO_VARIANT=\"XIAO_ESP32C3\"" -DARDUINO_PARTITION_default "-DARDUINO_HOST_OS=\"windows\"" "-DARDUINO_FQBN=\"esp32:esp32:XIAO_ESP32C3\"" -DESP32=ESP32 -DCORE_DEBUG_LEVEL=0 -DARDUINO_USB_MODE=1 -DARDUINO_USB_CDC_ON_BOOT=1 "@C:\\Users\\jferb\\AppData\\Local\\Arduino15\\packages\\esp32\\tools\\esp32c3-libs\\3.3.7/flags/defines" "-IG:\\My Drive\\esp32\\Controler html\\DefaultcatV2.6\\fcon1.1" -iprefix "C:\\Users\\jferb\\AppData\\Local\\Arduino15\\packages\\esp32\\tools\\esp32c3-libs\\3.3.7/include/" "@C:\\Users\\jferb\\AppData\\Local\\Arduino15\\packages\\esp32\\tools\\esp32c3-libs\\3.3.7/flags/includes" "-IC:\\Users\\jferb\\AppData\\Local\\Arduino15\\packages\\esp32\\tools\\esp32c3-libs\\3.3.7/qio_qspi/include" "-IC:\\Users\\jferb\\AppData\\Local\\Arduino15\\packages\\esp32\\hardware\\esp32\\3.3.7\\cores\\esp32" "-IC:\\Users\\jferb\\AppData\\Local\\Arduino15\\packages\\esp32\\hardware\\esp32\\3.3.7\\variants\\XIAO_ESP32C3" "@G:\\My Drive\\esp32\\Controler html\\DefaultcatV2.6\\fcon1.1\\build/build_opt.h" "@G:\\My Drive\\esp32\\Controler html\\DefaultcatV2.6\\fcon1.1\\build/file_opts" "C:\\Users\\jferb\\AppData\\Local\\Arduino15\\packages\\esp32\\hardware\\esp32\\3.3.7\\cores\\esp32\\Tone.cpp" -o "G:\\My Drive\\esp32\\Controler html\\DefaultcatV2.6\\fcon1.1\\build\\core\\Tone.cpp.o"
"C:\\Users\\jferb\\AppData\\Local\\Arduino15\\packages\\esp32\\tools\\esp-rv32\\2511/bin/riscv32-esp-elf-g++" -MMD -c "@C:\\Users\\jferb\\AppData\\Local\\Arduino15\\packages\\esp32\\tools\\esp32c3-libs\\3.3.7/flags/cpp_flags" -w -Os -Werror=return-type -DF_CPU=160000000L -DARDUINO=10607 -DARDUINO_XIAO_ESP32C3 -DARDUINO_ARCH_ESP32 "-DARDUINO_BOARD=\"XIAO_ESP32C3\"" "-DARDUINO_VARIANT=\"XIAO_ESP32C3\"" -DARDUINO_PARTITION_default "-DARDUINO_HOST_OS=\"windows\"" "-DARDUINO_FQBN=\"esp32:esp32:XIAO_ESP32C3\"" -DESP32=ESP32 -DCORE_DEBUG_LEVEL=0 -DARDUINO_USB_MODE=1 -DARDUINO_USB_CDC_ON_BOOT=1 "@C:\\Users\\jferb\\AppData\\Local\\Arduino15\\packages\\esp32\\tools\\esp32c3-libs\\3.3.7/flags/defines" "-IG:\\My Drive\\esp32\\Controler html\\DefaultcatV2.6\\fcon1.1" -iprefix "C:\\Users\\jferb\\AppData\\Local\\Arduino15\\packages\\esp32\\tools\\esp32c3-libs\\3.3.7/include/" "@C:\\Users\\jferb\\AppData\\Local\\Arduino15\\packages\\esp32\\tools\\esp32c3-libs\\3.3.7/flags/includes" "-IC:\\Users\\jferb\\AppData\\Local\\Arduino15\\packages\\esp32\\tools\\esp32c3-libs\\3.3.7/qio_qspi/include" "-IC:\\Users\\jferb\\AppData\\Local\\Arduino15\\packages\\esp32\\hardware\\esp32\\3.3.7\\cores\\esp32" "-IC:\\Users\\jferb\\AppData\\Local\\Arduino15\\packages\\esp32\\hardware\\esp32\\3.3.7\\variants\\XIAO_ESP32C3" "@G:\\My Drive\\esp32\\Controler html\\DefaultcatV2.6\\fcon1.1\\build/build_opt.h" "@G:\\My Drive\\esp32\\Controler html\\DefaultcatV2.6\\fcon1.1\\build/file_opts" "C:\\Users\\jferb\\AppData\\Local\\Arduino15\\packages\\esp32\\hardware\\esp32\\3.3.7\\cores\\esp32\\USB.cpp" -o "G:\\My Drive\\esp32\\Controler html\\DefaultcatV2.6\\fcon1.1\\build\\core\\USB.cpp.o"
Using previously compiled file: G:\My Drive\esp32\Controler html\DefaultcatV2.6\fcon1.1\build\core\USBCDC.cpp.o
Using previously compiled file: G:\My Drive\esp32\Controler html\DefaultcatV2.6\fcon1.1\build\core\USBMSC.cpp.o
"C:\\Users\\jferb\\AppData\\Local\\Arduino15\\packages\\esp32\\tools\\esp-rv32\\2511/bin/riscv32-esp-elf-g++" -MMD -c "@C:\\Users\\jferb\\AppData\\Local\\Arduino15\\packages\\esp32\\tools\\esp32c3-libs\\3.3.7/flags/cpp_flags" -w -Os -Werror=return-type -DF_CPU=160000000L -DARDUINO=10607 -DARDUINO_XIAO_ESP32C3 -DARDUINO_ARCH_ESP32 "-DARDUINO_BOARD=\"XIAO_ESP32C3\"" "-DARDUINO_VARIANT=\"XIAO_ESP32C3\"" -DARDUINO_PARTITION_default "-DARDUINO_HOST_OS=\"windows\"" "-DARDUINO_FQBN=\"esp32:esp32:XIAO_ESP32C3\"" -DESP32=ESP32 -DCORE_DEBUG_LEVEL=0 -DARDUINO_USB_MODE=1 -DARDUINO_USB_CDC_ON_BOOT=1 "@C:\\Users\\jferb\\AppData\\Local\\Arduino15\\packages\\esp32\\tools\\esp32c3-libs\\3.3.7/flags/defines" "-IG:\\My Drive\\esp32\\Controler html\\DefaultcatV2.6\\fcon1.1" -iprefix "C:\\Users\\jferb\\AppData\\Local\\Arduino15\\packages\\esp32\\tools\\esp32c3-libs\\3.3.7/include/" "@C:\\Users\\jferb\\AppData\\Local\\Arduino15\\packages\\esp32\\tools\\esp32c3-libs\\3.3.7/flags/includes" "-IC:\\Users\\jferb\\AppData\\Local\\Arduino15\\packages\\esp32\\tools\\esp32c3-libs\\3.3.7/qio_qspi/include" "-IC:\\Users\\jferb\\AppData\\Local\\Arduino15\\packages\\esp32\\hardware\\esp32\\3.3.7\\cores\\esp32" "-IC:\\Users\\jferb\\AppData\\Local\\Arduino15\\packages\\esp32\\hardware\\esp32\\3.3.7\\variants\\XIAO_ESP32C3" "@G:\\My Drive\\esp32\\Controler html\\DefaultcatV2.6\\fcon1.1\\build/build_opt.h" "@G:\\My Drive\\esp32\\Controler html\\DefaultcatV2.6\\fcon1.1\\build/file_opts" "C:\\Users\\jferb\\AppData\\Local\\Arduino15\\packages\\esp32\\hardware\\esp32\\3.3.7\\cores\\esp32\\WMath.cpp" -o "G:\\My Drive\\esp32\\Controler html\\DefaultcatV2.6\\fcon1.1\\build\\core\\WMath.cpp.o"
"C:\\Users\\jferb\\AppData\\Local\\Arduino15\\packages\\esp32\\tools\\esp-rv32\\2511/bin/riscv32-esp-elf-g++" -MMD -c "@C:\\Users\\jferb\\AppData\\Local\\Arduino15\\packages\\esp32\\tools\\esp32c3-libs\\3.3.7/flags/cpp_flags" -w -Os -Werror=return-type -DF_CPU=160000000L -DARDUINO=10607 -DARDUINO_XIAO_ESP32C3 -DARDUINO_ARCH_ESP32 "-DARDUINO_BOARD=\"XIAO_ESP32C3\"" "-DARDUINO_VARIANT=\"XIAO_ESP32C3\"" -DARDUINO_PARTITION_default "-DARDUINO_HOST_OS=\"windows\"" "-DARDUINO_FQBN=\"esp32:esp32:XIAO_ESP32C3\"" -DESP32=ESP32 -DCORE_DEBUG_LEVEL=0 -DARDUINO_USB_MODE=1 -DARDUINO_USB_CDC_ON_BOOT=1 "@C:\\Users\\jferb\\AppData\\Local\\Arduino15\\packages\\esp32\\tools\\esp32c3-libs\\3.3.7/flags/defines" "-IG:\\My Drive\\esp32\\Controler html\\DefaultcatV2.6\\fcon1.1" -iprefix "C:\\Users\\jferb\\AppData\\Local\\Arduino15\\packages\\esp32\\tools\\esp32c3-libs\\3.3.7/include/" "@C:\\Users\\jferb\\AppData\\Local\\Arduino15\\packages\\esp32\\tools\\esp32c3-libs\\3.3.7/flags/includes" "-IC:\\Users\\jferb\\AppData\\Local\\Arduino15\\packages\\esp32\\tools\\esp32c3-libs\\3.3.7/qio_qspi/include" "-IC:\\Users\\jferb\\AppData\\Local\\Arduino15\\packages\\esp32\\hardware\\esp32\\3.3.7\\cores\\esp32" "-IC:\\Users\\jferb\\AppData\\Local\\Arduino15\\packages\\esp32\\hardware\\esp32\\3.3.7\\variants\\XIAO_ESP32C3" "@G:\\My Drive\\esp32\\Controler html\\DefaultcatV2.6\\fcon1.1\\build/build_opt.h" "@G:\\My Drive\\esp32\\Controler html\\DefaultcatV2.6\\fcon1.1\\build/file_opts" "C:\\Users\\jferb\\AppData\\Local\\Arduino15\\packages\\esp32\\hardware\\esp32\\3.3.7\\cores\\esp32\\WString.cpp" -o "G:\\My Drive\\esp32\\Controler html\\DefaultcatV2.6\\fcon1.1\\build\\core\\WString.cpp.o"
"C:\\Users\\jferb\\AppData\\Local\\Arduino15\\packages\\esp32\\tools\\esp-rv32\\2511/bin/riscv32-esp-elf-g++" -MMD -c "@C:\\Users\\jferb\\AppData\\Local\\Arduino15\\packages\\esp32\\tools\\esp32c3-libs\\3.3.7/flags/cpp_flags" -w -Os -Werror=return-type -DF_CPU=160000000L -DARDUINO=10607 -DARDUINO_XIAO_ESP32C3 -DARDUINO_ARCH_ESP32 "-DARDUINO_BOARD=\"XIAO_ESP32C3\"" "-DARDUINO_VARIANT=\"XIAO_ESP32C3\"" -DARDUINO_PARTITION_default "-DARDUINO_HOST_OS=\"windows\"" "-DARDUINO_FQBN=\"esp32:esp32:XIAO_ESP32C3\"" -DESP32=ESP32 -DCORE_DEBUG_LEVEL=0 -DARDUINO_USB_MODE=1 -DARDUINO_USB_CDC_ON_BOOT=1 "@C:\\Users\\jferb\\AppData\\Local\\Arduino15\\packages\\esp32\\tools\\esp32c3-libs\\3.3.7/flags/defines" "-IG:\\My Drive\\esp32\\Controler html\\DefaultcatV2.6\\fcon1.1" -iprefix "C:\\Users\\jferb\\AppData\\Local\\Arduino15\\packages\\esp32\\tools\\esp32c3-libs\\3.3.7/include/" "@C:\\Users\\jferb\\AppData\\Local\\Arduino15\\packages\\esp32\\tools\\esp32c3-libs\\3.3.7/flags/includes" "-IC:\\Users\\jferb\\AppData\\Local\\Arduino15\\packages\\esp32\\tools\\esp32c3-libs\\3.3.7/qio_qspi/include" "-IC:\\Users\\jferb\\AppData\\Local\\Arduino15\\packages\\esp32\\hardware\\esp32\\3.3.7\\cores\\esp32" "-IC:\\Users\\jferb\\AppData\\Local\\Arduino15\\packages\\esp32\\hardware\\esp32\\3.3.7\\variants\\XIAO_ESP32C3" "@G:\\My Drive\\esp32\\Controler html\\DefaultcatV2.6\\fcon1.1\\build/build_opt.h" "@G:\\My Drive\\esp32\\Controler html\\DefaultcatV2.6\\fcon1.1\\build/file_opts" "C:\\Users\\jferb\\AppData\\Local\\Arduino15\\packages\\esp32\\hardware\\esp32\\3.3.7\\cores\\esp32\\base64.cpp" -o "G:\\My Drive\\esp32\\Controler html\\DefaultcatV2.6\\fcon1.1\\build\\core\\base64.cpp.o"
"C:\\Users\\jferb\\AppData\\Local\\Arduino15\\packages\\esp32\\tools\\esp-rv32\\2511/bin/riscv32-esp-elf-g++" -MMD -c "@C:\\Users\\jferb\\AppData\\Local\\Arduino15\\packages\\esp32\\tools\\esp32c3-libs\\3.3.7/flags/cpp_flags" -w -Os -Werror=return-type -DF_CPU=160000000L -DARDUINO=10607 -DARDUINO_XIAO_ESP32C3 -DARDUINO_ARCH_ESP32 "-DARDUINO_BOARD=\"XIAO_ESP32C3\"" "-DARDUINO_VARIANT=\"XIAO_ESP32C3\"" -DARDUINO_PARTITION_default "-DARDUINO_HOST_OS=\"windows\"" "-DARDUINO_FQBN=\"esp32:esp32:XIAO_ESP32C3\"" -DESP32=ESP32 -DCORE_DEBUG_LEVEL=0 -DARDUINO_USB_MODE=1 -DARDUINO_USB_CDC_ON_BOOT=1 "@C:\\Users\\jferb\\AppData\\Local\\Arduino15\\packages\\esp32\\tools\\esp32c3-libs\\3.3.7/flags/defines" "-IG:\\My Drive\\esp32\\Controler html\\DefaultcatV2.6\\fcon1.1" -iprefix "C:\\Users\\jferb\\AppData\\Local\\Arduino15\\packages\\esp32\\tools\\esp32c3-libs\\3.3.7/include/" "@C:\\Users\\jferb\\AppData\\Local\\Arduino15\\packages\\esp32\\tools\\esp32c3-libs\\3.3.7/flags/includes" "-IC:\\Users\\jferb\\AppData\\Local\\Arduino15\\packages\\esp32\\tools\\esp32c3-libs\\3.3.7/qio_qspi/include" "-IC:\\Users\\jferb\\AppData\\Local\\Arduino15\\packages\\esp32\\hardware\\esp32\\3.3.7\\cores\\esp32" "-IC:\\Users\\jferb\\AppData\\Local\\Arduino15\\packages\\esp32\\hardware\\esp32\\3.3.7\\variants\\XIAO_ESP32C3" "@G:\\My Drive\\esp32\\Controler html\\DefaultcatV2.6\\fcon1.1\\build/build_opt.h" "@G:\\My Drive\\esp32\\Controler html\\DefaultcatV2.6\\fcon1.1\\build/file_opts" "C:\\Users\\jferb\\AppData\\Local\\Arduino15\\packages\\esp32\\hardware\\esp32\\3.3.7\\cores\\esp32\\cbuf.cpp" -o "G:\\My Drive\\esp32\\Controler html\\DefaultcatV2.6\\fcon1.1\\build\\core\\cbuf.cpp.o"
"C:\\Users\\jferb\\AppData\\Local\\Arduino15\\packages\\esp32\\tools\\esp-rv32\\2511/bin/riscv32-esp-elf-g++" -MMD -c "@C:\\Users\\jferb\\AppData\\Local\\Arduino15\\packages\\esp32\\tools\\esp32c3-libs\\3.3.7/flags/cpp_flags" -w -Os -Werror=return-type -DF_CPU=160000000L -DARDUINO=10607 -DARDUINO_XIAO_ESP32C3 -DARDUINO_ARCH_ESP32 "-DARDUINO_BOARD=\"XIAO_ESP32C3\"" "-DARDUINO_VARIANT=\"XIAO_ESP32C3\"" -DARDUINO_PARTITION_default "-DARDUINO_HOST_OS=\"windows\"" "-DARDUINO_FQBN=\"esp32:esp32:XIAO_ESP32C3\"" -DESP32=ESP32 -DCORE_DEBUG_LEVEL=0 -DARDUINO_USB_MODE=1 -DARDUINO_USB_CDC_ON_BOOT=1 "@C:\\Users\\jferb\\AppData\\Local\\Arduino15\\packages\\esp32\\tools\\esp32c3-libs\\3.3.7/flags/defines" "-IG:\\My Drive\\esp32\\Controler html\\DefaultcatV2.6\\fcon1.1" -iprefix "C:\\Users\\jferb\\AppData\\Local\\Arduino15\\packages\\esp32\\tools\\esp32c3-libs\\3.3.7/include/" "@C:\\Users\\jferb\\AppData\\Local\\Arduino15\\packages\\esp32\\tools\\esp32c3-libs\\3.3.7/flags/includes" "-IC:\\Users\\jferb\\AppData\\Local\\Arduino15\\packages\\esp32\\tools\\esp32c3-libs\\3.3.7/qio_qspi/include" "-IC:\\Users\\jferb\\AppData\\Local\\Arduino15\\packages\\esp32\\hardware\\esp32\\3.3.7\\cores\\esp32" "-IC:\\Users\\jferb\\AppData\\Local\\Arduino15\\packages\\esp32\\hardware\\esp32\\3.3.7\\variants\\XIAO_ESP32C3" "@G:\\My Drive\\esp32\\Controler html\\DefaultcatV2.6\\fcon1.1\\build/build_opt.h" "@G:\\My Drive\\esp32\\Controler html\\DefaultcatV2.6\\fcon1.1\\build/file_opts" "C:\\Users\\jferb\\AppData\\Local\\Arduino15\\packages\\esp32\\hardware\\esp32\\3.3.7\\cores\\esp32\\chip-debug-report.cpp" -o "G:\\My Drive\\esp32\\Controler html\\DefaultcatV2.6\\fcon1.1\\build\\core\\chip-debug-report.cpp.o"
"C:\\Users\\jferb\\AppData\\Local\\Arduino15\\packages\\esp32\\tools\\esp-rv32\\2511/bin/riscv32-esp-elf-gcc" -MMD -c "@C:\\Users\\jferb\\AppData\\Local\\Arduino15\\packages\\esp32\\tools\\esp32c3-libs\\3.3.7/flags/c_flags" -w -Os -Werror=return-type -DF_CPU=160000000L -DARDUINO=10607 -DARDUINO_XIAO_ESP32C3 -DARDUINO_ARCH_ESP32 "-DARDUINO_BOARD=\"XIAO_ESP32C3\"" "-DARDUINO_VARIANT=\"XIAO_ESP32C3\"" -DARDUINO_PARTITION_default "-DARDUINO_HOST_OS=\"windows\"" "-DARDUINO_FQBN=\"esp32:esp32:XIAO_ESP32C3\"" -DESP32=ESP32 -DCORE_DEBUG_LEVEL=0 -DARDUINO_USB_MODE=1 -DARDUINO_USB_CDC_ON_BOOT=1 "@C:\\Users\\jferb\\AppData\\Local\\Arduino15\\packages\\esp32\\tools\\esp32c3-libs\\3.3.7/flags/defines" "-IG:\\My Drive\\esp32\\Controler html\\DefaultcatV2.6\\fcon1.1" -iprefix "C:\\Users\\jferb\\AppData\\Local\\Arduino15\\packages\\esp32\\tools\\esp32c3-libs\\3.3.7/include/" "@C:\\Users\\jferb\\AppData\\Local\\Arduino15\\packages\\esp32\\tools\\esp32c3-libs\\3.3.7/flags/includes" "-IC:\\Users\\jferb\\AppData\\Local\\Arduino15\\packages\\esp32\\tools\\esp32c3-libs\\3.3.7/qio_qspi/include" "-IC:\\Users\\jferb\\AppData\\Local\\Arduino15\\packages\\esp32\\hardware\\esp32\\3.3.7\\cores\\esp32" "-IC:\\Users\\jferb\\AppData\\Local\\Arduino15\\packages\\esp32\\hardware\\esp32\\3.3.7\\variants\\XIAO_ESP32C3" "@G:\\My Drive\\esp32\\Controler html\\DefaultcatV2.6\\fcon1.1\\build/build_opt.h" "@G:\\My Drive\\esp32\\Controler html\\DefaultcatV2.6\\fcon1.1\\build/file_opts" "C:\\Users\\jferb\\AppData\\Local\\Arduino15\\packages\\esp32\\hardware\\esp32\\3.3.7\\cores\\esp32\\esp32-hal-adc.c" -o "G:\\My Drive\\esp32\\Controler html\\DefaultcatV2.6\\fcon1.1\\build\\core\\esp32-hal-adc.c.o"
"C:\\Users\\jferb\\AppData\\Local\\Arduino15\\packages\\esp32\\tools\\esp-rv32\\2511/bin/riscv32-esp-elf-gcc" -MMD -c "@C:\\Users\\jferb\\AppData\\Local\\Arduino15\\packages\\esp32\\tools\\esp32c3-libs\\3.3.7/flags/c_flags" -w -Os -Werror=return-type -DF_CPU=160000000L -DARDUINO=10607 -DARDUINO_XIAO_ESP32C3 -DARDUINO_ARCH_ESP32 "-DARDUINO_BOARD=\"XIAO_ESP32C3\"" "-DARDUINO_VARIANT=\"XIAO_ESP32C3\"" -DARDUINO_PARTITION_default "-DARDUINO_HOST_OS=\"windows\"" "-DARDUINO_FQBN=\"esp32:esp32:XIAO_ESP32C3\"" -DESP32=ESP32 -DCORE_DEBUG_LEVEL=0 -DARDUINO_USB_MODE=1 -DARDUINO_USB_CDC_ON_BOOT=1 "@C:\\Users\\jferb\\AppData\\Local\\Arduino15\\packages\\esp32\\tools\\esp32c3-libs\\3.3.7/flags/defines" "-IG:\\My Drive\\esp32\\Controler html\\DefaultcatV2.6\\fcon1.1" -iprefix "C:\\Users\\jferb\\AppData\\Local\\Arduino15\\packages\\esp32\\tools\\esp32c3-libs\\3.3.7/include/" "@C:\\Users\\jferb\\AppData\\Local\\Arduino15\\packages\\esp32\\tools\\esp32c3-libs\\3.3.7/flags/includes" "-IC:\\Users\\jferb\\AppData\\Local\\Arduino15\\packages\\esp32\\tools\\esp32c3-libs\\3.3.7/qio_qspi/include" "-IC:\\Users\\jferb\\AppData\\Local\\Arduino15\\packages\\esp32\\hardware\\esp32\\3.3.7\\cores\\esp32" "-IC:\\Users\\jferb\\AppData\\Local\\Arduino15\\packages\\esp32\\hardware\\esp32\\3.3.7\\variants\\XIAO_ESP32C3" "@G:\\My Drive\\esp32\\Controler html\\DefaultcatV2.6\\fcon1.1\\build/build_opt.h" "@G:\\My Drive\\esp32\\Controler html\\DefaultcatV2.6\\fcon1.1\\build/file_opts" "C:\\Users\\jferb\\AppData\\Local\\Arduino15\\packages\\esp32\\hardware\\esp32\\3.3.7\\cores\\esp32\\esp32-hal-bt.c" -o "G:\\My Drive\\esp32\\Controler html\\DefaultcatV2.6\\fcon1.1\\build\\core\\esp32-hal-bt.c.o"
"C:\\Users\\jferb\\AppData\\Local\\Arduino15\\packages\\esp32\\tools\\esp-rv32\\2511/bin/riscv32-esp-elf-gcc" -MMD -c "@C:\\Users\\jferb\\AppData\\Local\\Arduino15\\packages\\esp32\\tools\\esp32c3-libs\\3.3.7/flags/c_flags" -w -Os -Werror=return-type -DF_CPU=160000000L -DARDUINO=10607 -DARDUINO_XIAO_ESP32C3 -DARDUINO_ARCH_ESP32 "-DARDUINO_BOARD=\"XIAO_ESP32C3\"" "-DARDUINO_VARIANT=\"XIAO_ESP32C3\"" -DARDUINO_PARTITION_default "-DARDUINO_HOST_OS=\"windows\"" "-DARDUINO_FQBN=\"esp32:esp32:XIAO_ESP32C3\"" -DESP32=ESP32 -DCORE_DEBUG_LEVEL=0 -DARDUINO_USB_MODE=1 -DARDUINO_USB_CDC_ON_BOOT=1 "@C:\\Users\\jferb\\AppData\\Local\\Arduino15\\packages\\esp32\\tools\\esp32c3-libs\\3.3.7/flags/defines" "-IG:\\My Drive\\esp32\\Controler html\\DefaultcatV2.6\\fcon1.1" -iprefix "C:\\Users\\jferb\\AppData\\Local\\Arduino15\\packages\\esp32\\tools\\esp32c3-libs\\3.3.7/include/" "@C:\\Users\\jferb\\AppData\\Local\\Arduino15\\packages\\esp32\\tools\\esp32c3-libs\\3.3.7/flags/includes" "-IC:\\Users\\jferb\\AppData\\Local\\Arduino15\\packages\\esp32\\tools\\esp32c3-libs\\3.3.7/qio_qspi/include" "-IC:\\Users\\jferb\\AppData\\Local\\Arduino15\\packages\\esp32\\hardware\\esp32\\3.3.7\\cores\\esp32" "-IC:\\Users\\jferb\\AppData\\Local\\Arduino15\\packages\\esp32\\hardware\\esp32\\3.3.7\\variants\\XIAO_ESP32C3" "@G:\\My Drive\\esp32\\Controler html\\DefaultcatV2.6\\fcon1.1\\build/build_opt.h" "@G:\\My Drive\\esp32\\Controler html\\DefaultcatV2.6\\fcon1.1\\build/file_opts" "C:\\Users\\jferb\\AppData\\Local\\Arduino15\\packages\\esp32\\hardware\\esp32\\3.3.7\\cores\\esp32\\esp32-hal-cpu.c" -o "G:\\My Drive\\esp32\\Controler html\\DefaultcatV2.6\\fcon1.1\\build\\core\\esp32-hal-cpu.c.o"
Using previously compiled file: G:\My Drive\esp32\Controler html\DefaultcatV2.6\fcon1.1\build\core\esp32-hal-dac.c.o
"C:\\Users\\jferb\\AppData\\Local\\Arduino15\\packages\\esp32\\tools\\esp-rv32\\2511/bin/riscv32-esp-elf-gcc" -MMD -c "@C:\\Users\\jferb\\AppData\\Local\\Arduino15\\packages\\esp32\\tools\\esp32c3-libs\\3.3.7/flags/c_flags" -w -Os -Werror=return-type -DF_CPU=160000000L -DARDUINO=10607 -DARDUINO_XIAO_ESP32C3 -DARDUINO_ARCH_ESP32 "-DARDUINO_BOARD=\"XIAO_ESP32C3\"" "-DARDUINO_VARIANT=\"XIAO_ESP32C3\"" -DARDUINO_PARTITION_default "-DARDUINO_HOST_OS=\"windows\"" "-DARDUINO_FQBN=\"esp32:esp32:XIAO_ESP32C3\"" -DESP32=ESP32 -DCORE_DEBUG_LEVEL=0 -DARDUINO_USB_MODE=1 -DARDUINO_USB_CDC_ON_BOOT=1 "@C:\\Users\\jferb\\AppData\\Local\\Arduino15\\packages\\esp32\\tools\\esp32c3-libs\\3.3.7/flags/defines" "-IG:\\My Drive\\esp32\\Controler html\\DefaultcatV2.6\\fcon1.1" -iprefix "C:\\Users\\jferb\\AppData\\Local\\Arduino15\\packages\\esp32\\tools\\esp32c3-libs\\3.3.7/include/" "@C:\\Users\\jferb\\AppData\\Local\\Arduino15\\packages\\esp32\\tools\\esp32c3-libs\\3.3.7/flags/includes" "-IC:\\Users\\jferb\\AppData\\Local\\Arduino15\\packages\\esp32\\tools\\esp32c3-libs\\3.3.7/qio_qspi/include" "-IC:\\Users\\jferb\\AppData\\Local\\Arduino15\\packages\\esp32\\hardware\\esp32\\3.3.7\\cores\\esp32" "-IC:\\Users\\jferb\\AppData\\Local\\Arduino15\\packages\\esp32\\hardware\\esp32\\3.3.7\\variants\\XIAO_ESP32C3" "@G:\\My Drive\\esp32\\Controler html\\DefaultcatV2.6\\fcon1.1\\build/build_opt.h" "@G:\\My Drive\\esp32\\Controler html\\DefaultcatV2.6\\fcon1.1\\build/file_opts" "C:\\Users\\jferb\\AppData\\Local\\Arduino15\\packages\\esp32\\hardware\\esp32\\3.3.7\\cores\\esp32\\esp32-hal-gpio.c" -o "G:\\My Drive\\esp32\\Controler html\\DefaultcatV2.6\\fcon1.1\\build\\core\\esp32-hal-gpio.c.o"
Using previously compiled file: G:\My Drive\esp32\Controler html\DefaultcatV2.6\fcon1.1\build\core\esp32-hal-hosted.c.o
"C:\\Users\\jferb\\AppData\\Local\\Arduino15\\packages\\esp32\\tools\\esp-rv32\\2511/bin/riscv32-esp-elf-gcc" -MMD -c "@C:\\Users\\jferb\\AppData\\Local\\Arduino15\\packages\\esp32\\tools\\esp32c3-libs\\3.3.7/flags/c_flags" -w -Os -Werror=return-type -DF_CPU=160000000L -DARDUINO=10607 -DARDUINO_XIAO_ESP32C3 -DARDUINO_ARCH_ESP32 "-DARDUINO_BOARD=\"XIAO_ESP32C3\"" "-DARDUINO_VARIANT=\"XIAO_ESP32C3\"" -DARDUINO_PARTITION_default "-DARDUINO_HOST_OS=\"windows\"" "-DARDUINO_FQBN=\"esp32:esp32:XIAO_ESP32C3\"" -DESP32=ESP32 -DCORE_DEBUG_LEVEL=0 -DARDUINO_USB_MODE=1 -DARDUINO_USB_CDC_ON_BOOT=1 "@C:\\Users\\jferb\\AppData\\Local\\Arduino15\\packages\\esp32\\tools\\esp32c3-libs\\3.3.7/flags/defines" "-IG:\\My Drive\\esp32\\Controler html\\DefaultcatV2.6\\fcon1.1" -iprefix "C:\\Users\\jferb\\AppData\\Local\\Arduino15\\packages\\esp32\\tools\\esp32c3-libs\\3.3.7/include/" "@C:\\Users\\jferb\\AppData\\Local\\Arduino15\\packages\\esp32\\tools\\esp32c3-libs\\3.3.7/flags/includes" "-IC:\\Users\\jferb\\AppData\\Local\\Arduino15\\packages\\esp32\\tools\\esp32c3-libs\\3.3.7/qio_qspi/include" "-IC:\\Users\\jferb\\AppData\\Local\\Arduino15\\packages\\esp32\\hardware\\esp32\\3.3.7\\cores\\esp32" "-IC:\\Users\\jferb\\AppData\\Local\\Arduino15\\packages\\esp32\\hardware\\esp32\\3.3.7\\variants\\XIAO_ESP32C3" "@G:\\My Drive\\esp32\\Controler html\\DefaultcatV2.6\\fcon1.1\\build/build_opt.h" "@G:\\My Drive\\esp32\\Controler html\\DefaultcatV2.6\\fcon1.1\\build/file_opts" "C:\\Users\\jferb\\AppData\\Local\\Arduino15\\packages\\esp32\\hardware\\esp32\\3.3.7\\cores\\esp32\\esp32-hal-i2c-ng.c" -o "G:\\My Drive\\esp32\\Controler html\\DefaultcatV2.6\\fcon1.1\\build\\core\\esp32-hal-i2c-ng.c.o"
"C:\\Users\\jferb\\AppData\\Local\\Arduino15\\packages\\esp32\\tools\\esp-rv32\\2511/bin/riscv32-esp-elf-gcc" -MMD -c "@C:\\Users\\jferb\\AppData\\Local\\Arduino15\\packages\\esp32\\tools\\esp32c3-libs\\3.3.7/flags/c_flags" -w -Os -Werror=return-type -DF_CPU=160000000L -DARDUINO=10607 -DARDUINO_XIAO_ESP32C3 -DARDUINO_ARCH_ESP32 "-DARDUINO_BOARD=\"XIAO_ESP32C3\"" "-DARDUINO_VARIANT=\"XIAO_ESP32C3\"" -DARDUINO_PARTITION_default "-DARDUINO_HOST_OS=\"windows\"" "-DARDUINO_FQBN=\"esp32:esp32:XIAO_ESP32C3\"" -DESP32=ESP32 -DCORE_DEBUG_LEVEL=0 -DARDUINO_USB_MODE=1 -DARDUINO_USB_CDC_ON_BOOT=1 "@C:\\Users\\jferb\\AppData\\Local\\Arduino15\\packages\\esp32\\tools\\esp32c3-libs\\3.3.7/flags/defines" "-IG:\\My Drive\\esp32\\Controler html\\DefaultcatV2.6\\fcon1.1" -iprefix "C:\\Users\\jferb\\AppData\\Local\\Arduino15\\packages\\esp32\\tools\\esp32c3-libs\\3.3.7/include/" "@C:\\Users\\jferb\\AppData\\Local\\Arduino15\\packages\\esp32\\tools\\esp32c3-libs\\3.3.7/flags/includes" "-IC:\\Users\\jferb\\AppData\\Local\\Arduino15\\packages\\esp32\\tools\\esp32c3-libs\\3.3.7/qio_qspi/include" "-IC:\\Users\\jferb\\AppData\\Local\\Arduino15\\packages\\esp32\\hardware\\esp32\\3.3.7\\cores\\esp32" "-IC:\\Users\\jferb\\AppData\\Local\\Arduino15\\packages\\esp32\\hardware\\esp32\\3.3.7\\variants\\XIAO_ESP32C3" "@G:\\My Drive\\esp32\\Controler html\\DefaultcatV2.6\\fcon1.1\\build/build_opt.h" "@G:\\My Drive\\esp32\\Controler html\\DefaultcatV2.6\\fcon1.1\\build/file_opts" "C:\\Users\\jferb\\AppData\\Local\\Arduino15\\packages\\esp32\\hardware\\esp32\\3.3.7\\cores\\esp32\\esp32-hal-i2c-slave.c" -o "G:\\My Drive\\esp32\\Controler html\\DefaultcatV2.6\\fcon1.1\\build\\core\\esp32-hal-i2c-slave.c.o"
"C:\\Users\\jferb\\AppData\\Local\\Arduino15\\packages\\esp32\\tools\\esp-rv32\\2511/bin/riscv32-esp-elf-gcc" -MMD -c "@C:\\Users\\jferb\\AppData\\Local\\Arduino15\\packages\\esp32\\tools\\esp32c3-libs\\3.3.7/flags/c_flags" -w -Os -Werror=return-type -DF_CPU=160000000L -DARDUINO=10607 -DARDUINO_XIAO_ESP32C3 -DARDUINO_ARCH_ESP32 "-DARDUINO_BOARD=\"XIAO_ESP32C3\"" "-DARDUINO_VARIANT=\"XIAO_ESP32C3\"" -DARDUINO_PARTITION_default "-DARDUINO_HOST_OS=\"windows\"" "-DARDUINO_FQBN=\"esp32:esp32:XIAO_ESP32C3\"" -DESP32=ESP32 -DCORE_DEBUG_LEVEL=0 -DARDUINO_USB_MODE=1 -DARDUINO_USB_CDC_ON_BOOT=1 "@C:\\Users\\jferb\\AppData\\Local\\Arduino15\\packages\\esp32\\tools\\esp32c3-libs\\3.3.7/flags/defines" "-IG:\\My Drive\\esp32\\Controler html\\DefaultcatV2.6\\fcon1.1" -iprefix "C:\\Users\\jferb\\AppData\\Local\\Arduino15\\packages\\esp32\\tools\\esp32c3-libs\\3.3.7/include/" "@C:\\Users\\jferb\\AppData\\Local\\Arduino15\\packages\\esp32\\tools\\esp32c3-libs\\3.3.7/flags/includes" "-IC:\\Users\\jferb\\AppData\\Local\\Arduino15\\packages\\esp32\\tools\\esp32c3-libs\\3.3.7/qio_qspi/include" "-IC:\\Users\\jferb\\AppData\\Local\\Arduino15\\packages\\esp32\\hardware\\esp32\\3.3.7\\cores\\esp32" "-IC:\\Users\\jferb\\AppData\\Local\\Arduino15\\packages\\esp32\\hardware\\esp32\\3.3.7\\variants\\XIAO_ESP32C3" "@G:\\My Drive\\esp32\\Controler html\\DefaultcatV2.6\\fcon1.1\\build/build_opt.h" "@G:\\My Drive\\esp32\\Controler html\\DefaultcatV2.6\\fcon1.1\\build/file_opts" "C:\\Users\\jferb\\AppData\\Local\\Arduino15\\packages\\esp32\\hardware\\esp32\\3.3.7\\cores\\esp32\\esp32-hal-i2c.c" -o "G:\\My Drive\\esp32\\Controler html\\DefaultcatV2.6\\fcon1.1\\build\\core\\esp32-hal-i2c.c.o"
"C:\\Users\\jferb\\AppData\\Local\\Arduino15\\packages\\esp32\\tools\\esp-rv32\\2511/bin/riscv32-esp-elf-gcc" -MMD -c "@C:\\Users\\jferb\\AppData\\Local\\Arduino15\\packages\\esp32\\tools\\esp32c3-libs\\3.3.7/flags/c_flags" -w -Os -Werror=return-type -DF_CPU=160000000L -DARDUINO=10607 -DARDUINO_XIAO_ESP32C3 -DARDUINO_ARCH_ESP32 "-DARDUINO_BOARD=\"XIAO_ESP32C3\"" "-DARDUINO_VARIANT=\"XIAO_ESP32C3\"" -DARDUINO_PARTITION_default "-DARDUINO_HOST_OS=\"windows\"" "-DARDUINO_FQBN=\"esp32:esp32:XIAO_ESP32C3\"" -DESP32=ESP32 -DCORE_DEBUG_LEVEL=0 -DARDUINO_USB_MODE=1 -DARDUINO_USB_CDC_ON_BOOT=1 "@C:\\Users\\jferb\\AppData\\Local\\Arduino15\\packages\\esp32\\tools\\esp32c3-libs\\3.3.7/flags/defines" "-IG:\\My Drive\\esp32\\Controler html\\DefaultcatV2.6\\fcon1.1" -iprefix "C:\\Users\\jferb\\AppData\\Local\\Arduino15\\packages\\esp32\\tools\\esp32c3-libs\\3.3.7/include/" "@C:\\Users\\jferb\\AppData\\Local\\Arduino15\\packages\\esp32\\tools\\esp32c3-libs\\3.3.7/flags/includes" "-IC:\\Users\\jferb\\AppData\\Local\\Arduino15\\packages\\esp32\\tools\\esp32c3-libs\\3.3.7/qio_qspi/include" "-IC:\\Users\\jferb\\AppData\\Local\\Arduino15\\packages\\esp32\\hardware\\esp32\\3.3.7\\cores\\esp32" "-IC:\\Users\\jferb\\AppData\\Local\\Arduino15\\packages\\esp32\\hardware\\esp32\\3.3.7\\variants\\XIAO_ESP32C3" "@G:\\My Drive\\esp32\\Controler html\\DefaultcatV2.6\\fcon1.1\\build/build_opt.h" "@G:\\My Drive\\esp32\\Controler html\\DefaultcatV2.6\\fcon1.1\\build/file_opts" "C:\\Users\\jferb\\AppData\\Local\\Arduino15\\packages\\esp32\\hardware\\esp32\\3.3.7\\cores\\esp32\\esp32-hal-ledc.c" -o "G:\\My Drive\\esp32\\Controler html\\DefaultcatV2.6\\fcon1.1\\build\\core\\esp32-hal-ledc.c.o"
Using previously compiled file: G:\My Drive\esp32\Controler html\DefaultcatV2.6\fcon1.1\build\core\esp32-hal-log-wrapper.c.o
"C:\\Users\\jferb\\AppData\\Local\\Arduino15\\packages\\esp32\\tools\\esp-rv32\\2511/bin/riscv32-esp-elf-gcc" -MMD -c "@C:\\Users\\jferb\\AppData\\Local\\Arduino15\\packages\\esp32\\tools\\esp32c3-libs\\3.3.7/flags/c_flags" -w -Os -Werror=return-type -DF_CPU=160000000L -DARDUINO=10607 -DARDUINO_XIAO_ESP32C3 -DARDUINO_ARCH_ESP32 "-DARDUINO_BOARD=\"XIAO_ESP32C3\"" "-DARDUINO_VARIANT=\"XIAO_ESP32C3\"" -DARDUINO_PARTITION_default "-DARDUINO_HOST_OS=\"windows\"" "-DARDUINO_FQBN=\"esp32:esp32:XIAO_ESP32C3\"" -DESP32=ESP32 -DCORE_DEBUG_LEVEL=0 -DARDUINO_USB_MODE=1 -DARDUINO_USB_CDC_ON_BOOT=1 "@C:\\Users\\jferb\\AppData\\Local\\Arduino15\\packages\\esp32\\tools\\esp32c3-libs\\3.3.7/flags/defines" "-IG:\\My Drive\\esp32\\Controler html\\DefaultcatV2.6\\fcon1.1" -iprefix "C:\\Users\\jferb\\AppData\\Local\\Arduino15\\packages\\esp32\\tools\\esp32c3-libs\\3.3.7/include/" "@C:\\Users\\jferb\\AppData\\Local\\Arduino15\\packages\\esp32\\tools\\esp32c3-libs\\3.3.7/flags/includes" "-IC:\\Users\\jferb\\AppData\\Local\\Arduino15\\packages\\esp32\\tools\\esp32c3-libs\\3.3.7/qio_qspi/include" "-IC:\\Users\\jferb\\AppData\\Local\\Arduino15\\packages\\esp32\\hardware\\esp32\\3.3.7\\cores\\esp32" "-IC:\\Users\\jferb\\AppData\\Local\\Arduino15\\packages\\esp32\\hardware\\esp32\\3.3.7\\variants\\XIAO_ESP32C3" "@G:\\My Drive\\esp32\\Controler html\\DefaultcatV2.6\\fcon1.1\\build/build_opt.h" "@G:\\My Drive\\esp32\\Controler html\\DefaultcatV2.6\\fcon1.1\\build/file_opts" "C:\\Users\\jferb\\AppData\\Local\\Arduino15\\packages\\esp32\\hardware\\esp32\\3.3.7\\cores\\esp32\\esp32-hal-matrix.c" -o "G:\\My Drive\\esp32\\Controler html\\DefaultcatV2.6\\fcon1.1\\build\\core\\esp32-hal-matrix.c.o"
"C:\\Users\\jferb\\AppData\\Local\\Arduino15\\packages\\esp32\\tools\\esp-rv32\\2511/bin/riscv32-esp-elf-gcc" -MMD -c "@C:\\Users\\jferb\\AppData\\Local\\Arduino15\\packages\\esp32\\tools\\esp32c3-libs\\3.3.7/flags/c_flags" -w -Os -Werror=return-type -DF_CPU=160000000L -DARDUINO=10607 -DARDUINO_XIAO_ESP32C3 -DARDUINO_ARCH_ESP32 "-DARDUINO_BOARD=\"XIAO_ESP32C3\"" "-DARDUINO_VARIANT=\"XIAO_ESP32C3\"" -DARDUINO_PARTITION_default "-DARDUINO_HOST_OS=\"windows\"" "-DARDUINO_FQBN=\"esp32:esp32:XIAO_ESP32C3\"" -DESP32=ESP32 -DCORE_DEBUG_LEVEL=0 -DARDUINO_USB_MODE=1 -DARDUINO_USB_CDC_ON_BOOT=1 "@C:\\Users\\jferb\\AppData\\Local\\Arduino15\\packages\\esp32\\tools\\esp32c3-libs\\3.3.7/flags/defines" "-IG:\\My Drive\\esp32\\Controler html\\DefaultcatV2.6\\fcon1.1" -iprefix "C:\\Users\\jferb\\AppData\\Local\\Arduino15\\packages\\esp32\\tools\\esp32c3-libs\\3.3.7/include/" "@C:\\Users\\jferb\\AppData\\Local\\Arduino15\\packages\\esp32\\tools\\esp32c3-libs\\3.3.7/flags/includes" "-IC:\\Users\\jferb\\AppData\\Local\\Arduino15\\packages\\esp32\\tools\\esp32c3-libs\\3.3.7/qio_qspi/include" "-IC:\\Users\\jferb\\AppData\\Local\\Arduino15\\packages\\esp32\\hardware\\esp32\\3.3.7\\cores\\esp32" "-IC:\\Users\\jferb\\AppData\\Local\\Arduino15\\packages\\esp32\\hardware\\esp32\\3.3.7\\variants\\XIAO_ESP32C3" "@G:\\My Drive\\esp32\\Controler html\\DefaultcatV2.6\\fcon1.1\\build/build_opt.h" "@G:\\My Drive\\esp32\\Controler html\\DefaultcatV2.6\\fcon1.1\\build/file_opts" "C:\\Users\\jferb\\AppData\\Local\\Arduino15\\packages\\esp32\\hardware\\esp32\\3.3.7\\cores\\esp32\\esp32-hal-misc.c" -o "G:\\My Drive\\esp32\\Controler html\\DefaultcatV2.6\\fcon1.1\\build\\core\\esp32-hal-misc.c.o"
"C:\\Users\\jferb\\AppData\\Local\\Arduino15\\packages\\esp32\\tools\\esp-rv32\\2511/bin/riscv32-esp-elf-gcc" -MMD -c "@C:\\Users\\jferb\\AppData\\Local\\Arduino15\\packages\\esp32\\tools\\esp32c3-libs\\3.3.7/flags/c_flags" -w -Os -Werror=return-type -DF_CPU=160000000L -DARDUINO=10607 -DARDUINO_XIAO_ESP32C3 -DARDUINO_ARCH_ESP32 "-DARDUINO_BOARD=\"XIAO_ESP32C3\"" "-DARDUINO_VARIANT=\"XIAO_ESP32C3\"" -DARDUINO_PARTITION_default "-DARDUINO_HOST_OS=\"windows\"" "-DARDUINO_FQBN=\"esp32:esp32:XIAO_ESP32C3\"" -DESP32=ESP32 -DCORE_DEBUG_LEVEL=0 -DARDUINO_USB_MODE=1 -DARDUINO_USB_CDC_ON_BOOT=1 "@C:\\Users\\jferb\\AppData\\Local\\Arduino15\\packages\\esp32\\tools\\esp32c3-libs\\3.3.7/flags/defines" "-IG:\\My Drive\\esp32\\Controler html\\DefaultcatV2.6\\fcon1.1" -iprefix "C:\\Users\\jferb\\AppData\\Local\\Arduino15\\packages\\esp32\\tools\\esp32c3-libs\\3.3.7/include/" "@C:\\Users\\jferb\\AppData\\Local\\Arduino15\\packages\\esp32\\tools\\esp32c3-libs\\3.3.7/flags/includes" "-IC:\\Users\\jferb\\AppData\\Local\\Arduino15\\packages\\esp32\\tools\\esp32c3-libs\\3.3.7/qio_qspi/include" "-IC:\\Users\\jferb\\AppData\\Local\\Arduino15\\packages\\esp32\\hardware\\esp32\\3.3.7\\cores\\esp32" "-IC:\\Users\\jferb\\AppData\\Local\\Arduino15\\packages\\esp32\\hardware\\esp32\\3.3.7\\variants\\XIAO_ESP32C3" "@G:\\My Drive\\esp32\\Controler html\\DefaultcatV2.6\\fcon1.1\\build/build_opt.h" "@G:\\My Drive\\esp32\\Controler html\\DefaultcatV2.6\\fcon1.1\\build/file_opts" "C:\\Users\\jferb\\AppData\\Local\\Arduino15\\packages\\esp32\\hardware\\esp32\\3.3.7\\cores\\esp32\\esp32-hal-periman.c" -o "G:\\My Drive\\esp32\\Controler html\\DefaultcatV2.6\\fcon1.1\\build\\core\\esp32-hal-periman.c.o"
"C:\\Users\\jferb\\AppData\\Local\\Arduino15\\packages\\esp32\\tools\\esp-rv32\\2511/bin/riscv32-esp-elf-gcc" -MMD -c "@C:\\Users\\jferb\\AppData\\Local\\Arduino15\\packages\\esp32\\tools\\esp32c3-libs\\3.3.7/flags/c_flags" -w -Os -Werror=return-type -DF_CPU=160000000L -DARDUINO=10607 -DARDUINO_XIAO_ESP32C3 -DARDUINO_ARCH_ESP32 "-DARDUINO_BOARD=\"XIAO_ESP32C3\"" "-DARDUINO_VARIANT=\"XIAO_ESP32C3\"" -DARDUINO_PARTITION_default "-DARDUINO_HOST_OS=\"windows\"" "-DARDUINO_FQBN=\"esp32:esp32:XIAO_ESP32C3\"" -DESP32=ESP32 -DCORE_DEBUG_LEVEL=0 -DARDUINO_USB_MODE=1 -DARDUINO_USB_CDC_ON_BOOT=1 "@C:\\Users\\jferb\\AppData\\Local\\Arduino15\\packages\\esp32\\tools\\esp32c3-libs\\3.3.7/flags/defines" "-IG:\\My Drive\\esp32\\Controler html\\DefaultcatV2.6\\fcon1.1" -iprefix "C:\\Users\\jferb\\AppData\\Local\\Arduino15\\packages\\esp32\\tools\\esp32c3-libs\\3.3.7/include/" "@C:\\Users\\jferb\\AppData\\Local\\Arduino15\\packages\\esp32\\tools\\esp32c3-libs\\3.3.7/flags/includes" "-IC:\\Users\\jferb\\AppData\\Local\\Arduino15\\packages\\esp32\\tools\\esp32c3-libs\\3.3.7/qio_qspi/include" "-IC:\\Users\\jferb\\AppData\\Local\\Arduino15\\packages\\esp32\\hardware\\esp32\\3.3.7\\cores\\esp32" "-IC:\\Users\\jferb\\AppData\\Local\\Arduino15\\packages\\esp32\\hardware\\esp32\\3.3.7\\variants\\XIAO_ESP32C3" "@G:\\My Drive\\esp32\\Controler html\\DefaultcatV2.6\\fcon1.1\\build/build_opt.h" "@G:\\My Drive\\esp32\\Controler html\\DefaultcatV2.6\\fcon1.1\\build/file_opts" "C:\\Users\\jferb\\AppData\\Local\\Arduino15\\packages\\esp32\\hardware\\esp32\\3.3.7\\cores\\esp32\\esp32-hal-psram.c" -o "G:\\My Drive\\esp32\\Controler html\\DefaultcatV2.6\\fcon1.1\\build\\core\\esp32-hal-psram.c.o"
"C:\\Users\\jferb\\AppData\\Local\\Arduino15\\packages\\esp32\\tools\\esp-rv32\\2511/bin/riscv32-esp-elf-gcc" -MMD -c "@C:\\Users\\jferb\\AppData\\Local\\Arduino15\\packages\\esp32\\tools\\esp32c3-libs\\3.3.7/flags/c_flags" -w -Os -Werror=return-type -DF_CPU=160000000L -DARDUINO=10607 -DARDUINO_XIAO_ESP32C3 -DARDUINO_ARCH_ESP32 "-DARDUINO_BOARD=\"XIAO_ESP32C3\"" "-DARDUINO_VARIANT=\"XIAO_ESP32C3\"" -DARDUINO_PARTITION_default "-DARDUINO_HOST_OS=\"windows\"" "-DARDUINO_FQBN=\"esp32:esp32:XIAO_ESP32C3\"" -DESP32=ESP32 -DCORE_DEBUG_LEVEL=0 -DARDUINO_USB_MODE=1 -DARDUINO_USB_CDC_ON_BOOT=1 "@C:\\Users\\jferb\\AppData\\Local\\Arduino15\\packages\\esp32\\tools\\esp32c3-libs\\3.3.7/flags/defines" "-IG:\\My Drive\\esp32\\Controler html\\DefaultcatV2.6\\fcon1.1" -iprefix "C:\\Users\\jferb\\AppData\\Local\\Arduino15\\packages\\esp32\\tools\\esp32c3-libs\\3.3.7/include/" "@C:\\Users\\jferb\\AppData\\Local\\Arduino15\\packages\\esp32\\tools\\esp32c3-libs\\3.3.7/flags/includes" "-IC:\\Users\\jferb\\AppData\\Local\\Arduino15\\packages\\esp32\\tools\\esp32c3-libs\\3.3.7/qio_qspi/include" "-IC:\\Users\\jferb\\AppData\\Local\\Arduino15\\packages\\esp32\\hardware\\esp32\\3.3.7\\cores\\esp32" "-IC:\\Users\\jferb\\AppData\\Local\\Arduino15\\packages\\esp32\\hardware\\esp32\\3.3.7\\variants\\XIAO_ESP32C3" "@G:\\My Drive\\esp32\\Controler html\\DefaultcatV2.6\\fcon1.1\\build/build_opt.h" "@G:\\My Drive\\esp32\\Controler html\\DefaultcatV2.6\\fcon1.1\\build/file_opts" "C:\\Users\\jferb\\AppData\\Local\\Arduino15\\packages\\esp32\\hardware\\esp32\\3.3.7\\cores\\esp32\\esp32-hal-rgb-led.c" -o "G:\\My Drive\\esp32\\Controler html\\DefaultcatV2.6\\fcon1.1\\build\\core\\esp32-hal-rgb-led.c.o"
"C:\\Users\\jferb\\AppData\\Local\\Arduino15\\packages\\esp32\\tools\\esp-rv32\\2511/bin/riscv32-esp-elf-gcc" -MMD -c "@C:\\Users\\jferb\\AppData\\Local\\Arduino15\\packages\\esp32\\tools\\esp32c3-libs\\3.3.7/flags/c_flags" -w -Os -Werror=return-type -DF_CPU=160000000L -DARDUINO=10607 -DARDUINO_XIAO_ESP32C3 -DARDUINO_ARCH_ESP32 "-DARDUINO_BOARD=\"XIAO_ESP32C3\"" "-DARDUINO_VARIANT=\"XIAO_ESP32C3\"" -DARDUINO_PARTITION_default "-DARDUINO_HOST_OS=\"windows\"" "-DARDUINO_FQBN=\"esp32:esp32:XIAO_ESP32C3\"" -DESP32=ESP32 -DCORE_DEBUG_LEVEL=0 -DARDUINO_USB_MODE=1 -DARDUINO_USB_CDC_ON_BOOT=1 "@C:\\Users\\jferb\\AppData\\Local\\Arduino15\\packages\\esp32\\tools\\esp32c3-libs\\3.3.7/flags/defines" "-IG:\\My Drive\\esp32\\Controler html\\DefaultcatV2.6\\fcon1.1" -iprefix "C:\\Users\\jferb\\AppData\\Local\\Arduino15\\packages\\esp32\\tools\\esp32c3-libs\\3.3.7/include/" "@C:\\Users\\jferb\\AppData\\Local\\Arduino15\\packages\\esp32\\tools\\esp32c3-libs\\3.3.7/flags/includes" "-IC:\\Users\\jferb\\AppData\\Local\\Arduino15\\packages\\esp32\\tools\\esp32c3-libs\\3.3.7/qio_qspi/include" "-IC:\\Users\\jferb\\AppData\\Local\\Arduino15\\packages\\esp32\\hardware\\esp32\\3.3.7\\cores\\esp32" "-IC:\\Users\\jferb\\AppData\\Local\\Arduino15\\packages\\esp32\\hardware\\esp32\\3.3.7\\variants\\XIAO_ESP32C3" "@G:\\My Drive\\esp32\\Controler html\\DefaultcatV2.6\\fcon1.1\\build/build_opt.h" "@G:\\My Drive\\esp32\\Controler html\\DefaultcatV2.6\\fcon1.1\\build/file_opts" "C:\\Users\\jferb\\AppData\\Local\\Arduino15\\packages\\esp32\\hardware\\esp32\\3.3.7\\cores\\esp32\\esp32-hal-rmt.c" -o "G:\\My Drive\\esp32\\Controler html\\DefaultcatV2.6\\fcon1.1\\build\\core\\esp32-hal-rmt.c.o"
"C:\\Users\\jferb\\AppData\\Local\\Arduino15\\packages\\esp32\\tools\\esp-rv32\\2511/bin/riscv32-esp-elf-gcc" -MMD -c "@C:\\Users\\jferb\\AppData\\Local\\Arduino15\\packages\\esp32\\tools\\esp32c3-libs\\3.3.7/flags/c_flags" -w -Os -Werror=return-type -DF_CPU=160000000L -DARDUINO=10607 -DARDUINO_XIAO_ESP32C3 -DARDUINO_ARCH_ESP32 "-DARDUINO_BOARD=\"XIAO_ESP32C3\"" "-DARDUINO_VARIANT=\"XIAO_ESP32C3\"" -DARDUINO_PARTITION_default "-DARDUINO_HOST_OS=\"windows\"" "-DARDUINO_FQBN=\"esp32:esp32:XIAO_ESP32C3\"" -DESP32=ESP32 -DCORE_DEBUG_LEVEL=0 -DARDUINO_USB_MODE=1 -DARDUINO_USB_CDC_ON_BOOT=1 "@C:\\Users\\jferb\\AppData\\Local\\Arduino15\\packages\\esp32\\tools\\esp32c3-libs\\3.3.7/flags/defines" "-IG:\\My Drive\\esp32\\Controler html\\DefaultcatV2.6\\fcon1.1" -iprefix "C:\\Users\\jferb\\AppData\\Local\\Arduino15\\packages\\esp32\\tools\\esp32c3-libs\\3.3.7/include/" "@C:\\Users\\jferb\\AppData\\Local\\Arduino15\\packages\\esp32\\tools\\esp32c3-libs\\3.3.7/flags/includes" "-IC:\\Users\\jferb\\AppData\\Local\\Arduino15\\packages\\esp32\\tools\\esp32c3-libs\\3.3.7/qio_qspi/include" "-IC:\\Users\\jferb\\AppData\\Local\\Arduino15\\packages\\esp32\\hardware\\esp32\\3.3.7\\cores\\esp32" "-IC:\\Users\\jferb\\AppData\\Local\\Arduino15\\packages\\esp32\\hardware\\esp32\\3.3.7\\variants\\XIAO_ESP32C3" "@G:\\My Drive\\esp32\\Controler html\\DefaultcatV2.6\\fcon1.1\\build/build_opt.h" "@G:\\My Drive\\esp32\\Controler html\\DefaultcatV2.6\\fcon1.1\\build/file_opts" "C:\\Users\\jferb\\AppData\\Local\\Arduino15\\packages\\esp32\\hardware\\esp32\\3.3.7\\cores\\esp32\\esp32-hal-sigmadelta.c" -o "G:\\My Drive\\esp32\\Controler html\\DefaultcatV2.6\\fcon1.1\\build\\core\\esp32-hal-sigmadelta.c.o"
"C:\\Users\\jferb\\AppData\\Local\\Arduino15\\packages\\esp32\\tools\\esp-rv32\\2511/bin/riscv32-esp-elf-gcc" -MMD -c "@C:\\Users\\jferb\\AppData\\Local\\Arduino15\\packages\\esp32\\tools\\esp32c3-libs\\3.3.7/flags/c_flags" -w -Os -Werror=return-type -DF_CPU=160000000L -DARDUINO=10607 -DARDUINO_XIAO_ESP32C3 -DARDUINO_ARCH_ESP32 "-DARDUINO_BOARD=\"XIAO_ESP32C3\"" "-DARDUINO_VARIANT=\"XIAO_ESP32C3\"" -DARDUINO_PARTITION_default "-DARDUINO_HOST_OS=\"windows\"" "-DARDUINO_FQBN=\"esp32:esp32:XIAO_ESP32C3\"" -DESP32=ESP32 -DCORE_DEBUG_LEVEL=0 -DARDUINO_USB_MODE=1 -DARDUINO_USB_CDC_ON_BOOT=1 "@C:\\Users\\jferb\\AppData\\Local\\Arduino15\\packages\\esp32\\tools\\esp32c3-libs\\3.3.7/flags/defines" "-IG:\\My Drive\\esp32\\Controler html\\DefaultcatV2.6\\fcon1.1" -iprefix "C:\\Users\\jferb\\AppData\\Local\\Arduino15\\packages\\esp32\\tools\\esp32c3-libs\\3.3.7/include/" "@C:\\Users\\jferb\\AppData\\Local\\Arduino15\\packages\\esp32\\tools\\esp32c3-libs\\3.3.7/flags/includes" "-IC:\\Users\\jferb\\AppData\\Local\\Arduino15\\packages\\esp32\\tools\\esp32c3-libs\\3.3.7/qio_qspi/include" "-IC:\\Users\\jferb\\AppData\\Local\\Arduino15\\packages\\esp32\\hardware\\esp32\\3.3.7\\cores\\esp32" "-IC:\\Users\\jferb\\AppData\\Local\\Arduino15\\packages\\esp32\\hardware\\esp32\\3.3.7\\variants\\XIAO_ESP32C3" "@G:\\My Drive\\esp32\\Controler html\\DefaultcatV2.6\\fcon1.1\\build/build_opt.h" "@G:\\My Drive\\esp32\\Controler html\\DefaultcatV2.6\\fcon1.1\\build/file_opts" "C:\\Users\\jferb\\AppData\\Local\\Arduino15\\packages\\esp32\\hardware\\esp32\\3.3.7\\cores\\esp32\\esp32-hal-spi.c" -o "G:\\My Drive\\esp32\\Controler html\\DefaultcatV2.6\\fcon1.1\\build\\core\\esp32-hal-spi.c.o"
"C:\\Users\\jferb\\AppData\\Local\\Arduino15\\packages\\esp32\\tools\\esp-rv32\\2511/bin/riscv32-esp-elf-gcc" -MMD -c "@C:\\Users\\jferb\\AppData\\Local\\Arduino15\\packages\\esp32\\tools\\esp32c3-libs\\3.3.7/flags/c_flags" -w -Os -Werror=return-type -DF_CPU=160000000L -DARDUINO=10607 -DARDUINO_XIAO_ESP32C3 -DARDUINO_ARCH_ESP32 "-DARDUINO_BOARD=\"XIAO_ESP32C3\"" "-DARDUINO_VARIANT=\"XIAO_ESP32C3\"" -DARDUINO_PARTITION_default "-DARDUINO_HOST_OS=\"windows\"" "-DARDUINO_FQBN=\"esp32:esp32:XIAO_ESP32C3\"" -DESP32=ESP32 -DCORE_DEBUG_LEVEL=0 -DARDUINO_USB_MODE=1 -DARDUINO_USB_CDC_ON_BOOT=1 "@C:\\Users\\jferb\\AppData\\Local\\Arduino15\\packages\\esp32\\tools\\esp32c3-libs\\3.3.7/flags/defines" "-IG:\\My Drive\\esp32\\Controler html\\DefaultcatV2.6\\fcon1.1" -iprefix "C:\\Users\\jferb\\AppData\\Local\\Arduino15\\packages\\esp32\\tools\\esp32c3-libs\\3.3.7/include/" "@C:\\Users\\jferb\\AppData\\Local\\Arduino15\\packages\\esp32\\tools\\esp32c3-libs\\3.3.7/flags/includes" "-IC:\\Users\\jferb\\AppData\\Local\\Arduino15\\packages\\esp32\\tools\\esp32c3-libs\\3.3.7/qio_qspi/include" "-IC:\\Users\\jferb\\AppData\\Local\\Arduino15\\packages\\esp32\\hardware\\esp32\\3.3.7\\cores\\esp32" "-IC:\\Users\\jferb\\AppData\\Local\\Arduino15\\packages\\esp32\\hardware\\esp32\\3.3.7\\variants\\XIAO_ESP32C3" "@G:\\My Drive\\esp32\\Controler html\\DefaultcatV2.6\\fcon1.1\\build/build_opt.h" "@G:\\My Drive\\esp32\\Controler html\\DefaultcatV2.6\\fcon1.1\\build/file_opts" "C:\\Users\\jferb\\AppData\\Local\\Arduino15\\packages\\esp32\\hardware\\esp32\\3.3.7\\cores\\esp32\\esp32-hal-time.c" -o "G:\\My Drive\\esp32\\Controler html\\DefaultcatV2.6\\fcon1.1\\build\\core\\esp32-hal-time.c.o"
"C:\\Users\\jferb\\AppData\\Local\\Arduino15\\packages\\esp32\\tools\\esp-rv32\\2511/bin/riscv32-esp-elf-gcc" -MMD -c "@C:\\Users\\jferb\\AppData\\Local\\Arduino15\\packages\\esp32\\tools\\esp32c3-libs\\3.3.7/flags/c_flags" -w -Os -Werror=return-type -DF_CPU=160000000L -DARDUINO=10607 -DARDUINO_XIAO_ESP32C3 -DARDUINO_ARCH_ESP32 "-DARDUINO_BOARD=\"XIAO_ESP32C3\"" "-DARDUINO_VARIANT=\"XIAO_ESP32C3\"" -DARDUINO_PARTITION_default "-DARDUINO_HOST_OS=\"windows\"" "-DARDUINO_FQBN=\"esp32:esp32:XIAO_ESP32C3\"" -DESP32=ESP32 -DCORE_DEBUG_LEVEL=0 -DARDUINO_USB_MODE=1 -DARDUINO_USB_CDC_ON_BOOT=1 "@C:\\Users\\jferb\\AppData\\Local\\Arduino15\\packages\\esp32\\tools\\esp32c3-libs\\3.3.7/flags/defines" "-IG:\\My Drive\\esp32\\Controler html\\DefaultcatV2.6\\fcon1.1" -iprefix "C:\\Users\\jferb\\AppData\\Local\\Arduino15\\packages\\esp32\\tools\\esp32c3-libs\\3.3.7/include/" "@C:\\Users\\jferb\\AppData\\Local\\Arduino15\\packages\\esp32\\tools\\esp32c3-libs\\3.3.7/flags/includes" "-IC:\\Users\\jferb\\AppData\\Local\\Arduino15\\packages\\esp32\\tools\\esp32c3-libs\\3.3.7/qio_qspi/include" "-IC:\\Users\\jferb\\AppData\\Local\\Arduino15\\packages\\esp32\\hardware\\esp32\\3.3.7\\cores\\esp32" "-IC:\\Users\\jferb\\AppData\\Local\\Arduino15\\packages\\esp32\\hardware\\esp32\\3.3.7\\variants\\XIAO_ESP32C3" "@G:\\My Drive\\esp32\\Controler html\\DefaultcatV2.6\\fcon1.1\\build/build_opt.h" "@G:\\My Drive\\esp32\\Controler html\\DefaultcatV2.6\\fcon1.1\\build/file_opts" "C:\\Users\\jferb\\AppData\\Local\\Arduino15\\packages\\esp32\\hardware\\esp32\\3.3.7\\cores\\esp32\\esp32-hal-timer.c" -o "G:\\My Drive\\esp32\\Controler html\\DefaultcatV2.6\\fcon1.1\\build\\core\\esp32-hal-timer.c.o"
Using previously compiled file: G:\My Drive\esp32\Controler html\DefaultcatV2.6\fcon1.1\build\core\esp32-hal-tinyusb.c.o
"C:\\Users\\jferb\\AppData\\Local\\Arduino15\\packages\\esp32\\tools\\esp-rv32\\2511/bin/riscv32-esp-elf-gcc" -MMD -c "@C:\\Users\\jferb\\AppData\\Local\\Arduino15\\packages\\esp32\\tools\\esp32c3-libs\\3.3.7/flags/c_flags" -w -Os -Werror=return-type -DF_CPU=160000000L -DARDUINO=10607 -DARDUINO_XIAO_ESP32C3 -DARDUINO_ARCH_ESP32 "-DARDUINO_BOARD=\"XIAO_ESP32C3\"" "-DARDUINO_VARIANT=\"XIAO_ESP32C3\"" -DARDUINO_PARTITION_default "-DARDUINO_HOST_OS=\"windows\"" "-DARDUINO_FQBN=\"esp32:esp32:XIAO_ESP32C3\"" -DESP32=ESP32 -DCORE_DEBUG_LEVEL=0 -DARDUINO_USB_MODE=1 -DARDUINO_USB_CDC_ON_BOOT=1 "@C:\\Users\\jferb\\AppData\\Local\\Arduino15\\packages\\esp32\\tools\\esp32c3-libs\\3.3.7/flags/defines" "-IG:\\My Drive\\esp32\\Controler html\\DefaultcatV2.6\\fcon1.1" -iprefix "C:\\Users\\jferb\\AppData\\Local\\Arduino15\\packages\\esp32\\tools\\esp32c3-libs\\3.3.7/include/" "@C:\\Users\\jferb\\AppData\\Local\\Arduino15\\packages\\esp32\\tools\\esp32c3-libs\\3.3.7/flags/includes" "-IC:\\Users\\jferb\\AppData\\Local\\Arduino15\\packages\\esp32\\tools\\esp32c3-libs\\3.3.7/qio_qspi/include" "-IC:\\Users\\jferb\\AppData\\Local\\Arduino15\\packages\\esp32\\hardware\\esp32\\3.3.7\\cores\\esp32" "-IC:\\Users\\jferb\\AppData\\Local\\Arduino15\\packages\\esp32\\hardware\\esp32\\3.3.7\\variants\\XIAO_ESP32C3" "@G:\\My Drive\\esp32\\Controler html\\DefaultcatV2.6\\fcon1.1\\build/build_opt.h" "@G:\\My Drive\\esp32\\Controler html\\DefaultcatV2.6\\fcon1.1\\build/file_opts" "C:\\Users\\jferb\\AppData\\Local\\Arduino15\\packages\\esp32\\hardware\\esp32\\3.3.7\\cores\\esp32\\esp32-hal-touch-ng.c" -o "G:\\My Drive\\esp32\\Controler html\\DefaultcatV2.6\\fcon1.1\\build\\core\\esp32-hal-touch-ng.c.o"
"C:\\Users\\jferb\\AppData\\Local\\Arduino15\\packages\\esp32\\tools\\esp-rv32\\2511/bin/riscv32-esp-elf-gcc" -MMD -c "@C:\\Users\\jferb\\AppData\\Local\\Arduino15\\packages\\esp32\\tools\\esp32c3-libs\\3.3.7/flags/c_flags" -w -Os -Werror=return-type -DF_CPU=160000000L -DARDUINO=10607 -DARDUINO_XIAO_ESP32C3 -DARDUINO_ARCH_ESP32 "-DARDUINO_BOARD=\"XIAO_ESP32C3\"" "-DARDUINO_VARIANT=\"XIAO_ESP32C3\"" -DARDUINO_PARTITION_default "-DARDUINO_HOST_OS=\"windows\"" "-DARDUINO_FQBN=\"esp32:esp32:XIAO_ESP32C3\"" -DESP32=ESP32 -DCORE_DEBUG_LEVEL=0 -DARDUINO_USB_MODE=1 -DARDUINO_USB_CDC_ON_BOOT=1 "@C:\\Users\\jferb\\AppData\\Local\\Arduino15\\packages\\esp32\\tools\\esp32c3-libs\\3.3.7/flags/defines" "-IG:\\My Drive\\esp32\\Controler html\\DefaultcatV2.6\\fcon1.1" -iprefix "C:\\Users\\jferb\\AppData\\Local\\Arduino15\\packages\\esp32\\tools\\esp32c3-libs\\3.3.7/include/" "@C:\\Users\\jferb\\AppData\\Local\\Arduino15\\packages\\esp32\\tools\\esp32c3-libs\\3.3.7/flags/includes" "-IC:\\Users\\jferb\\AppData\\Local\\Arduino15\\packages\\esp32\\tools\\esp32c3-libs\\3.3.7/qio_qspi/include" "-IC:\\Users\\jferb\\AppData\\Local\\Arduino15\\packages\\esp32\\hardware\\esp32\\3.3.7\\cores\\esp32" "-IC:\\Users\\jferb\\AppData\\Local\\Arduino15\\packages\\esp32\\hardware\\esp32\\3.3.7\\variants\\XIAO_ESP32C3" "@G:\\My Drive\\esp32\\Controler html\\DefaultcatV2.6\\fcon1.1\\build/build_opt.h" "@G:\\My Drive\\esp32\\Controler html\\DefaultcatV2.6\\fcon1.1\\build/file_opts" "C:\\Users\\jferb\\AppData\\Local\\Arduino15\\packages\\esp32\\hardware\\esp32\\3.3.7\\cores\\esp32\\esp32-hal-uart.c" -o "G:\\My Drive\\esp32\\Controler html\\DefaultcatV2.6\\fcon1.1\\build\\core\\esp32-hal-uart.c.o"
Using previously compiled file: G:\My Drive\esp32\Controler html\DefaultcatV2.6\fcon1.1\build\core\esp32-hal-touch.c.o
"C:\\Users\\jferb\\AppData\\Local\\Arduino15\\packages\\esp32\\tools\\esp-rv32\\2511/bin/riscv32-esp-elf-gcc" -MMD -c "@C:\\Users\\jferb\\AppData\\Local\\Arduino15\\packages\\esp32\\tools\\esp32c3-libs\\3.3.7/flags/c_flags" -w -Os -Werror=return-type -DF_CPU=160000000L -DARDUINO=10607 -DARDUINO_XIAO_ESP32C3 -DARDUINO_ARCH_ESP32 "-DARDUINO_BOARD=\"XIAO_ESP32C3\"" "-DARDUINO_VARIANT=\"XIAO_ESP32C3\"" -DARDUINO_PARTITION_default "-DARDUINO_HOST_OS=\"windows\"" "-DARDUINO_FQBN=\"esp32:esp32:XIAO_ESP32C3\"" -DESP32=ESP32 -DCORE_DEBUG_LEVEL=0 -DARDUINO_USB_MODE=1 -DARDUINO_USB_CDC_ON_BOOT=1 "@C:\\Users\\jferb\\AppData\\Local\\Arduino15\\packages\\esp32\\tools\\esp32c3-libs\\3.3.7/flags/defines" "-IG:\\My Drive\\esp32\\Controler html\\DefaultcatV2.6\\fcon1.1" -iprefix "C:\\Users\\jferb\\AppData\\Local\\Arduino15\\packages\\esp32\\tools\\esp32c3-libs\\3.3.7/include/" "@C:\\Users\\jferb\\AppData\\Local\\Arduino15\\packages\\esp32\\tools\\esp32c3-libs\\3.3.7/flags/includes" "-IC:\\Users\\jferb\\AppData\\Local\\Arduino15\\packages\\esp32\\tools\\esp32c3-libs\\3.3.7/qio_qspi/include" "-IC:\\Users\\jferb\\AppData\\Local\\Arduino15\\packages\\esp32\\hardware\\esp32\\3.3.7\\cores\\esp32" "-IC:\\Users\\jferb\\AppData\\Local\\Arduino15\\packages\\esp32\\hardware\\esp32\\3.3.7\\variants\\XIAO_ESP32C3" "@G:\\My Drive\\esp32\\Controler html\\DefaultcatV2.6\\fcon1.1\\build/build_opt.h" "@G:\\My Drive\\esp32\\Controler html\\DefaultcatV2.6\\fcon1.1\\build/file_opts" "C:\\Users\\jferb\\AppData\\Local\\Arduino15\\packages\\esp32\\hardware\\esp32\\3.3.7\\cores\\esp32\\firmware_msc_fat.c" -o "G:\\My Drive\\esp32\\Controler html\\DefaultcatV2.6\\fcon1.1\\build\\core\\firmware_msc_fat.c.o"
"C:\\Users\\jferb\\AppData\\Local\\Arduino15\\packages\\esp32\\tools\\esp-rv32\\2511/bin/riscv32-esp-elf-g++" -MMD -c "@C:\\Users\\jferb\\AppData\\Local\\Arduino15\\packages\\esp32\\tools\\esp32c3-libs\\3.3.7/flags/cpp_flags" -w -Os -Werror=return-type -DF_CPU=160000000L -DARDUINO=10607 -DARDUINO_XIAO_ESP32C3 -DARDUINO_ARCH_ESP32 "-DARDUINO_BOARD=\"XIAO_ESP32C3\"" "-DARDUINO_VARIANT=\"XIAO_ESP32C3\"" -DARDUINO_PARTITION_default "-DARDUINO_HOST_OS=\"windows\"" "-DARDUINO_FQBN=\"esp32:esp32:XIAO_ESP32C3\"" -DESP32=ESP32 -DCORE_DEBUG_LEVEL=0 -DARDUINO_USB_MODE=1 -DARDUINO_USB_CDC_ON_BOOT=1 "@C:\\Users\\jferb\\AppData\\Local\\Arduino15\\packages\\esp32\\tools\\esp32c3-libs\\3.3.7/flags/defines" "-IG:\\My Drive\\esp32\\Controler html\\DefaultcatV2.6\\fcon1.1" -iprefix "C:\\Users\\jferb\\AppData\\Local\\Arduino15\\packages\\esp32\\tools\\esp32c3-libs\\3.3.7/include/" "@C:\\Users\\jferb\\AppData\\Local\\Arduino15\\packages\\esp32\\tools\\esp32c3-libs\\3.3.7/flags/includes" "-IC:\\Users\\jferb\\AppData\\Local\\Arduino15\\packages\\esp32\\tools\\esp32c3-libs\\3.3.7/qio_qspi/include" "-IC:\\Users\\jferb\\AppData\\Local\\Arduino15\\packages\\esp32\\hardware\\esp32\\3.3.7\\cores\\esp32" "-IC:\\Users\\jferb\\AppData\\Local\\Arduino15\\packages\\esp32\\hardware\\esp32\\3.3.7\\variants\\XIAO_ESP32C3" "@G:\\My Drive\\esp32\\Controler html\\DefaultcatV2.6\\fcon1.1\\build/build_opt.h" "@G:\\My Drive\\esp32\\Controler html\\DefaultcatV2.6\\fcon1.1\\build/file_opts" "C:\\Users\\jferb\\AppData\\Local\\Arduino15\\packages\\esp32\\hardware\\esp32\\3.3.7\\cores\\esp32\\freertos_stats.cpp" -o "G:\\My Drive\\esp32\\Controler html\\DefaultcatV2.6\\fcon1.1\\build\\core\\freertos_stats.cpp.o"
Using previously compiled file: G:\My Drive\esp32\Controler html\DefaultcatV2.6\fcon1.1\build\core\idf_openthread_mpool_wrapper.c.o
"C:\\Users\\jferb\\AppData\\Local\\Arduino15\\packages\\esp32\\tools\\esp-rv32\\2511/bin/riscv32-esp-elf-gcc" -MMD -c "@C:\\Users\\jferb\\AppData\\Local\\Arduino15\\packages\\esp32\\tools\\esp32c3-libs\\3.3.7/flags/c_flags" -w -Os -Werror=return-type -DF_CPU=160000000L -DARDUINO=10607 -DARDUINO_XIAO_ESP32C3 -DARDUINO_ARCH_ESP32 "-DARDUINO_BOARD=\"XIAO_ESP32C3\"" "-DARDUINO_VARIANT=\"XIAO_ESP32C3\"" -DARDUINO_PARTITION_default "-DARDUINO_HOST_OS=\"windows\"" "-DARDUINO_FQBN=\"esp32:esp32:XIAO_ESP32C3\"" -DESP32=ESP32 -DCORE_DEBUG_LEVEL=0 -DARDUINO_USB_MODE=1 -DARDUINO_USB_CDC_ON_BOOT=1 "@C:\\Users\\jferb\\AppData\\Local\\Arduino15\\packages\\esp32\\tools\\esp32c3-libs\\3.3.7/flags/defines" "-IG:\\My Drive\\esp32\\Controler html\\DefaultcatV2.6\\fcon1.1" -iprefix "C:\\Users\\jferb\\AppData\\Local\\Arduino15\\packages\\esp32\\tools\\esp32c3-libs\\3.3.7/include/" "@C:\\Users\\jferb\\AppData\\Local\\Arduino15\\packages\\esp32\\tools\\esp32c3-libs\\3.3.7/flags/includes" "-IC:\\Users\\jferb\\AppData\\Local\\Arduino15\\packages\\esp32\\tools\\esp32c3-libs\\3.3.7/qio_qspi/include" "-IC:\\Users\\jferb\\AppData\\Local\\Arduino15\\packages\\esp32\\hardware\\esp32\\3.3.7\\cores\\esp32" "-IC:\\Users\\jferb\\AppData\\Local\\Arduino15\\packages\\esp32\\hardware\\esp32\\3.3.7\\variants\\XIAO_ESP32C3" "@G:\\My Drive\\esp32\\Controler html\\DefaultcatV2.6\\fcon1.1\\build/build_opt.h" "@G:\\My Drive\\esp32\\Controler html\\DefaultcatV2.6\\fcon1.1\\build/file_opts" "C:\\Users\\jferb\\AppData\\Local\\Arduino15\\packages\\esp32\\hardware\\esp32\\3.3.7\\cores\\esp32\\libb64\\cdecode.c" -o "G:\\My Drive\\esp32\\Controler html\\DefaultcatV2.6\\fcon1.1\\build\\core\\libb64\\cdecode.c.o"
"C:\\Users\\jferb\\AppData\\Local\\Arduino15\\packages\\esp32\\tools\\esp-rv32\\2511/bin/riscv32-esp-elf-g++" -MMD -c "@C:\\Users\\jferb\\AppData\\Local\\Arduino15\\packages\\esp32\\tools\\esp32c3-libs\\3.3.7/flags/cpp_flags" -w -Os -Werror=return-type -DF_CPU=160000000L -DARDUINO=10607 -DARDUINO_XIAO_ESP32C3 -DARDUINO_ARCH_ESP32 "-DARDUINO_BOARD=\"XIAO_ESP32C3\"" "-DARDUINO_VARIANT=\"XIAO_ESP32C3\"" -DARDUINO_PARTITION_default "-DARDUINO_HOST_OS=\"windows\"" "-DARDUINO_FQBN=\"esp32:esp32:XIAO_ESP32C3\"" -DESP32=ESP32 -DCORE_DEBUG_LEVEL=0 -DARDUINO_USB_MODE=1 -DARDUINO_USB_CDC_ON_BOOT=1 "@C:\\Users\\jferb\\AppData\\Local\\Arduino15\\packages\\esp32\\tools\\esp32c3-libs\\3.3.7/flags/defines" "-IG:\\My Drive\\esp32\\Controler html\\DefaultcatV2.6\\fcon1.1" -iprefix "C:\\Users\\jferb\\AppData\\Local\\Arduino15\\packages\\esp32\\tools\\esp32c3-libs\\3.3.7/include/" "@C:\\Users\\jferb\\AppData\\Local\\Arduino15\\packages\\esp32\\tools\\esp32c3-libs\\3.3.7/flags/includes" "-IC:\\Users\\jferb\\AppData\\Local\\Arduino15\\packages\\esp32\\tools\\esp32c3-libs\\3.3.7/qio_qspi/include" "-IC:\\Users\\jferb\\AppData\\Local\\Arduino15\\packages\\esp32\\hardware\\esp32\\3.3.7\\cores\\esp32" "-IC:\\Users\\jferb\\AppData\\Local\\Arduino15\\packages\\esp32\\hardware\\esp32\\3.3.7\\variants\\XIAO_ESP32C3" "@G:\\My Drive\\esp32\\Controler html\\DefaultcatV2.6\\fcon1.1\\build/build_opt.h" "@G:\\My Drive\\esp32\\Controler html\\DefaultcatV2.6\\fcon1.1\\build/file_opts" "C:\\Users\\jferb\\AppData\\Local\\Arduino15\\packages\\esp32\\hardware\\esp32\\3.3.7\\cores\\esp32\\main.cpp" -o "G:\\My Drive\\esp32\\Controler html\\DefaultcatV2.6\\fcon1.1\\build\\core\\main.cpp.o"
Using previously compiled file: G:\My Drive\esp32\Controler html\DefaultcatV2.6\fcon1.1\build\core\libb64\cencode.c.o
"C:\\Users\\jferb\\AppData\\Local\\Arduino15\\packages\\esp32\\tools\\esp-rv32\\2511/bin/riscv32-esp-elf-gcc" -MMD -c "@C:\\Users\\jferb\\AppData\\Local\\Arduino15\\packages\\esp32\\tools\\esp32c3-libs\\3.3.7/flags/c_flags" -w -Os -Werror=return-type -DF_CPU=160000000L -DARDUINO=10607 -DARDUINO_XIAO_ESP32C3 -DARDUINO_ARCH_ESP32 "-DARDUINO_BOARD=\"XIAO_ESP32C3\"" "-DARDUINO_VARIANT=\"XIAO_ESP32C3\"" -DARDUINO_PARTITION_default "-DARDUINO_HOST_OS=\"windows\"" "-DARDUINO_FQBN=\"esp32:esp32:XIAO_ESP32C3\"" -DESP32=ESP32 -DCORE_DEBUG_LEVEL=0 -DARDUINO_USB_MODE=1 -DARDUINO_USB_CDC_ON_BOOT=1 "@C:\\Users\\jferb\\AppData\\Local\\Arduino15\\packages\\esp32\\tools\\esp32c3-libs\\3.3.7/flags/defines" "-IG:\\My Drive\\esp32\\Controler html\\DefaultcatV2.6\\fcon1.1" -iprefix "C:\\Users\\jferb\\AppData\\Local\\Arduino15\\packages\\esp32\\tools\\esp32c3-libs\\3.3.7/include/" "@C:\\Users\\jferb\\AppData\\Local\\Arduino15\\packages\\esp32\\tools\\esp32c3-libs\\3.3.7/flags/includes" "-IC:\\Users\\jferb\\AppData\\Local\\Arduino15\\packages\\esp32\\tools\\esp32c3-libs\\3.3.7/qio_qspi/include" "-IC:\\Users\\jferb\\AppData\\Local\\Arduino15\\packages\\esp32\\hardware\\esp32\\3.3.7\\cores\\esp32" "-IC:\\Users\\jferb\\AppData\\Local\\Arduino15\\packages\\esp32\\hardware\\esp32\\3.3.7\\variants\\XIAO_ESP32C3" "@G:\\My Drive\\esp32\\Controler html\\DefaultcatV2.6\\fcon1.1\\build/build_opt.h" "@G:\\My Drive\\esp32\\Controler html\\DefaultcatV2.6\\fcon1.1\\build/file_opts" "C:\\Users\\jferb\\AppData\\Local\\Arduino15\\packages\\esp32\\hardware\\esp32\\3.3.7\\cores\\esp32\\stdlib_noniso.c" -o "G:\\My Drive\\esp32\\Controler html\\DefaultcatV2.6\\fcon1.1\\build\\core\\stdlib_noniso.c.o"
"C:\\Users\\jferb\\AppData\\Local\\Arduino15\\packages\\esp32\\tools\\esp-rv32\\2511/bin/riscv32-esp-elf-gcc" -MMD -c "@C:\\Users\\jferb\\AppData\\Local\\Arduino15\\packages\\esp32\\tools\\esp32c3-libs\\3.3.7/flags/c_flags" -w -Os -Werror=return-type -DF_CPU=160000000L -DARDUINO=10607 -DARDUINO_XIAO_ESP32C3 -DARDUINO_ARCH_ESP32 "-DARDUINO_BOARD=\"XIAO_ESP32C3\"" "-DARDUINO_VARIANT=\"XIAO_ESP32C3\"" -DARDUINO_PARTITION_default "-DARDUINO_HOST_OS=\"windows\"" "-DARDUINO_FQBN=\"esp32:esp32:XIAO_ESP32C3\"" -DESP32=ESP32 -DCORE_DEBUG_LEVEL=0 -DARDUINO_USB_MODE=1 -DARDUINO_USB_CDC_ON_BOOT=1 "@C:\\Users\\jferb\\AppData\\Local\\Arduino15\\packages\\esp32\\tools\\esp32c3-libs\\3.3.7/flags/defines" "-IG:\\My Drive\\esp32\\Controler html\\DefaultcatV2.6\\fcon1.1" -iprefix "C:\\Users\\jferb\\AppData\\Local\\Arduino15\\packages\\esp32\\tools\\esp32c3-libs\\3.3.7/include/" "@C:\\Users\\jferb\\AppData\\Local\\Arduino15\\packages\\esp32\\tools\\esp32c3-libs\\3.3.7/flags/includes" "-IC:\\Users\\jferb\\AppData\\Local\\Arduino15\\packages\\esp32\\tools\\esp32c3-libs\\3.3.7/qio_qspi/include" "-IC:\\Users\\jferb\\AppData\\Local\\Arduino15\\packages\\esp32\\hardware\\esp32\\3.3.7\\cores\\esp32" "-IC:\\Users\\jferb\\AppData\\Local\\Arduino15\\packages\\esp32\\hardware\\esp32\\3.3.7\\variants\\XIAO_ESP32C3" "@G:\\My Drive\\esp32\\Controler html\\DefaultcatV2.6\\fcon1.1\\build/build_opt.h" "@G:\\My Drive\\esp32\\Controler html\\DefaultcatV2.6\\fcon1.1\\build/file_opts" "C:\\Users\\jferb\\AppData\\Local\\Arduino15\\packages\\esp32\\hardware\\esp32\\3.3.7\\cores\\esp32\\wiring_pulse.c" -o "G:\\My Drive\\esp32\\Controler html\\DefaultcatV2.6\\fcon1.1\\build\\core\\wiring_pulse.c.o"
"C:\\Users\\jferb\\AppData\\Local\\Arduino15\\packages\\esp32\\tools\\esp-rv32\\2511/bin/riscv32-esp-elf-gcc" -MMD -c "@C:\\Users\\jferb\\AppData\\Local\\Arduino15\\packages\\esp32\\tools\\esp32c3-libs\\3.3.7/flags/c_flags" -w -Os -Werror=return-type -DF_CPU=160000000L -DARDUINO=10607 -DARDUINO_XIAO_ESP32C3 -DARDUINO_ARCH_ESP32 "-DARDUINO_BOARD=\"XIAO_ESP32C3\"" "-DARDUINO_VARIANT=\"XIAO_ESP32C3\"" -DARDUINO_PARTITION_default "-DARDUINO_HOST_OS=\"windows\"" "-DARDUINO_FQBN=\"esp32:esp32:XIAO_ESP32C3\"" -DESP32=ESP32 -DCORE_DEBUG_LEVEL=0 -DARDUINO_USB_MODE=1 -DARDUINO_USB_CDC_ON_BOOT=1 "@C:\\Users\\jferb\\AppData\\Local\\Arduino15\\packages\\esp32\\tools\\esp32c3-libs\\3.3.7/flags/defines" "-IG:\\My Drive\\esp32\\Controler html\\DefaultcatV2.6\\fcon1.1" -iprefix "C:\\Users\\jferb\\AppData\\Local\\Arduino15\\packages\\esp32\\tools\\esp32c3-libs\\3.3.7/include/" "@C:\\Users\\jferb\\AppData\\Local\\Arduino15\\packages\\esp32\\tools\\esp32c3-libs\\3.3.7/flags/includes" "-IC:\\Users\\jferb\\AppData\\Local\\Arduino15\\packages\\esp32\\tools\\esp32c3-libs\\3.3.7/qio_qspi/include" "-IC:\\Users\\jferb\\AppData\\Local\\Arduino15\\packages\\esp32\\hardware\\esp32\\3.3.7\\cores\\esp32" "-IC:\\Users\\jferb\\AppData\\Local\\Arduino15\\packages\\esp32\\hardware\\esp32\\3.3.7\\variants\\XIAO_ESP32C3" "@G:\\My Drive\\esp32\\Controler html\\DefaultcatV2.6\\fcon1.1\\build/build_opt.h" "@G:\\My Drive\\esp32\\Controler html\\DefaultcatV2.6\\fcon1.1\\build/file_opts" "C:\\Users\\jferb\\AppData\\Local\\Arduino15\\packages\\esp32\\hardware\\esp32\\3.3.7\\cores\\esp32\\wiring_shift.c" -o "G:\\My Drive\\esp32\\Controler html\\DefaultcatV2.6\\fcon1.1\\build\\core\\wiring_shift.c.o"
Using library BLE at version 3.3.7 in folder: C:\Users\jferb\AppData\Local\Arduino15\packages\esp32\hardware\esp32\3.3.7\libraries\BLE 
Using library Preferences at version 3.3.7 in folder: C:\Users\jferb\AppData\Local\Arduino15\packages\esp32\hardware\esp32\3.3.7\libraries\Preferences 

[92mUsed library[0m [92mVersion[0m [90mPath[0m
[93mBLE[0m          3.3.7   [90mC:\Users\jferb\AppData\Local\Arduino15\packages\esp32\hardware\esp32\3.3.7\libraries\BLE[0m
[93mPreferences[0m  3.3.7   [90mC:\Users\jferb\AppData\Local\Arduino15\packages\esp32\hardware\esp32\3.3.7\libraries\Preferences[0m

[92mUsed platform[0m [92mVersion[0m [90mPath[0m
[93mesp32:esp32[0m   3.3.7   [90mC:\Users\jferb\AppData\Local\Arduino15\packages\esp32\hardware\esp32\3.3.7[0m
arduino-cli.exe : Error during build: remove G:\My Drive\esp32\Controler 
html\DefaultcatV2.6\fcon1.1\build\core\core.a: The process cannot access the 
file because it is being used by another process.
At line:1 char:135
+ ... g -Force }; & $cli compile --verbose --fqbn esp32:esp32:XIAO_ESP32C3  ...
+                 ~~~~~~~~~~~~~~~~~~~~~~~~~~~~~~~~~~~~~~~~~~~~~~~~~~~~~~~~~
    + CategoryInfo          : NotSpecified: (Error during bu...nother process. 
   :String) [], RemoteException
    + FullyQualifiedErrorId : NativeCommandError
 
